
===========================================================================
 report_power
============================================================================
======================= Fastest Corner ===================================

Group                  Internal  Switching    Leakage      Total
                          Power      Power      Power      Power (Watts)
----------------------------------------------------------------
Sequential             8.23e-05   6.93e-05   1.53e-09   1.52e-04  80.6%
Combinational          1.35e-05   2.29e-05   7.73e-09   3.64e-05  19.4%
Macro                  0.00e+00   0.00e+00   0.00e+00   0.00e+00   0.0%
Pad                    0.00e+00   0.00e+00   0.00e+00   0.00e+00   0.0%
----------------------------------------------------------------
Total                  9.58e-05   9.22e-05   9.26e-09   1.88e-04 100.0%
                          51.0%      49.0%       0.0%

======================= Slowest Corner ===================================

Group                  Internal  Switching    Leakage      Total
                          Power      Power      Power      Power (Watts)
----------------------------------------------------------------
Sequential             5.84e-05   4.51e-05   1.54e-06   1.05e-04  78.5%
Combinational          1.01e-05   1.48e-05   3.73e-06   2.87e-05  21.5%
Macro                  0.00e+00   0.00e+00   0.00e+00   0.00e+00   0.0%
Pad                    0.00e+00   0.00e+00   0.00e+00   0.00e+00   0.0%
----------------------------------------------------------------
Total                  6.85e-05   5.99e-05   5.27e-06   1.34e-04 100.0%
                          51.3%      44.8%       3.9%

======================= Typical Corner ===================================

Group                  Internal  Switching    Leakage      Total
                          Power      Power      Power      Power (Watts)
----------------------------------------------------------------
Sequential             7.23e-05   5.79e-05   8.86e-10   1.30e-04  80.5%
Combinational          1.23e-05   1.92e-05   5.50e-09   3.15e-05  19.5%
Macro                  0.00e+00   0.00e+00   0.00e+00   0.00e+00   0.0%
Pad                    0.00e+00   0.00e+00   0.00e+00   0.00e+00   0.0%
----------------------------------------------------------------
Total                  8.46e-05   7.71e-05   6.38e-09   1.62e-04 100.0%
                          52.3%      47.7%       0.0%

