
===========================================================================
 report_power
============================================================================
======================= Fastest Corner ===================================

Group                  Internal  Switching    Leakage      Total
                          Power      Power      Power      Power (Watts)
----------------------------------------------------------------
Sequential             8.23e-05   6.74e-05   1.53e-09   1.50e-04  80.9%
Combinational          1.35e-05   2.20e-05   7.73e-09   3.55e-05  19.1%
Macro                  0.00e+00   0.00e+00   0.00e+00   0.00e+00   0.0%
Pad                    0.00e+00   0.00e+00   0.00e+00   0.00e+00   0.0%
----------------------------------------------------------------
Total                  9.58e-05   8.94e-05   9.26e-09   1.85e-04 100.0%
                          51.7%      48.3%       0.0%

======================= Slowest Corner ===================================

Group                  Internal  Switching    Leakage      Total
                          Power      Power      Power      Power (Watts)
----------------------------------------------------------------
Sequential             5.84e-05   4.38e-05   1.54e-06   1.04e-04  78.7%
Combinational          1.01e-05   1.42e-05   3.73e-06   2.81e-05  21.3%
Macro                  0.00e+00   0.00e+00   0.00e+00   0.00e+00   0.0%
Pad                    0.00e+00   0.00e+00   0.00e+00   0.00e+00   0.0%
----------------------------------------------------------------
Total                  6.86e-05   5.80e-05   5.27e-06   1.32e-04 100.0%
                          52.0%      44.0%       4.0%

======================= Typical Corner ===================================

Group                  Internal  Switching    Leakage      Total
                          Power      Power      Power      Power (Watts)
----------------------------------------------------------------
Sequential             7.24e-05   5.64e-05   8.86e-10   1.29e-04  80.8%
Combinational          1.23e-05   1.84e-05   5.50e-09   3.07e-05  19.2%
Macro                  0.00e+00   0.00e+00   0.00e+00   0.00e+00   0.0%
Pad                    0.00e+00   0.00e+00   0.00e+00   0.00e+00   0.0%
----------------------------------------------------------------
Total                  8.46e-05   7.48e-05   6.38e-09   1.59e-04 100.0%
                          53.1%      46.9%       0.0%

