
===========================================================================
report_checks -path_delay min (Hold)
============================================================================
======================= Fastest Corner ===================================

Startpoint: sys_clk_i (input port clocked by clk)
Endpoint: xvclk_o (output port clocked by clk)
Path Group: clk
Path Type: min
Corner: Fastest

Fanout     Cap    Slew   Delay    Time   Description
-----------------------------------------------------------------------------
                  0.00    0.00    0.00   clock clk (rise edge)
                          0.00    0.00   clock network delay (ideal)
                          2.00    2.00 v input external delay
                  0.00    0.00    2.00 v sys_clk_i (in)
     1    0.00                           sys_clk_i (net)
                  0.00    0.00    2.00 v input1/A (sky130_fd_sc_hd__buf_2)
                  0.08    0.12    2.12 v input1/X (sky130_fd_sc_hd__buf_2)
     4    0.05                           net1 (net)
                  0.08    0.00    2.12 v fanout26/A (sky130_fd_sc_hd__buf_1)
                  0.07    0.11    2.23 v fanout26/X (sky130_fd_sc_hd__buf_1)
     5    0.02                           net26 (net)
                  0.07    0.00    2.24 v fanout25/A (sky130_fd_sc_hd__clkbuf_2)
                  0.08    0.12    2.36 v fanout25/X (sky130_fd_sc_hd__clkbuf_2)
     7    0.03                           net25 (net)
                  0.08    0.00    2.36 v _1910_/A (sky130_fd_sc_hd__clkbuf_1)
                  0.02    0.07    2.43 v _1910_/X (sky130_fd_sc_hd__clkbuf_1)
     1    0.00                           net6 (net)
                  0.02    0.00    2.43 v output6/A (sky130_fd_sc_hd__clkbuf_4)
                  0.06    0.11    2.54 v output6/X (sky130_fd_sc_hd__clkbuf_4)
     1    0.03                           xvclk_o (net)
                  0.06    0.00    2.54 v xvclk_o (out)
                                  2.54   data arrival time

                  0.00    0.00    0.00   clock clk (rise edge)
                          0.00    0.00   clock network delay (ideal)
                          0.25    0.25   clock uncertainty
                          0.00    0.25   clock reconvergence pessimism
                         -2.00   -1.75   output external delay
                                 -1.75   data required time
-----------------------------------------------------------------------------
                                 -1.75   data required time
                                 -2.54   data arrival time
-----------------------------------------------------------------------------
                                  4.29   slack (MET)



======================= Slowest Corner ===================================

Startpoint: sys_clk_i (input port clocked by clk)
Endpoint: xvclk_o (output port clocked by clk)
Path Group: clk
Path Type: min
Corner: Slowest

Fanout     Cap    Slew   Delay    Time   Description
-----------------------------------------------------------------------------
                  0.00    0.00    0.00   clock clk (rise edge)
                          0.00    0.00   clock network delay (ideal)
                          2.00    2.00 v input external delay
                  0.02    0.01    2.01 v sys_clk_i (in)
     1    0.00                           sys_clk_i (net)
                  0.02    0.00    2.01 v input1/A (sky130_fd_sc_hd__buf_2)
                  0.23    0.35    2.36 v input1/X (sky130_fd_sc_hd__buf_2)
     4    0.05                           net1 (net)
                  0.23    0.00    2.36 v fanout26/A (sky130_fd_sc_hd__buf_1)
                  0.18    0.32    2.68 v fanout26/X (sky130_fd_sc_hd__buf_1)
     5    0.02                           net26 (net)
                  0.18    0.00    2.68 v fanout25/A (sky130_fd_sc_hd__clkbuf_2)
                  0.19    0.34    3.02 v fanout25/X (sky130_fd_sc_hd__clkbuf_2)
     7    0.03                           net25 (net)
                  0.19    0.00    3.02 v _1910_/A (sky130_fd_sc_hd__clkbuf_1)
                  0.05    0.20    3.23 v _1910_/X (sky130_fd_sc_hd__clkbuf_1)
     1    0.00                           net6 (net)
                  0.05    0.00    3.23 v output6/A (sky130_fd_sc_hd__clkbuf_4)
                  0.14    0.30    3.52 v output6/X (sky130_fd_sc_hd__clkbuf_4)
     1    0.03                           xvclk_o (net)
                  0.14    0.00    3.52 v xvclk_o (out)
                                  3.52   data arrival time

                  0.00    0.00    0.00   clock clk (rise edge)
                          0.00    0.00   clock network delay (ideal)
                          0.25    0.25   clock uncertainty
                          0.00    0.25   clock reconvergence pessimism
                         -2.00   -1.75   output external delay
                                 -1.75   data required time
-----------------------------------------------------------------------------
                                 -1.75   data required time
                                 -3.52   data arrival time
-----------------------------------------------------------------------------
                                  5.27   slack (MET)



======================= Typical Corner ===================================

Startpoint: sys_clk_i (input port clocked by clk)
Endpoint: xvclk_o (output port clocked by clk)
Path Group: clk
Path Type: min
Corner: Typical

Fanout     Cap    Slew   Delay    Time   Description
-----------------------------------------------------------------------------
                  0.00    0.00    0.00   clock clk (rise edge)
                          0.00    0.00   clock network delay (ideal)
                          2.00    2.00 v input external delay
                  0.01    0.00    2.00 v sys_clk_i (in)
     1    0.00                           sys_clk_i (net)
                  0.01    0.00    2.00 v input1/A (sky130_fd_sc_hd__buf_2)
                  0.12    0.18    2.18 v input1/X (sky130_fd_sc_hd__buf_2)
     4    0.05                           net1 (net)
                  0.12    0.00    2.19 v fanout26/A (sky130_fd_sc_hd__buf_1)
                  0.10    0.17    2.35 v fanout26/X (sky130_fd_sc_hd__buf_1)
     5    0.02                           net26 (net)
                  0.10    0.00    2.35 v fanout25/A (sky130_fd_sc_hd__clkbuf_2)
                  0.11    0.18    2.54 v fanout25/X (sky130_fd_sc_hd__clkbuf_2)
     7    0.03                           net25 (net)
                  0.11    0.00    2.54 v _1910_/A (sky130_fd_sc_hd__clkbuf_1)
                  0.02    0.11    2.65 v _1910_/X (sky130_fd_sc_hd__clkbuf_1)
     1    0.00                           net6 (net)
                  0.02    0.00    2.65 v output6/A (sky130_fd_sc_hd__clkbuf_4)
                  0.08    0.16    2.81 v output6/X (sky130_fd_sc_hd__clkbuf_4)
     1    0.03                           xvclk_o (net)
                  0.08    0.00    2.81 v xvclk_o (out)
                                  2.81   data arrival time

                  0.00    0.00    0.00   clock clk (rise edge)
                          0.00    0.00   clock network delay (ideal)
                          0.25    0.25   clock uncertainty
                          0.00    0.25   clock reconvergence pessimism
                         -2.00   -1.75   output external delay
                                 -1.75   data required time
-----------------------------------------------------------------------------
                                 -1.75   data required time
                                 -2.81   data arrival time
-----------------------------------------------------------------------------
                                  4.56   slack (MET)



