Instance name,  X location,  Y location,  Voltage 
_0975_, 144.06, 157.76, 7.14766e-05
FILLER_0_53_293, 144.06, 157.76, 7.14766e-05
FILLER_0_54_297, 144.06, 157.76, 7.14766e-05
FILLER_0_54_305, 144.06, 157.76, 7.14766e-05
FILLER_0_55_305, 144.06, 157.76, 7.14766e-05
_1040_, 144.06, 152.32, 7.27534e-05
_1816_, 144.06, 152.32, 7.27534e-05
_1005_, 144.06, 146.88, 7.32853e-05
_1039_, 144.06, 146.88, 7.32853e-05
_1044_, 144.06, 146.88, 7.32853e-05
FILLER_0_50_303, 144.06, 146.88, 7.32853e-05
FILLER_0_50_309, 144.06, 146.88, 7.32853e-05
_1806_, 144.06, 141.44, 6.97497e-05
_0953_, 144.06, 136, 6.88895e-05
_1796_, 144.06, 136, 6.88895e-05
FILLER_0_46_298, 144.06, 136, 6.88895e-05
FILLER_0_46_309, 144.06, 136, 6.88895e-05
FILLER_0_47_302, 144.06, 136, 6.88895e-05
_0968_, 144.06, 130.56, 6.79523e-05
_0969_, 144.06, 130.56, 6.79523e-05
_1045_, 144.06, 130.56, 6.79523e-05
FILLER_0_43_289, 144.06, 130.56, 6.79523e-05
FILLER_0_44_293, 144.06, 130.56, 6.79523e-05
_0966_, 144.06, 125.12, 6.97309e-05
_1821_, 144.06, 125.12, 6.97309e-05
fanout30, 144.06, 125.12, 6.97309e-05
FILLER_0_41_291, 144.06, 125.12, 6.97309e-05
FILLER_0_42_291, 144.06, 125.12, 6.97309e-05
FILLER_0_42_298, 144.06, 125.12, 6.97309e-05
_0963_, 144.06, 119.68, 6.53247e-05
_1046_, 144.06, 119.68, 6.53247e-05
FILLER_0_39_297, 144.06, 119.68, 6.53247e-05
FILLER_0_40_288, 144.06, 119.68, 6.53247e-05
FILLER_0_40_303, 144.06, 119.68, 6.53247e-05
_0960_, 144.06, 114.24, 6.50738e-05
_0961_, 144.06, 114.24, 6.50738e-05
_0962_, 144.06, 114.24, 6.50738e-05
_0995_, 144.06, 114.24, 6.50738e-05
_0996_, 144.06, 114.24, 6.50738e-05
FILLER_0_37_298, 144.06, 114.24, 6.50738e-05
FILLER_0_38_293, 144.06, 114.24, 6.50738e-05
_0994_, 144.06, 108.8, 6.47584e-05
_1795_, 144.06, 108.8, 6.47584e-05
_1803_, 144.06, 108.8, 6.47584e-05
FILLER_0_35_299, 144.06, 108.8, 6.47584e-05
_0991_, 144.06, 103.36, 6.43599e-05
_0993_, 144.06, 103.36, 6.43599e-05
_1879_, 144.06, 103.36, 6.43599e-05
FILLER_0_33_289, 144.06, 103.36, 6.43599e-05
FILLER_0_34_302, 144.06, 103.36, 6.43599e-05
_0989_, 144.06, 97.92, 6.46613e-05
_0990_, 144.06, 97.92, 6.46613e-05
_0992_, 144.06, 97.92, 6.46613e-05
_1802_, 144.06, 97.92, 6.46613e-05
FILLER_0_32_289, 144.06, 97.92, 6.46613e-05
FILLER_0_32_303, 144.06, 97.92, 6.46613e-05
_0971_, 144.06, 92.48, 6.54069e-05
_0985_, 144.06, 92.48, 6.54069e-05
FILLER_0_29_290, 144.06, 92.48, 6.54069e-05
FILLER_0_30_299, 144.06, 92.48, 6.54069e-05
_0972_, 144.06, 87.04, 6.47504e-05
_0981_, 144.06, 87.04, 6.47504e-05
_0984_, 144.06, 87.04, 6.47504e-05
FILLER_0_27_297, 144.06, 87.04, 6.47504e-05
FILLER_0_28_299, 144.06, 87.04, 6.47504e-05
FILLER_0_29_302, 144.06, 87.04, 6.47504e-05
_0937_, 144.06, 81.6, 6.40249e-05
_0976_, 144.06, 81.6, 6.40249e-05
_0977_, 144.06, 81.6, 6.40249e-05
FILLER_0_25_293, 144.06, 81.6, 6.40249e-05
FILLER_0_26_299, 144.06, 81.6, 6.40249e-05
FILLER_0_26_309, 144.06, 81.6, 6.40249e-05
_0903_, 144.06, 76.16, 7.33884e-05
_0936_, 144.06, 76.16, 7.33884e-05
_0980_, 144.06, 76.16, 7.33884e-05
_1792_, 144.06, 76.16, 7.33884e-05
FILLER_0_24_292, 144.06, 76.16, 7.33884e-05
FILLER_0_24_302, 144.06, 76.16, 7.33884e-05
_0895_, 144.06, 70.72, 6.54598e-05
_1048_, 144.06, 70.72, 6.54598e-05
FILLER_0_22_292, 144.06, 70.72, 6.54598e-05
FILLER_0_22_300, 144.06, 70.72, 6.54598e-05
FILLER_0_23_309, 144.06, 70.72, 6.54598e-05
_0898_, 144.06, 65.28, 8.42038e-05
_1056_, 144.06, 65.28, 8.42038e-05
_1057_, 144.06, 65.28, 8.42038e-05
_1058_, 144.06, 65.28, 8.42038e-05
_1059_, 144.06, 65.28, 8.42038e-05
FILLER_0_19_294, 144.06, 65.28, 8.42038e-05
_1055_, 144.06, 59.84, 7.95757e-05
_1827_, 144.06, 59.84, 7.95757e-05
FILLER_0_18_301, 144.06, 59.84, 7.95757e-05
FILLER_0_18_309, 144.06, 59.84, 7.95757e-05
_1064_, 144.06, 54.4, 8.54495e-05
_1066_, 144.06, 54.4, 8.54495e-05
_1067_, 144.06, 54.4, 8.54495e-05
_1068_, 144.06, 54.4, 8.54495e-05
FILLER_0_15_293, 144.06, 54.4, 8.54495e-05
FILLER_0_16_304, 144.06, 54.4, 8.54495e-05
FILLER_0_17_304, 144.06, 54.4, 8.54495e-05
_0896_, 144.06, 48.96, 8.75556e-05
_1069_, 144.06, 48.96, 8.75556e-05
_1070_, 144.06, 48.96, 8.75556e-05
FILLER_0_13_298, 144.06, 48.96, 8.75556e-05
FILLER_0_14_288, 144.06, 48.96, 8.75556e-05
FILLER_0_14_301, 144.06, 48.96, 8.75556e-05
FILLER_0_15_302, 144.06, 48.96, 8.75556e-05
_1065_, 144.06, 43.52, 8.38735e-05
_1071_, 144.06, 43.52, 8.38735e-05
FILLER_0_11_297, 144.06, 43.52, 8.38735e-05
FILLER_0_12_301, 144.06, 43.52, 8.38735e-05
_0897_, 144.06, 38.08, 0.000100106
_1076_, 144.06, 38.08, 0.000100106
_1080_, 144.06, 38.08, 0.000100106
_1091_, 144.06, 38.08, 0.000100106
_1092_, 144.06, 38.08, 0.000100106
FILLER_0_9_288, 144.06, 38.08, 0.000100106
FILLER_0_10_298, 144.06, 38.08, 0.000100106
_1089_, 144.06, 32.64, 8.14079e-05
_1090_, 144.06, 32.64, 8.14079e-05
FILLER_0_7_297, 144.06, 32.64, 8.14079e-05
FILLER_0_8_296, 144.06, 32.64, 8.14079e-05
FILLER_0_8_309, 144.06, 32.64, 8.14079e-05
_0930_, 144.06, 27.2, 9.89082e-05
_0935_, 144.06, 27.2, 9.89082e-05
_1081_, 144.06, 27.2, 9.89082e-05
_1084_, 144.06, 27.2, 9.89082e-05
_1085_, 144.06, 27.2, 9.89082e-05
FILLER_0_5_300, 144.06, 27.2, 9.89082e-05
FILLER_0_6_298, 144.06, 27.2, 9.89082e-05
_0901_, 144.06, 21.76, 9.46104e-05
_0902_, 144.06, 21.76, 9.46104e-05
_1088_, 144.06, 21.76, 9.46104e-05
_1238_, 144.06, 21.76, 9.46104e-05
_1239_, 144.06, 21.76, 9.46104e-05
FILLER_0_4_309, 144.06, 21.76, 9.46104e-05
FILLER_0_5_309, 144.06, 21.76, 9.46104e-05
_1235_, 144.06, 16.32, 0.000109193
_1236_, 144.06, 16.32, 0.000109193
_1237_, 144.06, 16.32, 0.000109193
_1842_, 144.06, 16.32, 0.000109193
FILLER_0_2_297, 144.06, 16.32, 0.000109193
FILLER_0_2_305, 144.06, 16.32, 0.000109193
_1878_, 144.06, 10.88, 9.06006e-05
output3, 144.06, 10.88, 9.06006e-05
FILLER_0_0_305, 144.06, 10.88, 9.06006e-05
_1016_, 105.42, 157.76, 7.12612e-05
_1024_, 105.42, 157.76, 7.12612e-05
_1809_, 105.42, 157.76, 7.12612e-05
FILLER_0_53_211, 105.42, 157.76, 7.12612e-05
FILLER_0_55_221, 105.42, 157.76, 7.12612e-05
_1015_, 105.42, 152.32, 7.08721e-05
_1017_, 105.42, 152.32, 7.08721e-05
_1028_, 105.42, 152.32, 7.08721e-05
_1029_, 105.42, 152.32, 7.08721e-05
FILLER_0_51_214, 105.42, 152.32, 7.08721e-05
_1026_, 105.42, 146.88, 7.03943e-05
_1032_, 105.42, 146.88, 7.03943e-05
_1812_, 105.42, 146.88, 7.03943e-05
FILLER_0_49_215, 105.42, 146.88, 7.03943e-05
FILLER_0_51_225, 105.42, 146.88, 7.03943e-05
_1731_, 105.42, 141.44, 6.77174e-05
_1891_, 105.42, 141.44, 6.77174e-05
FILLER_0_48_205, 105.42, 141.44, 6.77174e-05
FILLER_0_49_225, 105.42, 141.44, 6.77174e-05
_1775_, 105.42, 136, 6.66065e-05
_1791_, 105.42, 136, 6.66065e-05
_1896_, 105.42, 136, 6.66065e-05
FILLER_0_45_214, 105.42, 136, 6.66065e-05
FILLER_0_46_214, 105.42, 136, 6.66065e-05
_1771_, 105.42, 130.56, 6.51214e-05
_1785_, 105.42, 130.56, 6.51214e-05
_1895_, 105.42, 130.56, 6.51214e-05
FILLER_0_43_205, 105.42, 130.56, 6.51214e-05
FILLER_0_43_215, 105.42, 130.56, 6.51214e-05
FILLER_0_44_227, 105.42, 130.56, 6.51214e-05
FILLER_0_45_225, 105.42, 130.56, 6.51214e-05
_1693_, 105.42, 125.12, 6.5597e-05
_1730_, 105.42, 125.12, 6.5597e-05
_1758_, 105.42, 125.12, 6.5597e-05
_1780_, 105.42, 125.12, 6.5597e-05
FILLER_0_41_213, 105.42, 125.12, 6.5597e-05
FILLER_0_42_205, 105.42, 125.12, 6.5597e-05
FILLER_0_42_219, 105.42, 125.12, 6.5597e-05
FILLER_0_43_225, 105.42, 125.12, 6.5597e-05
_1660_, 105.42, 119.68, 6.19042e-05
_1722_, 105.42, 119.68, 6.19042e-05
_1725_, 105.42, 119.68, 6.19042e-05
_1755_, 105.42, 119.68, 6.19042e-05
FILLER_0_39_204, 105.42, 119.68, 6.19042e-05
FILLER_0_39_212, 105.42, 119.68, 6.19042e-05
FILLER_0_40_209, 105.42, 119.68, 6.19042e-05
FILLER_0_40_221, 105.42, 119.68, 6.19042e-05
FILLER_0_41_221, 105.42, 119.68, 6.19042e-05
_1469_, 105.42, 114.24, 6.09077e-05
_1721_, 105.42, 114.24, 6.09077e-05
_1774_, 105.42, 114.24, 6.09077e-05
FILLER_0_37_214, 105.42, 114.24, 6.09077e-05
FILLER_0_38_217, 105.42, 114.24, 6.09077e-05
_1649_, 105.42, 108.8, 5.94716e-05
_1727_, 105.42, 108.8, 5.94716e-05
_1728_, 105.42, 108.8, 5.94716e-05
_1773_, 105.42, 108.8, 5.94716e-05
_1777_, 105.42, 108.8, 5.94716e-05
_1778_, 105.42, 108.8, 5.94716e-05
FILLER_0_35_214, 105.42, 108.8, 5.94716e-05
FILLER_0_36_220, 105.42, 108.8, 5.94716e-05
FILLER_0_37_225, 105.42, 108.8, 5.94716e-05
_1648_, 105.42, 103.36, 5.82288e-05
_1772_, 105.42, 103.36, 5.82288e-05
FILLER_0_34_211, 105.42, 103.36, 5.82288e-05
_1690_, 105.42, 97.92, 5.69425e-05
ANTENNA_1, 105.42, 97.92, 5.69425e-05
FILLER_0_31_215, 105.42, 97.92, 5.69425e-05
FILLER_0_32_214, 105.42, 97.92, 5.69425e-05
FILLER_0_33_225, 105.42, 97.92, 5.69425e-05
_1477_, 105.42, 92.48, 5.62499e-05
_1691_, 105.42, 92.48, 5.62499e-05
FILLER_0_30_226, 105.42, 92.48, 5.62499e-05
_1479_, 105.42, 87.04, 5.46925e-05
_1692_, 105.42, 87.04, 5.46925e-05
FILLER_0_29_219, 105.42, 87.04, 5.46925e-05
FILLER_0_29_230, 105.42, 87.04, 5.46925e-05
_1482_, 105.42, 81.6, 5.27374e-05
_1514_, 105.42, 81.6, 5.27374e-05
_1571_, 105.42, 81.6, 5.27374e-05
_1572_, 105.42, 81.6, 5.27374e-05
FILLER_0_26_212, 105.42, 81.6, 5.27374e-05
FILLER_0_26_231, 105.42, 81.6, 5.27374e-05
FILLER_0_27_219, 105.42, 81.6, 5.27374e-05
_1384_, 105.42, 76.16, 5.2884e-05
_1480_, 105.42, 76.16, 5.2884e-05
_1512_, 105.42, 76.16, 5.2884e-05
ANTENNA_2, 105.42, 76.16, 5.2884e-05
FILLER_0_23_215, 105.42, 76.16, 5.2884e-05
FILLER_0_24_216, 105.42, 76.16, 5.2884e-05
FILLER_0_24_229, 105.42, 76.16, 5.2884e-05
_1478_, 105.42, 70.72, 5.05043e-05
_1614_, 105.42, 70.72, 5.05043e-05
FILLER_0_21_212, 105.42, 70.72, 5.05043e-05
FILLER_0_23_225, 105.42, 70.72, 5.05043e-05
_1463_, 105.42, 65.28, 5.93454e-05
_1523_, 105.42, 65.28, 5.93454e-05
_1560_, 105.42, 65.28, 5.93454e-05
_1613_, 105.42, 65.28, 5.93454e-05
_1684_, 105.42, 65.28, 5.93454e-05
FILLER_0_20_213, 105.42, 65.28, 5.93454e-05
_1465_, 105.42, 59.84, 5.92103e-05
FILLER_0_18_213, 105.42, 59.84, 5.92103e-05
FILLER_0_19_220, 105.42, 59.84, 5.92103e-05
_1470_, 105.42, 54.4, 6.34069e-05
_1475_, 105.42, 54.4, 6.34069e-05
_1520_, 105.42, 54.4, 6.34069e-05
_1530_, 105.42, 54.4, 6.34069e-05
FILLER_0_15_213, 105.42, 54.4, 6.34069e-05
FILLER_0_16_210, 105.42, 54.4, 6.34069e-05
FILLER_0_17_218, 105.42, 54.4, 6.34069e-05
FILLER_0_17_231, 105.42, 54.4, 6.34069e-05
_1370_, 105.42, 48.96, 6.63507e-05
_1532_, 105.42, 48.96, 6.63507e-05
_1535_, 105.42, 48.96, 6.63507e-05
FILLER_0_13_205, 105.42, 48.96, 6.63507e-05
FILLER_0_13_217, 105.42, 48.96, 6.63507e-05
FILLER_0_14_224, 105.42, 48.96, 6.63507e-05
FILLER_0_15_221, 105.42, 48.96, 6.63507e-05
FILLER_0_15_225, 105.42, 48.96, 6.63507e-05
_1529_, 105.42, 43.52, 7.04376e-05
_1567_, 105.42, 43.52, 7.04376e-05
_1652_, 105.42, 43.52, 7.04376e-05
FILLER_0_11_205, 105.42, 43.52, 7.04376e-05
FILLER_0_11_216, 105.42, 43.52, 7.04376e-05
FILLER_0_12_212, 105.42, 43.52, 7.04376e-05
_1261_, 105.42, 38.08, 8.08489e-05
_1264_, 105.42, 38.08, 8.08489e-05
_1457_, 105.42, 38.08, 8.08489e-05
_1459_, 105.42, 38.08, 8.08489e-05
_1462_, 105.42, 38.08, 8.08489e-05
_1528_, 105.42, 38.08, 8.08489e-05
_1537_, 105.42, 38.08, 8.08489e-05
FILLER_0_9_215, 105.42, 38.08, 8.08489e-05
FILLER_0_10_210, 105.42, 38.08, 8.08489e-05
FILLER_0_11_225, 105.42, 38.08, 8.08489e-05
_1297_, 105.42, 32.64, 7.28633e-05
_1298_, 105.42, 32.64, 7.28633e-05
_1322_, 105.42, 32.64, 7.28633e-05
_1458_, 105.42, 32.64, 7.28633e-05
FILLER_0_7_208, 105.42, 32.64, 7.28633e-05
FILLER_0_8_214, 105.42, 32.64, 7.28633e-05
FILLER_0_9_225, 105.42, 32.64, 7.28633e-05
_1672_, 105.42, 27.2, 8.79426e-05
_1673_, 105.42, 27.2, 8.79426e-05
FILLER_0_6_207, 105.42, 27.2, 8.79426e-05
FILLER_0_7_221, 105.42, 27.2, 8.79426e-05
_1837_, 105.42, 21.76, 9.62819e-05
_1838_, 105.42, 21.76, 9.62819e-05
FILLER_0_3_205, 105.42, 21.76, 9.62819e-05
FILLER_0_4_227, 105.42, 21.76, 9.62819e-05
FILLER_0_5_225, 105.42, 21.76, 9.62819e-05
_0945_, 105.42, 16.32, 0.000100535
_1111_, 105.42, 16.32, 0.000100535
_1840_, 105.42, 16.32, 0.000100535
fanout26, 105.42, 16.32, 0.000100535
FILLER_0_2_225, 105.42, 16.32, 0.000100535
FILLER_0_3_228, 105.42, 16.32, 0.000100535
_1114_, 105.42, 10.88, 8.00818e-05
_1115_, 105.42, 10.88, 8.00818e-05
output4, 105.42, 10.88, 8.00818e-05
FILLER_0_0_209, 105.42, 10.88, 8.00818e-05
FILLER_0_0_221, 105.42, 10.88, 8.00818e-05
FILLER_0_0_231, 105.42, 10.88, 8.00818e-05
FILLER_0_1_225, 105.42, 10.88, 8.00818e-05
FILLER_0_55_125, 66.78, 163.2, 6.9477e-05
FILLER_0_55_133, 66.78, 163.2, 6.9477e-05
fpga_sobel_top_42, 66.78, 157.76, 7.4885e-05
FILLER_0_54_131, 66.78, 157.76, 7.4885e-05
FILLER_0_52_129, 66.78, 152.32, 7.15581e-05
FILLER_0_52_137, 66.78, 152.32, 7.15581e-05
FILLER_0_52_141, 66.78, 152.32, 7.15581e-05
FILLER_0_53_146, 66.78, 152.32, 7.15581e-05
FILLER_0_51_143, 66.78, 146.88, 7.15567e-05
_1664_, 66.78, 141.44, 6.86889e-05
_1711_, 66.78, 141.44, 6.86889e-05
_1748_, 66.78, 141.44, 6.86889e-05
FILLER_0_48_128, 66.78, 141.44, 6.86889e-05
FILLER_0_48_137, 66.78, 141.44, 6.86889e-05
FILLER_0_49_146, 66.78, 141.44, 6.86889e-05
_1589_, 66.78, 136, 6.47489e-05
_1665_, 66.78, 136, 6.47489e-05
_1716_, 66.78, 136, 6.47489e-05
FILLER_0_45_123, 66.78, 136, 6.47489e-05
FILLER_0_45_132, 66.78, 136, 6.47489e-05
FILLER_0_46_141, 66.78, 136, 6.47489e-05
_1575_, 66.78, 130.56, 6.30584e-05
_1750_, 66.78, 130.56, 6.30584e-05
FILLER_0_43_125, 66.78, 130.56, 6.30584e-05
FILLER_0_44_131, 66.78, 130.56, 6.30584e-05
FILLER_0_44_141, 66.78, 130.56, 6.30584e-05
_1612_, 66.78, 125.12, 6.22712e-05
_1623_, 66.78, 125.12, 6.22712e-05
_1729_, 66.78, 125.12, 6.22712e-05
FILLER_0_42_132, 66.78, 125.12, 6.22712e-05
_1586_, 66.78, 119.68, 5.86819e-05
_1588_, 66.78, 119.68, 5.86819e-05
_1608_, 66.78, 119.68, 5.86819e-05
FILLER_0_40_134, 66.78, 119.68, 5.86819e-05
FILLER_0_41_146, 66.78, 119.68, 5.86819e-05
_1245_, 66.78, 114.24, 5.68976e-05
_1404_, 66.78, 114.24, 5.68976e-05
_1587_, 66.78, 114.24, 5.68976e-05
_1591_, 66.78, 114.24, 5.68976e-05
FILLER_0_38_141, 66.78, 114.24, 5.68976e-05
FILLER_0_39_143, 66.78, 114.24, 5.68976e-05
_1282_, 66.78, 108.8, 5.46951e-05
_1408_, 66.78, 108.8, 5.46951e-05
_1486_, 66.78, 108.8, 5.46951e-05
_1597_, 66.78, 108.8, 5.46951e-05
FILLER_0_35_130, 66.78, 108.8, 5.46951e-05
FILLER_0_36_135, 66.78, 108.8, 5.46951e-05
FILLER_0_37_137, 66.78, 108.8, 5.46951e-05
_1594_, 66.78, 103.36, 5.17649e-05
_1595_, 66.78, 103.36, 5.17649e-05
_1596_, 66.78, 103.36, 5.17649e-05
_1653_, 66.78, 103.36, 5.17649e-05
_1735_, 66.78, 103.36, 5.17649e-05
FILLER_0_34_126, 66.78, 103.36, 5.17649e-05
FILLER_0_34_136, 66.78, 103.36, 5.17649e-05
_1703_, 66.78, 97.92, 4.93643e-05
_1705_, 66.78, 97.92, 4.93643e-05
FILLER_0_31_121, 66.78, 97.92, 4.93643e-05
FILLER_0_32_129, 66.78, 97.92, 4.93643e-05
FILLER_0_32_137, 66.78, 97.92, 4.93643e-05
FILLER_0_32_141, 66.78, 97.92, 4.93643e-05
_1701_, 66.78, 92.48, 4.63018e-05
_1704_, 66.78, 92.48, 4.63018e-05
FILLER_0_29_125, 66.78, 92.48, 4.63018e-05
FILLER_0_30_129, 66.78, 92.48, 4.63018e-05
FILLER_0_30_137, 66.78, 92.48, 4.63018e-05
FILLER_0_31_134, 66.78, 92.48, 4.63018e-05
_1570_, 66.78, 87.04, 4.23814e-05
_1783_, 66.78, 87.04, 4.23814e-05
max_cap12, 66.78, 87.04, 4.23814e-05
FILLER_0_27_125, 66.78, 87.04, 4.23814e-05
FILLER_0_28_136, 66.78, 87.04, 4.23814e-05
FILLER_0_29_138, 66.78, 87.04, 4.23814e-05
_1433_, 66.78, 81.6, 3.91657e-05
FILLER_0_25_120, 66.78, 81.6, 3.91657e-05
FILLER_0_25_126, 66.78, 81.6, 3.91657e-05
FILLER_0_26_137, 66.78, 81.6, 3.91657e-05
_1309_, 66.78, 76.16, 3.54847e-05
_1331_, 66.78, 76.16, 3.54847e-05
_1419_, 66.78, 76.16, 3.54847e-05
_1513_, 66.78, 76.16, 3.54847e-05
_1674_, 66.78, 76.16, 3.54847e-05
FILLER_0_24_125, 66.78, 76.16, 3.54847e-05
FILLER_0_24_133, 66.78, 76.16, 3.54847e-05
FILLER_0_25_134, 66.78, 76.16, 3.54847e-05
FILLER_0_25_140, 66.78, 76.16, 3.54847e-05
_1400_, 66.78, 70.72, 3.24261e-05
_1429_, 66.78, 70.72, 3.24261e-05
_1645_, 66.78, 70.72, 3.24261e-05
_1647_, 66.78, 70.72, 3.24261e-05
FILLER_0_22_129, 66.78, 70.72, 3.24261e-05
FILLER_0_22_137, 66.78, 70.72, 3.24261e-05
_1426_, 66.78, 65.28, 3.8534e-05
_1619_, 66.78, 65.28, 3.8534e-05
_1702_, 66.78, 65.28, 3.8534e-05
FILLER_0_19_122, 66.78, 65.28, 3.8534e-05
FILLER_0_19_133, 66.78, 65.28, 3.8534e-05
FILLER_0_20_136, 66.78, 65.28, 3.8534e-05
_1427_, 66.78, 59.84, 4.18648e-05
_1435_, 66.78, 59.84, 4.18648e-05
_1436_, 66.78, 59.84, 4.18648e-05
FILLER_0_18_134, 66.78, 59.84, 4.18648e-05
_1310_, 66.78, 54.4, 4.6197e-05
_1314_, 66.78, 54.4, 4.6197e-05
_1352_, 66.78, 54.4, 4.6197e-05
_1546_, 66.78, 54.4, 4.6197e-05
FILLER_0_16_133, 66.78, 54.4, 4.6197e-05
FILLER_0_16_141, 66.78, 54.4, 4.6197e-05
FILLER_0_17_134, 66.78, 54.4, 4.6197e-05
FILLER_0_17_145, 66.78, 54.4, 4.6197e-05
_1248_, 66.78, 48.96, 5.01918e-05
_1275_, 66.78, 48.96, 5.01918e-05
_1454_, 66.78, 48.96, 5.01918e-05
_1598_, 66.78, 48.96, 5.01918e-05
FILLER_0_14_122, 66.78, 48.96, 5.01918e-05
FILLER_0_14_134, 66.78, 48.96, 5.01918e-05
FILLER_0_15_139, 66.78, 48.96, 5.01918e-05
_1448_, 66.78, 43.52, 5.43269e-05
FILLER_0_12_141, 66.78, 43.52, 5.43269e-05
_1453_, 66.78, 38.08, 5.95367e-05
_1737_, 66.78, 38.08, 5.95367e-05
_1738_, 66.78, 38.08, 5.95367e-05
FILLER_0_10_126, 66.78, 38.08, 5.95367e-05
_1288_, 66.78, 32.64, 6.19593e-05
_1549_, 66.78, 32.64, 6.19593e-05
FILLER_0_7_125, 66.78, 32.64, 6.19593e-05
FILLER_0_7_133, 66.78, 32.64, 6.19593e-05
FILLER_0_8_126, 66.78, 32.64, 6.19593e-05
FILLER_0_8_137, 66.78, 32.64, 6.19593e-05
_1548_, 66.78, 27.2, 6.63844e-05
_1550_, 66.78, 27.2, 6.63844e-05
FILLER_0_7_143, 66.78, 27.2, 6.63844e-05
_1410_, 66.78, 21.76, 6.85036e-05
FILLER_0_4_129, 66.78, 21.76, 6.85036e-05
FILLER_0_4_137, 66.78, 21.76, 6.85036e-05
fpga_sobel_top_39, 66.78, 10.88, 6.73096e-05
FILLER_0_0_125, 66.78, 10.88, 6.73096e-05
FILLER_0_0_132, 66.78, 10.88, 6.73096e-05
fpga_sobel_top_37, 28.14, 163.2, 7.09691e-05
FILLER_0_55_41, 28.14, 163.2, 7.09691e-05
FILLER_0_55_48, 28.14, 163.2, 7.09691e-05
_1124_, 28.14, 157.76, 7.8868e-05
_1129_, 28.14, 157.76, 7.8868e-05
_1133_, 28.14, 157.76, 7.8868e-05
_1844_, 28.14, 157.76, 7.8868e-05
FILLER_0_53_39, 28.14, 157.76, 7.8868e-05
_1126_, 28.14, 152.32, 7.3905e-05
_1130_, 28.14, 152.32, 7.3905e-05
_1131_, 28.14, 152.32, 7.3905e-05
_1132_, 28.14, 152.32, 7.3905e-05
_1134_, 28.14, 152.32, 7.3905e-05
_1135_, 28.14, 152.32, 7.3905e-05
FILLER_0_51_46, 28.14, 152.32, 7.3905e-05
FILLER_0_53_51, 28.14, 152.32, 7.3905e-05
FILLER_0_53_57, 28.14, 152.32, 7.3905e-05
_1140_, 28.14, 146.88, 8.08677e-05
_1143_, 28.14, 146.88, 8.08677e-05
_1144_, 28.14, 146.88, 8.08677e-05
_1145_, 28.14, 146.88, 8.08677e-05
FILLER_0_49_43, 28.14, 146.88, 8.08677e-05
FILLER_0_49_49, 28.14, 146.88, 8.08677e-05
FILLER_0_50_41, 28.14, 146.88, 8.08677e-05
FILLER_0_50_56, 28.14, 146.88, 8.08677e-05
FILLER_0_51_57, 28.14, 146.88, 8.08677e-05
_0946_, 28.14, 141.44, 7.54686e-05
_0967_, 28.14, 141.44, 7.54686e-05
_1146_, 28.14, 141.44, 7.54686e-05
_1848_, 28.14, 141.44, 7.54686e-05
FILLER_0_47_46, 28.14, 141.44, 7.54686e-05
FILLER_0_48_60, 28.14, 141.44, 7.54686e-05
FILLER_0_49_62, 28.14, 141.44, 7.54686e-05
_0952_, 28.14, 136, 6.82438e-05
FILLER_0_45_49, 28.14, 136, 6.82438e-05
FILLER_0_47_57, 28.14, 136, 6.82438e-05
_0911_, 28.14, 130.56, 6.74934e-05
_0912_, 28.14, 130.56, 6.74934e-05
_0917_, 28.14, 130.56, 6.74934e-05
_0918_, 28.14, 130.56, 6.74934e-05
_0919_, 28.14, 130.56, 6.74934e-05
_0920_, 28.14, 130.56, 6.74934e-05
_0921_, 28.14, 130.56, 6.74934e-05
_1228_, 28.14, 130.56, 6.74934e-05
FILLER_0_43_40, 28.14, 130.56, 6.74934e-05
_0914_, 28.14, 125.12, 6.97603e-05
_0915_, 28.14, 125.12, 6.97603e-05
_1246_, 28.14, 125.12, 6.97603e-05
_1311_, 28.14, 125.12, 6.97603e-05
FILLER_0_42_41, 28.14, 125.12, 6.97603e-05
FILLER_0_42_49, 28.14, 125.12, 6.97603e-05
FILLER_0_42_56, 28.14, 125.12, 6.97603e-05
FILLER_0_43_51, 28.14, 125.12, 6.97603e-05
FILLER_0_43_61, 28.14, 125.12, 6.97603e-05
_0916_, 28.14, 119.68, 6.04313e-05
_1247_, 28.14, 119.68, 6.04313e-05
_1276_, 28.14, 119.68, 6.04313e-05
_1420_, 28.14, 119.68, 6.04313e-05
FILLER_0_40_47, 28.14, 119.68, 6.04313e-05
FILLER_0_40_60, 28.14, 119.68, 6.04313e-05
_1289_, 28.14, 114.24, 5.92933e-05
_1302_, 28.14, 114.24, 5.92933e-05
_1336_, 28.14, 114.24, 5.92933e-05
_1364_, 28.14, 114.24, 5.92933e-05
FILLER_0_38_39, 28.14, 114.24, 5.92933e-05
FILLER_0_38_61, 28.14, 114.24, 5.92933e-05
_1162_, 28.14, 108.8, 5.69381e-05
_1280_, 28.14, 108.8, 5.69381e-05
_1281_, 28.14, 108.8, 5.69381e-05
_1290_, 28.14, 108.8, 5.69381e-05
_1630_, 28.14, 108.8, 5.69381e-05
FILLER_0_35_47, 28.14, 108.8, 5.69381e-05
FILLER_0_36_41, 28.14, 108.8, 5.69381e-05
FILLER_0_36_52, 28.14, 108.8, 5.69381e-05
FILLER_0_37_60, 28.14, 108.8, 5.69381e-05
_1244_, 28.14, 103.36, 5.39192e-05
_1421_, 28.14, 103.36, 5.39192e-05
_1607_, 28.14, 103.36, 5.39192e-05
FILLER_0_34_39, 28.14, 103.36, 5.39192e-05
FILLER_0_34_55, 28.14, 103.36, 5.39192e-05
FILLER_0_34_63, 28.14, 103.36, 5.39192e-05
_1349_, 28.14, 97.92, 5.45775e-05
_1389_, 28.14, 97.92, 5.45775e-05
_1390_, 28.14, 97.92, 5.45775e-05
_1582_, 28.14, 97.92, 5.45775e-05
_1584_, 28.14, 97.92, 5.45775e-05
FILLER_0_32_62, 28.14, 97.92, 5.45775e-05
FILLER_0_33_53, 28.14, 97.92, 5.45775e-05
_1243_, 28.14, 92.48, 5.15463e-05
_1396_, 28.14, 92.48, 5.15463e-05
_1583_, 28.14, 92.48, 5.15463e-05
wire4, 28.14, 92.48, 5.15463e-05
FILLER_0_29_43, 28.14, 92.48, 5.15463e-05
FILLER_0_31_50, 28.14, 92.48, 5.15463e-05
_1397_, 28.14, 87.04, 4.52821e-05
_1422_, 28.14, 87.04, 4.52821e-05
_1440_, 28.14, 87.04, 4.52821e-05
_1441_, 28.14, 87.04, 4.52821e-05
_1563_, 28.14, 87.04, 4.52821e-05
_1564_, 28.14, 87.04, 4.52821e-05
FILLER_0_28_37, 28.14, 87.04, 4.52821e-05
_1385_, 28.14, 81.6, 4.44809e-05
_1386_, 28.14, 81.6, 4.44809e-05
FILLER_0_25_47, 28.14, 81.6, 4.44809e-05
FILLER_0_26_41, 28.14, 81.6, 4.44809e-05
_1272_, 28.14, 76.16, 4.00081e-05
_1354_, 28.14, 76.16, 4.00081e-05
_1378_, 28.14, 76.16, 4.00081e-05
FILLER_0_24_37, 28.14, 76.16, 4.00081e-05
FILLER_0_24_62, 28.14, 76.16, 4.00081e-05
_1323_, 28.14, 70.72, 3.86379e-05
_1337_, 28.14, 70.72, 3.86379e-05
FILLER_0_21_37, 28.14, 70.72, 3.86379e-05
FILLER_0_23_52, 28.14, 70.72, 3.86379e-05
_1283_, 28.14, 65.28, 4.4261e-05
_1299_, 28.14, 65.28, 4.4261e-05
_1383_, 28.14, 65.28, 4.4261e-05
FILLER_0_19_49, 28.14, 65.28, 4.4261e-05
FILLER_0_21_57, 28.14, 65.28, 4.4261e-05
_1205_, 28.14, 59.84, 4.42076e-05
_1296_, 28.14, 59.84, 4.42076e-05
_1300_, 28.14, 59.84, 4.42076e-05
_1382_, 28.14, 59.84, 4.42076e-05
FILLER_0_18_48, 28.14, 59.84, 4.42076e-05
_0925_, 28.14, 54.4, 4.69002e-05
_1342_, 28.14, 54.4, 4.69002e-05
_1381_, 28.14, 54.4, 4.69002e-05
_1424_, 28.14, 54.4, 4.69002e-05
FILLER_0_15_39, 28.14, 54.4, 4.69002e-05
FILLER_0_16_39, 28.14, 54.4, 4.69002e-05
FILLER_0_16_53, 28.14, 54.4, 4.69002e-05
FILLER_0_16_63, 28.14, 54.4, 4.69002e-05
FILLER_0_17_53, 28.14, 54.4, 4.69002e-05
FILLER_0_17_57, 28.14, 54.4, 4.69002e-05
_1274_, 28.14, 48.96, 4.99667e-05
_1313_, 28.14, 48.96, 4.99667e-05
_1538_, 28.14, 48.96, 4.99667e-05
_1566_, 28.14, 48.96, 4.99667e-05
FILLER_0_13_38, 28.14, 48.96, 4.99667e-05
FILLER_0_13_48, 28.14, 48.96, 4.99667e-05
FILLER_0_14_39, 28.14, 48.96, 4.99667e-05
FILLER_0_15_50, 28.14, 48.96, 4.99667e-05
FILLER_0_15_57, 28.14, 48.96, 4.99667e-05
_1206_, 28.14, 43.52, 5.36908e-05
_1515_, 28.14, 43.52, 5.36908e-05
_1539_, 28.14, 43.52, 5.36908e-05
FILLER_0_13_57, 28.14, 43.52, 5.36908e-05
_1444_, 28.14, 38.08, 5.83403e-05
FILLER_0_9_44, 28.14, 38.08, 5.83403e-05
FILLER_0_10_57, 28.14, 38.08, 5.83403e-05
FILLER_0_11_50, 28.14, 38.08, 5.83403e-05
_1163_, 28.14, 32.64, 6.69938e-05
_1178_, 28.14, 32.64, 6.69938e-05
_1179_, 28.14, 32.64, 6.69938e-05
_1180_, 28.14, 32.64, 6.69938e-05
_1860_, 28.14, 32.64, 6.69938e-05
FILLER_0_7_42, 28.14, 32.64, 6.69938e-05
FILLER_0_9_53, 28.14, 32.64, 6.69938e-05
FILLER_0_9_61, 28.14, 32.64, 6.69938e-05
_1123_, 28.14, 27.2, 6.81474e-05
_1177_, 28.14, 27.2, 6.81474e-05
FILLER_0_6_43, 28.14, 27.2, 6.81474e-05
FILLER_0_6_51, 28.14, 27.2, 6.81474e-05
FILLER_0_7_53, 28.14, 27.2, 6.81474e-05
_0943_, 28.14, 21.76, 6.52837e-05
_1122_, 28.14, 21.76, 6.52837e-05
_1181_, 28.14, 21.76, 6.52837e-05
_1182_, 28.14, 21.76, 6.52837e-05
_1187_, 28.14, 21.76, 6.52837e-05
FILLER_0_3_42, 28.14, 21.76, 6.52837e-05
FILLER_0_4_50, 28.14, 21.76, 6.52837e-05
_1121_, 28.14, 16.32, 6.58951e-05
_1186_, 28.14, 16.32, 6.58951e-05
_1863_, 28.14, 16.32, 6.58951e-05
FILLER_0_2_62, 28.14, 16.32, 6.58951e-05
FILLER_0_3_53, 28.14, 16.32, 6.58951e-05
_0944_, 28.14, 10.88, 6.64868e-05
_1188_, 28.14, 10.88, 6.64868e-05
_1189_, 28.14, 10.88, 6.64868e-05
FILLER_0_0_38, 28.14, 10.88, 6.64868e-05
FILLER_0_0_52, 28.14, 10.88, 6.64868e-05
PHY_110, 5.52, 163.2, 7.09692e-05
PHY_111, 160.08, 163.2, 6.91903e-05
input2, 53.9, 163.2, 7.19228e-05
_1021_, 92.54, 163.2, 6.88066e-05
fpga_sobel_top_43, 92.54, 163.2, 6.88066e-05
FILLER_0_55_179, 92.54, 163.2, 6.88066e-05
FILLER_0_55_188, 92.54, 163.2, 6.88066e-05
_1012_, 118.3, 163.2, 6.88019e-05
_1013_, 118.3, 163.2, 6.88019e-05
_1008_, 131.18, 163.2, 6.90427e-05
FILLER_0_55_265, 131.18, 163.2, 6.90427e-05
FILLER_0_55_273, 131.18, 163.2, 6.90427e-05
fpga_sobel_top_40, 5.52, 157.76, 8.1441e-05
PHY_106, 5.52, 157.76, 8.1441e-05
PHY_108, 5.52, 157.76, 8.1441e-05
PHY_107, 160.08, 157.76, 7.14766e-05
PHY_109, 160.08, 157.76, 7.14766e-05
_1137_, 16.83, 157.76, 8.1441e-05
_1845_, 16.83, 157.76, 8.1441e-05
FILLER_0_53_15, 16.83, 157.76, 8.1441e-05
FILLER_0_54_18, 16.83, 157.76, 8.1441e-05
FILLER_0_54_32, 16.83, 157.76, 8.1441e-05
_0947_, 41.02, 157.76, 8.32211e-05
_1156_, 41.02, 157.76, 8.32211e-05
_1843_, 41.02, 157.76, 8.32211e-05
FILLER_0_53_65, 41.02, 157.76, 8.32211e-05
FILLER_0_54_81, 41.02, 157.76, 8.32211e-05
FILLER_0_55_81, 41.02, 157.76, 8.32211e-05
FILLER_0_55_85, 41.02, 157.76, 8.32211e-05
_1153_, 53.9, 157.76, 8.43649e-05
_1161_, 53.9, 157.76, 8.43649e-05
_1852_, 53.9, 157.76, 8.43649e-05
_1854_, 53.9, 157.76, 8.43649e-05
FILLER_0_53_92, 53.9, 157.76, 8.43649e-05
_1714_, 79.66, 157.76, 7.46085e-05
_1810_, 79.66, 157.76, 7.46085e-05
FILLER_0_54_165, 79.66, 157.76, 7.46085e-05
FILLER_0_55_165, 79.66, 157.76, 7.46085e-05
FILLER_0_55_169, 79.66, 157.76, 7.46085e-05
_1019_, 92.54, 157.76, 7.34623e-05
_1020_, 92.54, 157.76, 7.34623e-05
_1025_, 92.54, 157.76, 7.34623e-05
_1811_, 92.54, 157.76, 7.34623e-05
FILLER_0_53_181, 92.54, 157.76, 7.34623e-05
FILLER_0_54_189, 92.54, 157.76, 7.34623e-05
_1009_, 118.3, 157.76, 7.25367e-05
_1011_, 118.3, 157.76, 7.25367e-05
_1014_, 118.3, 157.76, 7.25367e-05
_1807_, 118.3, 157.76, 7.25367e-05
_1808_, 118.3, 157.76, 7.25367e-05
FILLER_0_55_247, 118.3, 157.76, 7.25367e-05
FILLER_0_55_253, 118.3, 157.76, 7.25367e-05
_1007_, 131.18, 157.76, 7.20067e-05
fpga_sobel_top_44, 131.18, 157.76, 7.20067e-05
FILLER_0_53_270, 131.18, 157.76, 7.20067e-05
PHY_102, 5.52, 152.32, 7.58893e-05
PHY_104, 5.52, 152.32, 7.58893e-05
PHY_103, 160.08, 152.32, 7.32481e-05
PHY_105, 160.08, 152.32, 7.32481e-05
FILLER_0_51_330, 160.08, 152.32, 7.32481e-05
FILLER_0_52_329, 160.08, 152.32, 7.32481e-05
_1136_, 16.83, 152.32, 7.58893e-05
_1138_, 16.83, 152.32, 7.58893e-05
FILLER_0_52_15, 16.83, 152.32, 7.58893e-05
_0948_, 41.02, 152.32, 7.61265e-05
_1125_, 41.02, 152.32, 7.61265e-05
_1128_, 41.02, 152.32, 7.61265e-05
_1155_, 41.02, 152.32, 7.61265e-05
_1851_, 41.02, 152.32, 7.61265e-05
FILLER_0_51_72, 41.02, 152.32, 7.61265e-05
FILLER_0_52_81, 41.02, 152.32, 7.61265e-05
FILLER_0_52_85, 41.02, 152.32, 7.61265e-05
FILLER_0_53_79, 41.02, 152.32, 7.61265e-05
_1154_, 53.9, 152.32, 7.44438e-05
_1157_, 53.9, 152.32, 7.44438e-05
_1158_, 53.9, 152.32, 7.44438e-05
_1160_, 53.9, 152.32, 7.44438e-05
FILLER_0_51_99, 53.9, 152.32, 7.44438e-05
FILLER_0_53_113, 53.9, 152.32, 7.44438e-05
_1713_, 79.66, 152.32, 7.4286e-05
_1765_, 79.66, 152.32, 7.4286e-05
_1890_, 79.66, 152.32, 7.4286e-05
fanout27, 79.66, 152.32, 7.4286e-05
FILLER_0_51_151, 79.66, 152.32, 7.4286e-05
FILLER_0_52_165, 79.66, 152.32, 7.4286e-05
FILLER_0_53_169, 79.66, 152.32, 7.4286e-05
_1018_, 92.54, 152.32, 7.25791e-05
_1022_, 92.54, 152.32, 7.25791e-05
FILLER_0_51_185, 92.54, 152.32, 7.25791e-05
FILLER_0_52_188, 92.54, 152.32, 7.25791e-05
_1010_, 118.3, 152.32, 7.33037e-05
_1033_, 118.3, 152.32, 7.33037e-05
FILLER_0_52_242, 118.3, 152.32, 7.33037e-05
FILLER_0_52_253, 118.3, 152.32, 7.33037e-05
_0970_, 131.18, 152.32, 7.56592e-05
_1037_, 131.18, 152.32, 7.56592e-05
_1814_, 131.18, 152.32, 7.56592e-05
_1817_, 152.07, 152.32, 7.32481e-05
FILLER_0_53_326, 152.07, 152.32, 7.32481e-05
_1846_, 5.52, 146.88, 0.000103884
PHY_98, 5.52, 146.88, 0.000103884
PHY_100, 5.52, 146.88, 0.000103884
FILLER_0_51_3, 5.52, 146.88, 0.000103884
PHY_99, 160.08, 146.88, 7.38397e-05
PHY_101, 160.08, 146.88, 7.38397e-05
_1139_, 16.83, 146.88, 9.55554e-05
_1142_, 16.83, 146.88, 9.55554e-05
_1847_, 16.83, 146.88, 9.55554e-05
_0949_, 41.02, 146.88, 7.90235e-05
_1127_, 41.02, 146.88, 7.90235e-05
_1152_, 41.02, 146.88, 7.90235e-05
FILLER_0_49_75, 41.02, 146.88, 7.90235e-05
FILLER_0_50_73, 41.02, 146.88, 7.90235e-05
FILLER_0_50_81, 41.02, 146.88, 7.90235e-05
FILLER_0_51_85, 41.02, 146.88, 7.90235e-05
_1159_, 53.9, 146.88, 7.71793e-05
_1850_, 53.9, 146.88, 7.71793e-05
_1853_, 53.9, 146.88, 7.71793e-05
_1712_, 79.66, 146.88, 7.2632e-05
_1764_, 79.66, 146.88, 7.2632e-05
_1893_, 79.66, 146.88, 7.2632e-05
FILLER_0_49_160, 79.66, 146.88, 7.2632e-05
FILLER_0_50_165, 79.66, 146.88, 7.2632e-05
FILLER_0_51_163, 79.66, 146.88, 7.2632e-05
_1023_, 92.54, 146.88, 7.18908e-05
_1027_, 92.54, 146.88, 7.18908e-05
_1892_, 92.54, 146.88, 7.18908e-05
FILLER_0_49_179, 92.54, 146.88, 7.18908e-05
FILLER_0_50_197, 92.54, 146.88, 7.18908e-05
FILLER_0_51_203, 92.54, 146.88, 7.18908e-05
_1030_, 118.3, 146.88, 7.23014e-05
_1031_, 118.3, 146.88, 7.23014e-05
_1035_, 118.3, 146.88, 7.23014e-05
_1036_, 118.3, 146.88, 7.23014e-05
_1813_, 118.3, 146.88, 7.23014e-05
FILLER_0_50_249, 118.3, 146.88, 7.23014e-05
FILLER_0_50_253, 118.3, 146.88, 7.23014e-05
FILLER_0_51_250, 118.3, 146.88, 7.23014e-05
_0988_, 131.18, 146.88, 7.32393e-05
_1038_, 131.18, 146.88, 7.32393e-05
_1815_, 131.18, 146.88, 7.32393e-05
FILLER_0_50_279, 131.18, 146.88, 7.32393e-05
FILLER_0_51_277, 131.18, 146.88, 7.32393e-05
_1041_, 152.07, 146.88, 7.38397e-05
_1818_, 152.07, 146.88, 7.38397e-05
_0950_, 5.52, 141.44, 7.63859e-05
PHY_94, 5.52, 141.44, 7.63859e-05
PHY_96, 5.52, 141.44, 7.63859e-05
FILLER_0_49_3, 5.52, 141.44, 7.63859e-05
FILLER_0_49_9, 5.52, 141.44, 7.63859e-05
fpga_sobel_top_41, 160.08, 141.44, 7.03032e-05
PHY_95, 160.08, 141.44, 7.03032e-05
PHY_97, 160.08, 141.44, 7.03032e-05
_1141_, 16.83, 141.44, 7.63859e-05
_1873_, 16.83, 141.44, 7.63859e-05
FILLER_0_47_15, 16.83, 141.44, 7.63859e-05
FILLER_0_48_33, 16.83, 141.44, 7.63859e-05
_1147_, 41.02, 141.44, 7.91371e-05
_1148_, 41.02, 141.44, 7.91371e-05
_1149_, 41.02, 141.44, 7.91371e-05
_1150_, 41.02, 141.44, 7.91371e-05
_1151_, 41.02, 141.44, 7.91371e-05
_1849_, 41.02, 141.44, 7.91371e-05
FILLER_0_47_67, 41.02, 141.44, 7.91371e-05
FILLER_0_48_85, 41.02, 141.44, 7.91371e-05
_1585_, 53.9, 141.44, 7.3913e-05
FILLER_0_48_106, 53.9, 141.44, 7.3913e-05
FILLER_0_48_114, 53.9, 141.44, 7.3913e-05
FILLER_0_49_109, 53.9, 141.44, 7.3913e-05
_1763_, 79.66, 141.44, 6.83651e-05
FILLER_0_47_161, 79.66, 141.44, 6.83651e-05
FILLER_0_49_169, 79.66, 141.44, 6.83651e-05
_1747_, 92.54, 141.44, 6.80413e-05
FILLER_0_48_189, 92.54, 141.44, 6.80413e-05
FILLER_0_49_202, 92.54, 141.44, 6.80413e-05
_1034_, 118.3, 141.44, 6.8718e-05
FILLER_0_48_241, 118.3, 141.44, 6.8718e-05
FILLER_0_48_249, 118.3, 141.44, 6.8718e-05
_1003_, 131.18, 141.44, 6.97185e-05
_1006_, 131.18, 141.44, 6.97185e-05
_1805_, 131.18, 141.44, 6.97185e-05
FILLER_0_47_270, 131.18, 141.44, 6.97185e-05
FILLER_0_49_286, 131.18, 141.44, 6.97185e-05
_1042_, 152.07, 141.44, 7.03032e-05
_1819_, 152.07, 141.44, 7.03032e-05
PHY_90, 5.52, 136, 6.83122e-05
PHY_92, 5.52, 136, 6.83122e-05
PHY_91, 160.08, 136, 6.94447e-05
PHY_93, 160.08, 136, 6.94447e-05
_1227_, 16.83, 136, 6.83122e-05
FILLER_0_45_15, 16.83, 136, 6.83122e-05
FILLER_0_45_24, 16.83, 136, 6.83122e-05
FILLER_0_47_35, 16.83, 136, 6.83122e-05
_1344_, 41.02, 136, 6.70789e-05
FILLER_0_45_75, 41.02, 136, 6.70789e-05
FILLER_0_46_77, 41.02, 136, 6.70789e-05
_1558_, 53.9, 136, 6.59139e-05
FILLER_0_46_97, 53.9, 136, 6.59139e-05
_1669_, 79.66, 136, 6.56068e-05
_1697_, 79.66, 136, 6.56068e-05
_1720_, 79.66, 136, 6.56068e-05
FILLER_0_47_169, 79.66, 136, 6.56068e-05
_1762_, 92.54, 136, 6.64648e-05
_1894_, 92.54, 136, 6.64648e-05
FILLER_0_46_187, 92.54, 136, 6.64648e-05
FILLER_0_47_193, 92.54, 136, 6.64648e-05
_1683_, 118.3, 136, 6.78787e-05
_1694_, 118.3, 136, 6.78787e-05
_1889_, 118.3, 136, 6.78787e-05
FILLER_0_46_239, 118.3, 136, 6.78787e-05
_0954_, 131.18, 136, 6.84458e-05
_0955_, 131.18, 136, 6.84458e-05
_1002_, 131.18, 136, 6.84458e-05
_1004_, 131.18, 136, 6.84458e-05
FILLER_0_46_274, 131.18, 136, 6.84458e-05
_1043_, 152.07, 136, 6.94447e-05
_1820_, 152.07, 136, 6.94447e-05
FILLER_0_45_313, 152.07, 136, 6.94447e-05
PHY_86, 5.52, 130.56, 7.08572e-05
PHY_88, 5.52, 130.56, 7.08572e-05
PHY_87, 160.08, 130.56, 6.84564e-05
PHY_89, 160.08, 130.56, 6.84564e-05
FILLER_0_44_329, 160.08, 130.56, 6.84564e-05
_1221_, 16.83, 130.56, 7.08572e-05
_1223_, 16.83, 130.56, 7.08572e-05
_1225_, 16.83, 130.56, 7.08572e-05
_1226_, 16.83, 130.56, 7.08572e-05
_1874_, 16.83, 130.56, 7.08572e-05
FILLER_0_43_19, 16.83, 130.56, 7.08572e-05
FILLER_0_44_15, 16.83, 130.56, 7.08572e-05
FILLER_0_44_34, 16.83, 130.56, 7.08572e-05
_0913_, 41.02, 130.56, 6.60151e-05
_0922_, 41.02, 130.56, 6.60151e-05
_1251_, 41.02, 130.56, 6.60151e-05
_1319_, 41.02, 130.56, 6.60151e-05
_1345_, 41.02, 130.56, 6.60151e-05
_1468_, 41.02, 130.56, 6.60151e-05
max_cap13, 41.02, 130.56, 6.60151e-05
FILLER_0_43_73, 41.02, 130.56, 6.60151e-05
_1516_, 53.9, 130.56, 6.45368e-05
_1625_, 53.9, 130.56, 6.45368e-05
FILLER_0_45_106, 53.9, 130.56, 6.45368e-05
FILLER_0_45_113, 53.9, 130.56, 6.45368e-05
_1634_, 79.66, 130.56, 6.37461e-05
_1751_, 79.66, 130.56, 6.37461e-05
_1784_, 79.66, 130.56, 6.37461e-05
FILLER_0_45_165, 79.66, 130.56, 6.37461e-05
_1626_, 92.54, 130.56, 6.44338e-05
_1639_, 92.54, 130.56, 6.44338e-05
_1640_, 92.54, 130.56, 6.44338e-05
_1668_, 92.54, 130.56, 6.44338e-05
_1790_, 92.54, 130.56, 6.44338e-05
FILLER_0_45_193, 92.54, 130.56, 6.44338e-05
_0929_, 118.3, 130.56, 6.63527e-05
_1200_, 118.3, 130.56, 6.63527e-05
_0956_, 131.18, 130.56, 6.7584e-05
_0957_, 131.18, 130.56, 6.7584e-05
_0958_, 131.18, 130.56, 6.7584e-05
_1241_, 131.18, 130.56, 6.7584e-05
_1793_, 131.18, 130.56, 6.7584e-05
FILLER_0_43_261, 131.18, 130.56, 6.7584e-05
FILLER_0_43_269, 131.18, 130.56, 6.7584e-05
_1797_, 152.07, 130.56, 6.84564e-05
FILLER_0_43_312, 152.07, 130.56, 6.84564e-05
_1871_, 5.52, 125.12, 8.20542e-05
PHY_82, 5.52, 125.12, 8.20542e-05
PHY_84, 5.52, 125.12, 8.20542e-05
PHY_83, 160.08, 125.12, 7.02214e-05
PHY_85, 160.08, 125.12, 7.02214e-05
FILLER_0_42_329, 160.08, 125.12, 7.02214e-05
_1224_, 16.83, 125.12, 7.9702e-05
_1872_, 16.83, 125.12, 7.9702e-05
fanout20, 16.83, 125.12, 7.9702e-05
FILLER_0_41_14, 16.83, 125.12, 7.9702e-05
_0927_, 41.02, 125.12, 6.7264e-05
_1286_, 41.02, 125.12, 6.7264e-05
_1409_, 41.02, 125.12, 6.7264e-05
max_cap2, 41.02, 125.12, 6.7264e-05
max_cap3, 41.02, 125.12, 6.7264e-05
FILLER_0_41_69, 41.02, 125.12, 6.7264e-05
FILLER_0_42_64, 41.02, 125.12, 6.7264e-05
FILLER_0_42_79, 41.02, 125.12, 6.7264e-05
FILLER_0_42_85, 41.02, 125.12, 6.7264e-05
_1305_, 53.9, 125.12, 6.47676e-05
_1406_, 53.9, 125.12, 6.47676e-05
_1622_, 53.9, 125.12, 6.47676e-05
_1696_, 53.9, 125.12, 6.47676e-05
max_cap1, 53.9, 125.12, 6.47676e-05
FILLER_0_41_94, 53.9, 125.12, 6.47676e-05
FILLER_0_42_92, 53.9, 125.12, 6.47676e-05
FILLER_0_43_117, 53.9, 125.12, 6.47676e-05
_1610_, 79.66, 125.12, 6.33798e-05
_1633_, 79.66, 125.12, 6.33798e-05
_1685_, 79.66, 125.12, 6.33798e-05
FILLER_0_41_155, 79.66, 125.12, 6.33798e-05
FILLER_0_42_150, 79.66, 125.12, 6.33798e-05
_1624_, 92.54, 125.12, 6.44884e-05
_1706_, 92.54, 125.12, 6.44884e-05
_1766_, 92.54, 125.12, 6.44884e-05
FILLER_0_41_182, 92.54, 125.12, 6.44884e-05
FILLER_0_42_181, 92.54, 125.12, 6.44884e-05
_0928_, 118.3, 125.12, 6.99415e-05
_1661_, 118.3, 125.12, 6.99415e-05
_1663_, 118.3, 125.12, 6.99415e-05
_1770_, 118.3, 125.12, 6.99415e-05
_1888_, 118.3, 125.12, 6.99415e-05
fanout29, 118.3, 125.12, 6.99415e-05
FILLER_0_41_244, 118.3, 125.12, 6.99415e-05
FILLER_0_42_238, 118.3, 125.12, 6.99415e-05
FILLER_0_43_246, 118.3, 125.12, 6.99415e-05
_1794_, 131.18, 125.12, 7.02234e-05
FILLER_0_43_277, 131.18, 125.12, 7.02234e-05
FILLER_0_43_281, 131.18, 125.12, 7.02234e-05
_0964_, 152.07, 125.12, 7.02213e-05
_0965_, 152.07, 125.12, 7.02213e-05
_1822_, 152.07, 125.12, 7.02213e-05
_1222_, 5.52, 119.68, 6.10842e-05
_1234_, 5.52, 119.68, 6.10842e-05
PHY_78, 5.52, 119.68, 6.10842e-05
PHY_80, 5.52, 119.68, 6.10842e-05
FILLER_0_40_3, 5.52, 119.68, 6.10842e-05
FILLER_0_41_3, 5.52, 119.68, 6.10842e-05
PHY_79, 160.08, 119.68, 6.53247e-05
PHY_81, 160.08, 119.68, 6.53247e-05
FILLER_0_40_329, 160.08, 119.68, 6.53247e-05
_1219_, 16.83, 119.68, 6.07578e-05
FILLER_0_40_23, 16.83, 119.68, 6.07578e-05
_1266_, 41.02, 119.68, 5.98482e-05
_1317_, 41.02, 119.68, 5.98482e-05
_1326_, 41.02, 119.68, 5.98482e-05
wire15, 41.02, 119.68, 5.98482e-05
FILLER_0_40_78, 41.02, 119.68, 5.98482e-05
FILLER_0_40_90, 41.02, 119.68, 5.98482e-05
_1405_, 53.9, 119.68, 5.92651e-05
_1407_, 53.9, 119.68, 5.92651e-05
_1590_, 53.9, 119.68, 5.92651e-05
_1615_, 53.9, 119.68, 5.92651e-05
_1621_, 53.9, 119.68, 5.92651e-05
_1749_, 53.9, 119.68, 5.92651e-05
max_cap9, 53.9, 119.68, 5.92651e-05
FILLER_0_40_112, 53.9, 119.68, 5.92651e-05
_1611_, 79.66, 119.68, 5.97561e-05
_1616_, 79.66, 119.68, 5.97561e-05
_1632_, 79.66, 119.68, 5.97561e-05
_1717_, 79.66, 119.68, 5.97561e-05
_1756_, 79.66, 119.68, 5.97561e-05
_1757_, 79.66, 119.68, 5.97561e-05
FILLER_0_39_155, 79.66, 119.68, 5.97561e-05
FILLER_0_40_165, 79.66, 119.68, 5.97561e-05
FILLER_0_41_165, 79.66, 119.68, 5.97561e-05
FILLER_0_41_169, 79.66, 119.68, 5.97561e-05
_1350_, 92.54, 119.68, 6.08302e-05
_1460_, 92.54, 119.68, 6.08302e-05
_1617_, 92.54, 119.68, 6.08302e-05
FILLER_0_39_185, 92.54, 119.68, 6.08302e-05
FILLER_0_40_192, 92.54, 119.68, 6.08302e-05
_1651_, 118.3, 119.68, 6.30576e-05
_1662_, 118.3, 119.68, 6.30576e-05
_1769_, 118.3, 119.68, 6.30576e-05
FILLER_0_39_237, 118.3, 119.68, 6.30576e-05
FILLER_0_40_248, 118.3, 119.68, 6.30576e-05
FILLER_0_40_253, 118.3, 119.68, 6.30576e-05
_0959_, 131.18, 119.68, 6.4211e-05
_1001_, 131.18, 119.68, 6.4211e-05
_1233_, 5.52, 114.24, 6.21122e-05
_1877_, 5.52, 114.24, 6.21122e-05
PHY_74, 5.52, 114.24, 6.21122e-05
PHY_76, 5.52, 114.24, 6.21122e-05
FILLER_0_38_3, 5.52, 114.24, 6.21122e-05
PHY_75, 160.08, 114.24, 6.50739e-05
PHY_77, 160.08, 114.24, 6.50739e-05
_1232_, 16.83, 114.24, 6.11235e-05
_1295_, 16.83, 114.24, 6.11235e-05
_1876_, 16.83, 114.24, 6.11235e-05
FILLER_0_38_15, 16.83, 114.24, 6.11235e-05
FILLER_0_38_21, 16.83, 114.24, 6.11235e-05
FILLER_0_38_29, 16.83, 114.24, 6.11235e-05
_1308_, 41.02, 114.24, 5.84948e-05
_1395_, 41.02, 114.24, 5.84948e-05
_1581_, 41.02, 114.24, 5.84948e-05
_1631_, 41.02, 114.24, 5.84948e-05
_1786_, 41.02, 114.24, 5.84948e-05
FILLER_0_39_91, 41.02, 114.24, 5.84948e-05
_1449_, 53.9, 114.24, 5.76962e-05
_1666_, 53.9, 114.24, 5.76962e-05
_1715_, 53.9, 114.24, 5.76962e-05
FILLER_0_37_105, 53.9, 114.24, 5.76962e-05
FILLER_0_38_94, 53.9, 114.24, 5.76962e-05
FILLER_0_38_117, 53.9, 114.24, 5.76962e-05
FILLER_0_39_109, 53.9, 114.24, 5.76962e-05
FILLER_0_37_158, 79.66, 114.24, 5.82343e-05
FILLER_0_39_162, 79.66, 114.24, 5.82343e-05
FILLER_0_39_169, 79.66, 114.24, 5.82343e-05
_1733_, 92.54, 114.24, 5.9571e-05
_1734_, 92.54, 114.24, 5.9571e-05
_1760_, 92.54, 114.24, 5.9571e-05
_1761_, 92.54, 114.24, 5.9571e-05
FILLER_0_38_190, 92.54, 114.24, 5.9571e-05
_1293_, 118.3, 114.24, 6.2644e-05
_1355_, 118.3, 114.24, 6.2644e-05
_1367_, 118.3, 114.24, 6.2644e-05
_1555_, 118.3, 114.24, 6.2644e-05
FILLER_0_38_233, 118.3, 114.24, 6.2644e-05
FILLER_0_38_241, 118.3, 114.24, 6.2644e-05
FILLER_0_38_253, 118.3, 114.24, 6.2644e-05
FILLER_0_39_248, 118.3, 114.24, 6.2644e-05
_0998_, 131.18, 114.24, 6.43802e-05
_0999_, 131.18, 114.24, 6.43802e-05
_1000_, 131.18, 114.24, 6.43802e-05
_1671_, 131.18, 114.24, 6.43802e-05
_1804_, 131.18, 114.24, 6.43802e-05
FILLER_0_38_276, 131.18, 114.24, 6.43802e-05
_1911_, 152.07, 114.24, 6.50739e-05
FILLER_0_39_326, 152.07, 114.24, 6.50739e-05
_1230_, 5.52, 108.8, 5.72631e-05
fpga_sobel_top_35, 5.52, 108.8, 5.72631e-05
PHY_70, 5.52, 108.8, 5.72631e-05
PHY_72, 5.52, 108.8, 5.72631e-05
FILLER_0_36_3, 5.52, 108.8, 5.72631e-05
FILLER_0_36_10, 5.52, 108.8, 5.72631e-05
FILLER_0_37_6, 5.52, 108.8, 5.72631e-05
PHY_71, 160.08, 108.8, 6.47584e-05
PHY_73, 160.08, 108.8, 6.47584e-05
_0923_, 16.83, 108.8, 5.72012e-05
_1231_, 16.83, 108.8, 5.72012e-05
_1363_, 16.83, 108.8, 5.72012e-05
FILLER_0_36_23, 16.83, 108.8, 5.72012e-05
FILLER_0_37_30, 16.83, 108.8, 5.72012e-05
_1263_, 41.02, 108.8, 5.61905e-05
_1787_, 41.02, 108.8, 5.61905e-05
FILLER_0_36_78, 41.02, 108.8, 5.61905e-05
FILLER_0_37_79, 41.02, 108.8, 5.61905e-05
FILLER_0_37_90, 41.02, 108.8, 5.61905e-05
_1259_, 53.9, 108.8, 5.54428e-05
_1593_, 53.9, 108.8, 5.54428e-05
_1609_, 53.9, 108.8, 5.54428e-05
FILLER_0_35_98, 53.9, 108.8, 5.54428e-05
FILLER_0_36_96, 53.9, 108.8, 5.54428e-05
FILLER_0_36_108, 53.9, 108.8, 5.54428e-05
_1267_, 79.66, 108.8, 5.62874e-05
_1628_, 79.66, 108.8, 5.62874e-05
_1736_, 79.66, 108.8, 5.62874e-05
_1788_, 79.66, 108.8, 5.62874e-05
FILLER_0_36_153, 79.66, 108.8, 5.62874e-05
FILLER_0_36_161, 79.66, 108.8, 5.62874e-05
FILLER_0_36_170, 79.66, 108.8, 5.62874e-05
_1487_, 92.54, 108.8, 5.78795e-05
_1726_, 92.54, 108.8, 5.78795e-05
_1732_, 92.54, 108.8, 5.78795e-05
_1789_, 92.54, 108.8, 5.78795e-05
FILLER_0_36_181, 92.54, 108.8, 5.78795e-05
FILLER_0_36_188, 92.54, 108.8, 5.78795e-05
_1503_, 118.3, 108.8, 6.12339e-05
_1670_, 118.3, 108.8, 6.12339e-05
_1677_, 118.3, 108.8, 6.12339e-05
_1779_, 118.3, 108.8, 6.12339e-05
FILLER_0_36_249, 118.3, 108.8, 6.12339e-05
FILLER_0_37_249, 118.3, 108.8, 6.12339e-05
_0997_, 131.18, 108.8, 6.29962e-05
FILLER_0_35_273, 131.18, 108.8, 6.29962e-05
FILLER_0_36_277, 131.18, 108.8, 6.29962e-05
FILLER_0_37_281, 131.18, 108.8, 6.29962e-05
_0951_, 152.07, 108.8, 6.47584e-05
FILLER_0_37_326, 152.07, 108.8, 6.47584e-05
_1229_, 5.52, 103.36, 5.5865e-05
_1875_, 5.52, 103.36, 5.5865e-05
PHY_66, 5.52, 103.36, 5.5865e-05
PHY_68, 5.52, 103.36, 5.5865e-05
FILLER_0_34_3, 5.52, 103.36, 5.5865e-05
PHY_67, 160.08, 103.36, 6.436e-05
PHY_69, 160.08, 103.36, 6.436e-05
_0904_, 16.83, 103.36, 5.48922e-05
_1217_, 16.83, 103.36, 5.48922e-05
_1220_, 16.83, 103.36, 5.48922e-05
_1359_, 16.83, 103.36, 5.48922e-05
FILLER_0_34_14, 16.83, 103.36, 5.48922e-05
FILLER_0_34_29, 16.83, 103.36, 5.48922e-05
FILLER_0_35_35, 16.83, 103.36, 5.48922e-05
_1403_, 41.02, 103.36, 5.32012e-05
_1431_, 41.02, 103.36, 5.32012e-05
_1432_, 41.02, 103.36, 5.32012e-05
_1577_, 41.02, 103.36, 5.32012e-05
_1629_, 41.02, 103.36, 5.32012e-05
FILLER_0_34_74, 41.02, 103.36, 5.32012e-05
_1360_, 53.9, 103.36, 5.24831e-05
_1592_, 53.9, 103.36, 5.24831e-05
FILLER_0_33_93, 53.9, 103.36, 5.24831e-05
FILLER_0_33_105, 53.9, 103.36, 5.24831e-05
FILLER_0_34_94, 53.9, 103.36, 5.24831e-05
FILLER_0_34_119, 53.9, 103.36, 5.24831e-05
_1600_, 79.66, 103.36, 5.39196e-05
_1601_, 79.66, 103.36, 5.39196e-05
_1604_, 79.66, 103.36, 5.39196e-05
_1605_, 79.66, 103.36, 5.39196e-05
FILLER_0_34_153, 79.66, 103.36, 5.39196e-05
_1743_, 92.54, 103.36, 5.60742e-05
_1745_, 92.54, 103.36, 5.60742e-05
FILLER_0_33_181, 92.54, 103.36, 5.60742e-05
FILLER_0_34_186, 92.54, 103.36, 5.60742e-05
FILLER_0_34_197, 92.54, 103.36, 5.60742e-05
FILLER_0_35_200, 92.54, 103.36, 5.60742e-05
_1510_, 118.3, 103.36, 6.05159e-05
_1511_, 118.3, 103.36, 6.05159e-05
_1561_, 118.3, 103.36, 6.05159e-05
_1744_, 118.3, 103.36, 6.05159e-05
FILLER_0_34_234, 118.3, 103.36, 6.05159e-05
FILLER_0_34_253, 118.3, 103.36, 6.05159e-05
_1562_, 131.18, 103.36, 6.28029e-05
_1574_, 131.18, 103.36, 6.28029e-05
_1887_, 131.18, 103.36, 6.28029e-05
FILLER_0_33_269, 131.18, 103.36, 6.28029e-05
FILLER_0_35_281, 131.18, 103.36, 6.28029e-05
FILLER_0_35_324, 152.07, 103.36, 6.436e-05
_1213_, 5.52, 97.92, 6.42828e-05
PHY_62, 5.52, 97.92, 6.42828e-05
PHY_64, 5.52, 97.92, 6.42828e-05
fanout21, 5.52, 97.92, 6.42828e-05
fanout22, 5.52, 97.92, 6.42828e-05
FILLER_0_32_3, 5.52, 97.92, 6.42828e-05
FILLER_0_33_3, 5.52, 97.92, 6.42828e-05
PHY_63, 160.08, 97.92, 6.52632e-05
PHY_65, 160.08, 97.92, 6.52632e-05
_0905_, 16.83, 97.92, 5.98417e-05
_1212_, 16.83, 97.92, 5.98417e-05
FILLER_0_31_22, 16.83, 97.92, 5.98417e-05
FILLER_0_32_20, 16.83, 97.92, 5.98417e-05
FILLER_0_32_29, 16.83, 97.92, 5.98417e-05
_0926_, 41.02, 97.92, 5.28398e-05
_1602_, 41.02, 97.92, 5.28398e-05
_1603_, 41.02, 97.92, 5.28398e-05
_1688_, 41.02, 97.92, 5.28398e-05
FILLER_0_31_65, 41.02, 97.92, 5.28398e-05
FILLER_0_32_79, 41.02, 97.92, 5.28398e-05
FILLER_0_32_85, 41.02, 97.92, 5.28398e-05
_1509_, 53.9, 97.92, 5.11021e-05
_1680_, 53.9, 97.92, 5.11021e-05
max_cap14, 53.9, 97.92, 5.11021e-05
FILLER_0_33_119, 53.9, 97.92, 5.11021e-05
_1627_, 79.66, 97.92, 5.18904e-05
FILLER_0_33_162, 79.66, 97.92, 5.18904e-05
_1554_, 92.54, 97.92, 5.44165e-05
_1599_, 92.54, 97.92, 5.44165e-05
_1724_, 92.54, 97.92, 5.44165e-05
_1746_, 92.54, 97.92, 5.44165e-05
FILLER_0_32_197, 92.54, 97.92, 5.44165e-05
_1689_, 118.3, 97.92, 5.95155e-05
FILLER_0_32_238, 118.3, 97.92, 5.95155e-05
FILLER_0_33_257, 118.3, 97.92, 5.95155e-05
_1531_, 131.18, 97.92, 6.20884e-05
FILLER_0_31_265, 131.18, 97.92, 6.20884e-05
FILLER_0_33_277, 131.18, 97.92, 6.20884e-05
FILLER_0_33_281, 131.18, 97.92, 6.20884e-05
_0986_, 152.07, 97.92, 6.52632e-05
_1801_, 152.07, 97.92, 6.52632e-05
FILLER_0_32_312, 152.07, 97.92, 6.52632e-05
FILLER_0_33_323, 152.07, 97.92, 6.52632e-05
_1869_, 5.52, 92.48, 6.06012e-05
PHY_58, 5.52, 92.48, 6.06012e-05
PHY_60, 5.52, 92.48, 6.06012e-05
FILLER_0_31_3, 5.52, 92.48, 6.06012e-05
PHY_59, 160.08, 92.48, 6.60963e-05
PHY_61, 160.08, 92.48, 6.60963e-05
_0924_, 16.83, 92.48, 5.62734e-05
_1209_, 16.83, 92.48, 5.62734e-05
_1215_, 16.83, 92.48, 5.62734e-05
_1216_, 16.83, 92.48, 5.62734e-05
_1348_, 16.83, 92.48, 5.62734e-05
_1357_, 16.83, 92.48, 5.62734e-05
FILLER_0_29_21, 16.83, 92.48, 5.62734e-05
FILLER_0_30_15, 16.83, 92.48, 5.62734e-05
FILLER_0_30_29, 16.83, 92.48, 5.62734e-05
_0910_, 41.02, 92.48, 4.97982e-05
_1398_, 41.02, 92.48, 4.97982e-05
_1620_, 41.02, 92.48, 4.97982e-05
_1667_, 41.02, 92.48, 4.97982e-05
FILLER_0_29_65, 41.02, 92.48, 4.97982e-05
FILLER_0_30_80, 41.02, 92.48, 4.97982e-05
_1568_, 53.9, 92.48, 4.805e-05
_1686_, 53.9, 92.48, 4.805e-05
FILLER_0_31_107, 53.9, 92.48, 4.805e-05
_1343_, 79.66, 92.48, 4.96179e-05
_1346_, 79.66, 92.48, 4.96179e-05
_1347_, 92.54, 92.48, 5.29339e-05
_1353_, 92.54, 92.48, 5.29339e-05
FILLER_0_30_189, 92.54, 92.48, 5.29339e-05
_1325_, 118.3, 92.48, 6.02946e-05
_1361_, 118.3, 92.48, 6.02946e-05
_1556_, 118.3, 92.48, 6.02946e-05
_1687_, 118.3, 92.48, 6.02946e-05
FILLER_0_29_245, 118.3, 92.48, 6.02946e-05
FILLER_0_30_241, 118.3, 92.48, 6.02946e-05
FILLER_0_30_249, 118.3, 92.48, 6.02946e-05
FILLER_0_30_253, 118.3, 92.48, 6.02946e-05
FILLER_0_31_249, 118.3, 92.48, 6.02946e-05
_1723_, 131.18, 92.48, 6.43392e-05
_1885_, 131.18, 92.48, 6.43392e-05
fanout28, 131.18, 92.48, 6.43392e-05
FILLER_0_30_279, 131.18, 92.48, 6.43392e-05
_0982_, 152.07, 92.48, 6.60963e-05
_0983_, 152.07, 92.48, 6.60963e-05
_0987_, 152.07, 92.48, 6.60963e-05
_1800_, 152.07, 92.48, 6.60963e-05
FILLER_0_31_323, 152.07, 92.48, 6.60963e-05
_1218_, 5.52, 87.04, 4.53526e-05
PHY_54, 5.52, 87.04, 4.53526e-05
PHY_56, 5.52, 87.04, 4.53526e-05
output5, 5.52, 87.04, 4.53526e-05
PHY_55, 160.08, 87.04, 6.48053e-05
PHY_57, 160.08, 87.04, 6.48053e-05
FILLER_0_28_330, 160.08, 87.04, 6.48053e-05
_0907_, 16.83, 87.04, 4.53174e-05
_1207_, 16.83, 87.04, 4.53174e-05
_1208_, 16.83, 87.04, 4.53174e-05
_1214_, 16.83, 87.04, 4.53174e-05
_1242_, 16.83, 87.04, 4.53174e-05
FILLER_0_28_15, 16.83, 87.04, 4.53174e-05
FILLER_0_29_29, 16.83, 87.04, 4.53174e-05
_1329_, 41.02, 87.04, 4.43152e-05
_1330_, 41.02, 87.04, 4.43152e-05
_1519_, 41.02, 87.04, 4.43152e-05
FILLER_0_27_64, 41.02, 87.04, 4.43152e-05
FILLER_0_27_74, 41.02, 87.04, 4.43152e-05
FILLER_0_28_78, 41.02, 87.04, 4.43152e-05
FILLER_0_29_88, 41.02, 87.04, 4.43152e-05
_1569_, 53.9, 87.04, 4.33483e-05
_1578_, 53.9, 87.04, 4.33483e-05
_1606_, 53.9, 87.04, 4.33483e-05
_1699_, 53.9, 87.04, 4.33483e-05
_1700_, 53.9, 87.04, 4.33483e-05
_1501_, 79.66, 87.04, 4.64851e-05
_1502_, 79.66, 87.04, 4.64851e-05
_1781_, 79.66, 87.04, 4.64851e-05
_1782_, 79.66, 87.04, 4.64851e-05
FILLER_0_28_165, 79.66, 87.04, 4.64851e-05
FILLER_0_29_163, 79.66, 87.04, 4.64851e-05
_1499_, 92.54, 87.04, 5.05888e-05
_1500_, 92.54, 87.04, 5.05888e-05
FILLER_0_27_181, 92.54, 87.04, 5.05888e-05
FILLER_0_27_189, 92.54, 87.04, 5.05888e-05
FILLER_0_28_189, 92.54, 87.04, 5.05888e-05
FILLER_0_29_197, 92.54, 87.04, 5.05888e-05
_1483_, 118.3, 87.04, 5.91377e-05
_1565_, 118.3, 87.04, 5.91377e-05
_1573_, 118.3, 87.04, 5.91377e-05
_1650_, 118.3, 87.04, 5.91377e-05
_1675_, 118.3, 87.04, 5.91377e-05
_0973_, 131.18, 87.04, 6.35829e-05
_0974_, 131.18, 87.04, 6.35829e-05
_1508_, 131.18, 87.04, 6.35829e-05
_1798_, 131.18, 87.04, 6.35829e-05
fanout31, 131.18, 87.04, 6.35829e-05
FILLER_0_27_266, 131.18, 87.04, 6.35829e-05
FILLER_0_28_270, 131.18, 87.04, 6.35829e-05
FILLER_0_29_276, 131.18, 87.04, 6.35829e-05
_0978_, 152.07, 87.04, 6.48053e-05
_1880_, 5.52, 81.6, 4.93504e-05
PHY_50, 5.52, 81.6, 4.93504e-05
PHY_52, 5.52, 81.6, 4.93504e-05
FILLER_0_26_3, 5.52, 81.6, 4.93504e-05
FILLER_0_26_11, 5.52, 81.6, 4.93504e-05
PHY_51, 160.08, 81.6, 6.46209e-05
PHY_53, 160.08, 81.6, 6.46209e-05
FILLER_0_25_330, 160.08, 81.6, 6.46209e-05
_1202_, 16.83, 81.6, 4.73441e-05
_1203_, 16.83, 81.6, 4.73441e-05
_1204_, 16.83, 81.6, 4.73441e-05
_1430_, 16.83, 81.6, 4.73441e-05
_1439_, 16.83, 81.6, 4.73441e-05
FILLER_0_25_19, 16.83, 81.6, 4.73441e-05
FILLER_0_26_23, 16.83, 81.6, 4.73441e-05
FILLER_0_27_26, 16.83, 81.6, 4.73441e-05
_1698_, 41.02, 81.6, 4.27092e-05
FILLER_0_26_75, 41.02, 81.6, 4.27092e-05
FILLER_0_27_86, 41.02, 81.6, 4.27092e-05
_1681_, 53.9, 81.6, 4.09375e-05
max_cap17, 53.9, 81.6, 4.09375e-05
FILLER_0_26_97, 53.9, 81.6, 4.09375e-05
FILLER_0_27_106, 53.9, 81.6, 4.09375e-05
_1752_, 79.66, 81.6, 4.36897e-05
_1753_, 79.66, 81.6, 4.36897e-05
FILLER_0_25_151, 79.66, 81.6, 4.36897e-05
FILLER_0_26_153, 79.66, 81.6, 4.36897e-05
FILLER_0_26_174, 79.66, 81.6, 4.36897e-05
FILLER_0_27_162, 79.66, 81.6, 4.36897e-05
_1388_, 92.54, 81.6, 4.82136e-05
_1505_, 92.54, 81.6, 4.82136e-05
_1506_, 92.54, 81.6, 4.82136e-05
_1507_, 92.54, 81.6, 4.82136e-05
_1776_, 92.54, 81.6, 4.82136e-05
FILLER_0_25_181, 92.54, 81.6, 4.82136e-05
_1481_, 118.3, 81.6, 5.67247e-05
_1654_, 118.3, 81.6, 5.67247e-05
_1682_, 118.3, 81.6, 5.67247e-05
FILLER_0_25_237, 118.3, 81.6, 5.67247e-05
FILLER_0_26_239, 118.3, 81.6, 5.67247e-05
FILLER_0_26_248, 118.3, 81.6, 5.67247e-05
_1884_, 131.18, 81.6, 6.07119e-05
FILLER_0_26_286, 131.18, 81.6, 6.07119e-05
FILLER_0_27_277, 131.18, 81.6, 6.07119e-05
FILLER_0_27_281, 131.18, 81.6, 6.07119e-05
_0938_, 152.07, 81.6, 6.46209e-05
_0979_, 152.07, 81.6, 6.46209e-05
_1799_, 152.07, 81.6, 6.46209e-05
_1210_, 5.52, 76.16, 4.13709e-05
PHY_46, 5.52, 76.16, 4.13709e-05
PHY_48, 5.52, 76.16, 4.13709e-05
FILLER_0_25_3, 5.52, 76.16, 4.13709e-05
PHY_47, 160.08, 76.16, 8.04444e-05
PHY_49, 160.08, 76.16, 8.04444e-05
_1379_, 16.83, 76.16, 4.06895e-05
FILLER_0_23_19, 16.83, 76.16, 4.06895e-05
FILLER_0_24_29, 16.83, 76.16, 4.06895e-05
FILLER_0_25_27, 16.83, 76.16, 4.06895e-05
_1273_, 41.02, 76.16, 3.85004e-05
_1380_, 41.02, 76.16, 3.85004e-05
_1399_, 41.02, 76.16, 3.85004e-05
_1442_, 41.02, 76.16, 3.85004e-05
FILLER_0_24_78, 41.02, 76.16, 3.85004e-05
_1334_, 53.9, 76.16, 3.69926e-05
_1576_, 53.9, 76.16, 3.69926e-05
_1641_, 53.9, 76.16, 3.69926e-05
_1642_, 53.9, 76.16, 3.69926e-05
_1679_, 53.9, 76.16, 3.69926e-05
FILLER_0_25_108, 53.9, 76.16, 3.69926e-05
_1754_, 79.66, 76.16, 4.12845e-05
_1411_, 92.54, 76.16, 4.70843e-05
_1412_, 92.54, 76.16, 4.70843e-05
_1416_, 92.54, 76.16, 4.70843e-05
wire7, 92.54, 76.16, 4.70843e-05
FILLER_0_23_181, 92.54, 76.16, 4.70843e-05
FILLER_0_23_189, 92.54, 76.16, 4.70843e-05
FILLER_0_24_188, 92.54, 76.16, 4.70843e-05
FILLER_0_24_203, 92.54, 76.16, 4.70843e-05
_1656_, 118.3, 76.16, 5.9942e-05
_1657_, 118.3, 76.16, 5.9942e-05
_1658_, 118.3, 76.16, 5.9942e-05
_1659_, 118.3, 76.16, 5.9942e-05
_1676_, 118.3, 76.16, 5.9942e-05
FILLER_0_24_245, 118.3, 76.16, 5.9942e-05
FILLER_0_24_253, 118.3, 76.16, 5.9942e-05
_1394_, 131.18, 76.16, 6.7e-05
_1438_, 131.18, 76.16, 6.7e-05
_1882_, 131.18, 76.16, 6.7e-05
FILLER_0_23_270, 131.18, 76.16, 6.7e-05
FILLER_0_25_275, 131.18, 76.16, 6.7e-05
_1049_, 152.07, 76.16, 8.04444e-05
_1823_, 152.07, 76.16, 8.04444e-05
FILLER_0_24_325, 152.07, 76.16, 8.04444e-05
_1868_, 5.52, 70.72, 4.265e-05
PHY_42, 5.52, 70.72, 4.265e-05
PHY_44, 5.52, 70.72, 4.265e-05
PHY_43, 160.08, 70.72, 6.73498e-05
PHY_45, 160.08, 70.72, 6.73498e-05
_0908_, 16.83, 70.72, 4.0644e-05
_1271_, 16.83, 70.72, 4.0644e-05
_1328_, 16.83, 70.72, 4.0644e-05
_1335_, 16.83, 70.72, 4.0644e-05
_1358_, 16.83, 70.72, 4.0644e-05
FILLER_0_21_14, 16.83, 70.72, 4.0644e-05
_1338_, 41.02, 70.72, 3.65674e-05
_1387_, 41.02, 70.72, 3.65674e-05
_1488_, 41.02, 70.72, 3.65674e-05
_1644_, 41.02, 70.72, 3.65674e-05
FILLER_0_22_75, 41.02, 70.72, 3.65674e-05
FILLER_0_23_81, 41.02, 70.72, 3.65674e-05
FILLER_0_23_89, 41.02, 70.72, 3.65674e-05
_1324_, 53.9, 70.72, 3.44968e-05
_1536_, 53.9, 70.72, 3.44968e-05
FILLER_0_22_110, 53.9, 70.72, 3.44968e-05
FILLER_0_23_109, 53.9, 70.72, 3.44968e-05
_1318_, 79.66, 70.72, 3.84523e-05
_1423_, 79.66, 70.72, 3.84523e-05
_1718_, 79.66, 70.72, 3.84523e-05
FILLER_0_22_149, 79.66, 70.72, 3.84523e-05
FILLER_0_22_175, 79.66, 70.72, 3.84523e-05
_1332_, 92.54, 70.72, 4.44783e-05
_1401_, 92.54, 70.72, 4.44783e-05
_1402_, 92.54, 70.72, 4.44783e-05
_1461_, 92.54, 70.72, 4.44783e-05
_1527_, 92.54, 70.72, 4.44783e-05
FILLER_0_21_178, 92.54, 70.72, 4.44783e-05
FILLER_0_22_185, 92.54, 70.72, 4.44783e-05
FILLER_0_22_193, 92.54, 70.72, 4.44783e-05
FILLER_0_22_197, 92.54, 70.72, 4.44783e-05
_1333_, 118.3, 70.72, 5.57265e-05
_1356_, 118.3, 70.72, 5.57265e-05
_1376_, 118.3, 70.72, 5.57265e-05
FILLER_0_21_245, 118.3, 70.72, 5.57265e-05
FILLER_0_22_238, 118.3, 70.72, 5.57265e-05
FILLER_0_22_245, 118.3, 70.72, 5.57265e-05
FILLER_0_22_253, 118.3, 70.72, 5.57265e-05
_1377_, 131.18, 70.72, 6.09486e-05
_1881_, 131.18, 70.72, 6.09486e-05
FILLER_0_22_264, 131.18, 70.72, 6.09486e-05
_1047_, 152.07, 70.72, 6.73498e-05
_1052_, 152.07, 70.72, 6.73498e-05
_1910_, 152.07, 70.72, 6.73498e-05
output6, 152.07, 70.72, 6.73498e-05
FILLER_0_21_314, 152.07, 70.72, 6.73498e-05
FILLER_0_22_317, 152.07, 70.72, 6.73498e-05
_1867_, 5.52, 65.28, 5.39578e-05
PHY_38, 5.52, 65.28, 5.39578e-05
PHY_40, 5.52, 65.28, 5.39578e-05
fpga_sobel_top_32, 5.52, 65.28, 5.39578e-05
FILLER_0_21_6, 5.52, 65.28, 5.39578e-05
PHY_39, 160.08, 65.28, 9.46178e-05
PHY_41, 160.08, 65.28, 9.46178e-05
FILLER_0_20_329, 160.08, 65.28, 9.46178e-05
_0906_, 16.83, 65.28, 4.91094e-05
_1257_, 16.83, 65.28, 4.91094e-05
_1262_, 16.83, 65.28, 4.91094e-05
FILLER_0_20_20, 16.83, 65.28, 4.91094e-05
_1277_, 41.02, 65.28, 4.2352e-05
FILLER_0_19_69, 41.02, 65.28, 4.2352e-05
FILLER_0_20_77, 41.02, 65.28, 4.2352e-05
_1285_, 53.9, 65.28, 4.0443e-05
_1646_, 53.9, 65.28, 4.0443e-05
_1759_, 53.9, 65.28, 4.0443e-05
FILLER_0_20_115, 53.9, 65.28, 4.0443e-05
FILLER_0_21_108, 53.9, 65.28, 4.0443e-05
_1559_, 79.66, 65.28, 4.54712e-05
_1643_, 79.66, 65.28, 4.54712e-05
_1719_, 79.66, 65.28, 4.54712e-05
FILLER_0_19_160, 79.66, 65.28, 4.54712e-05
FILLER_0_20_153, 79.66, 65.28, 4.54712e-05
FILLER_0_20_163, 79.66, 65.28, 4.54712e-05
FILLER_0_20_174, 79.66, 65.28, 4.54712e-05
FILLER_0_21_165, 79.66, 65.28, 4.54712e-05
_1456_, 92.54, 65.28, 5.24083e-05
_1489_, 92.54, 65.28, 5.24083e-05
_1741_, 92.54, 65.28, 5.24083e-05
FILLER_0_20_182, 92.54, 65.28, 5.24083e-05
FILLER_0_20_188, 92.54, 65.28, 5.24083e-05
FILLER_0_20_197, 92.54, 65.28, 5.24083e-05
_1374_, 118.3, 65.28, 7.21045e-05
_1375_, 118.3, 65.28, 7.21045e-05
_1437_, 118.3, 65.28, 7.21045e-05
_1467_, 118.3, 65.28, 7.21045e-05
FILLER_0_20_233, 118.3, 65.28, 7.21045e-05
FILLER_0_20_246, 118.3, 65.28, 7.21045e-05
FILLER_0_20_253, 118.3, 65.28, 7.21045e-05
_1391_, 131.18, 65.28, 8.48636e-05
_1825_, 131.18, 65.28, 8.48636e-05
FILLER_0_19_273, 131.18, 65.28, 8.48636e-05
FILLER_0_20_261, 131.18, 65.28, 8.48636e-05
FILLER_0_20_280, 131.18, 65.28, 8.48636e-05
_1051_, 152.07, 65.28, 9.46177e-05
_1053_, 152.07, 65.28, 9.46177e-05
_1824_, 152.07, 65.28, 9.46177e-05
FILLER_0_19_310, 152.07, 65.28, 9.46177e-05
_1870_, 5.52, 59.84, 4.54449e-05
PHY_34, 5.52, 59.84, 4.54449e-05
PHY_36, 5.52, 59.84, 4.54449e-05
PHY_35, 160.08, 59.84, 7.95758e-05
PHY_37, 160.08, 59.84, 7.95758e-05
FILLER_0_17_330, 160.08, 59.84, 7.95758e-05
_0909_, 16.83, 59.84, 4.48263e-05
_1211_, 16.83, 59.84, 4.48263e-05
_1252_, 16.83, 59.84, 4.48263e-05
FILLER_0_17_15, 16.83, 59.84, 4.48263e-05
FILLER_0_18_23, 16.83, 59.84, 4.48263e-05
FILLER_0_18_29, 16.83, 59.84, 4.48263e-05
_1284_, 41.02, 59.84, 4.34268e-05
_1450_, 41.02, 59.84, 4.34268e-05
_1655_, 41.02, 59.84, 4.34268e-05
FILLER_0_17_66, 41.02, 59.84, 4.34268e-05
FILLER_0_17_74, 41.02, 59.84, 4.34268e-05
FILLER_0_18_76, 41.02, 59.84, 4.34268e-05
FILLER_0_19_83, 41.02, 59.84, 4.34268e-05
FILLER_0_19_90, 41.02, 59.84, 4.34268e-05
_1373_, 53.9, 59.84, 4.26458e-05
_1451_, 53.9, 59.84, 4.26458e-05
FILLER_0_17_103, 53.9, 59.84, 4.26458e-05
FILLER_0_18_97, 53.9, 59.84, 4.26458e-05
FILLER_0_19_113, 53.9, 59.84, 4.26458e-05
_1327_, 79.66, 59.84, 4.76467e-05
_1472_, 79.66, 59.84, 4.76467e-05
_1491_, 79.66, 59.84, 4.76467e-05
_1524_, 79.66, 59.84, 4.76467e-05
FILLER_0_18_158, 79.66, 59.84, 4.76467e-05
FILLER_0_18_175, 79.66, 59.84, 4.76467e-05
_1484_, 92.54, 59.84, 5.34285e-05
_1521_, 92.54, 59.84, 5.34285e-05
_1525_, 92.54, 59.84, 5.34285e-05
FILLER_0_18_186, 92.54, 59.84, 5.34285e-05
FILLER_0_19_201, 92.54, 59.84, 5.34285e-05
_1369_, 118.3, 59.84, 6.62392e-05
_1413_, 118.3, 59.84, 6.62392e-05
_1466_, 118.3, 59.84, 6.62392e-05
FILLER_0_18_244, 118.3, 59.84, 6.62392e-05
FILLER_0_18_253, 118.3, 59.84, 6.62392e-05
_1050_, 131.18, 59.84, 7.32682e-05
_1365_, 131.18, 59.84, 7.32682e-05
_1368_, 131.18, 59.84, 7.32682e-05
_1476_, 131.18, 59.84, 7.32682e-05
_1883_, 131.18, 59.84, 7.32682e-05
FILLER_0_17_266, 131.18, 59.84, 7.32682e-05
FILLER_0_19_285, 131.18, 59.84, 7.32682e-05
_1054_, 152.07, 59.84, 7.95758e-05
_1060_, 152.07, 59.84, 7.95758e-05
FILLER_0_17_314, 152.07, 59.84, 7.95758e-05
FILLER_0_18_317, 152.07, 59.84, 7.95758e-05
FILLER_0_18_323, 152.07, 59.84, 7.95758e-05
_1201_, 5.52, 54.4, 4.69003e-05
PHY_30, 5.52, 54.4, 4.69003e-05
PHY_32, 5.52, 54.4, 4.69003e-05
FILLER_0_16_3, 5.52, 54.4, 4.69003e-05
PHY_31, 160.08, 54.4, 9.60166e-05
PHY_33, 160.08, 54.4, 9.60166e-05
FILLER_0_15_328, 160.08, 54.4, 9.60166e-05
_1253_, 16.83, 54.4, 4.69003e-05
_1268_, 16.83, 54.4, 4.69003e-05
_1339_, 16.83, 54.4, 4.69003e-05
_1417_, 16.83, 54.4, 4.69003e-05
FILLER_0_15_15, 16.83, 54.4, 4.69003e-05
FILLER_0_17_33, 16.83, 54.4, 4.69003e-05
_1312_, 41.02, 54.4, 4.66658e-05
_1425_, 41.02, 54.4, 4.66658e-05
_1428_, 41.02, 54.4, 4.66658e-05
_1618_, 41.02, 54.4, 4.66658e-05
max_cap8, 41.02, 54.4, 4.66658e-05
FILLER_0_16_75, 41.02, 54.4, 4.66658e-05
_1287_, 53.9, 54.4, 4.64314e-05
_1709_, 53.9, 54.4, 4.64314e-05
FILLER_0_16_102, 53.9, 54.4, 4.64314e-05
FILLER_0_16_118, 53.9, 54.4, 4.64314e-05
_1471_, 79.66, 54.4, 5.19336e-05
_1474_, 79.66, 54.4, 5.19336e-05
FILLER_0_16_175, 79.66, 54.4, 5.19336e-05
FILLER_0_17_163, 79.66, 54.4, 5.19336e-05
_1522_, 92.54, 54.4, 5.76703e-05
_1526_, 92.54, 54.4, 5.76703e-05
_1740_, 92.54, 54.4, 5.76703e-05
_1742_, 92.54, 54.4, 5.76703e-05
FILLER_0_16_187, 92.54, 54.4, 5.76703e-05
FILLER_0_16_197, 92.54, 54.4, 5.76703e-05
_1294_, 118.3, 54.4, 7.147e-05
_1372_, 118.3, 54.4, 7.147e-05
_1414_, 118.3, 54.4, 7.147e-05
_1415_, 118.3, 54.4, 7.147e-05
FILLER_0_15_245, 118.3, 54.4, 7.147e-05
fanout24, 131.18, 54.4, 7.95331e-05
FILLER_0_15_269, 131.18, 54.4, 7.95331e-05
FILLER_0_16_287, 131.18, 54.4, 7.95331e-05
FILLER_0_17_281, 131.18, 54.4, 7.95331e-05
_1061_, 152.07, 54.4, 9.60165e-05
_1062_, 152.07, 54.4, 9.60165e-05
_1063_, 152.07, 54.4, 9.60165e-05
_1826_, 152.07, 54.4, 9.60165e-05
FILLER_0_17_322, 152.07, 54.4, 9.60165e-05
PHY_26, 5.52, 48.96, 4.99668e-05
PHY_28, 5.52, 48.96, 4.99668e-05
PHY_27, 160.08, 48.96, 9.83043e-05
PHY_29, 160.08, 48.96, 9.83043e-05
FILLER_0_13_328, 160.08, 48.96, 9.83043e-05
_1254_, 16.83, 48.96, 4.99668e-05
_1316_, 16.83, 48.96, 4.99668e-05
FILLER_0_15_30, 16.83, 48.96, 4.99668e-05
_1258_, 41.02, 48.96, 5.00418e-05
_1292_, 41.02, 48.96, 5.00418e-05
_1340_, 41.02, 48.96, 5.00418e-05
FILLER_0_14_78, 41.02, 48.96, 5.00418e-05
FILLER_0_15_86, 41.02, 48.96, 5.00418e-05
_1270_, 53.9, 48.96, 5.01168e-05
_1341_, 53.9, 48.96, 5.01168e-05
_1545_, 53.9, 48.96, 5.01168e-05
_1557_, 53.9, 48.96, 5.01168e-05
_1707_, 53.9, 48.96, 5.01168e-05
wire10, 53.9, 48.96, 5.01168e-05
max_cap16, 53.9, 48.96, 5.01168e-05
FILLER_0_14_93, 53.9, 48.96, 5.01168e-05
FILLER_0_15_113, 53.9, 48.96, 5.01168e-05
_1306_, 79.66, 48.96, 5.55781e-05
_1315_, 79.66, 48.96, 5.55781e-05
_1455_, 79.66, 48.96, 5.55781e-05
_1493_, 79.66, 48.96, 5.55781e-05
_1739_, 79.66, 48.96, 5.55781e-05
FILLER_0_13_148, 79.66, 48.96, 5.55781e-05
FILLER_0_14_158, 79.66, 48.96, 5.55781e-05
FILLER_0_15_172, 79.66, 48.96, 5.55781e-05
_1473_, 92.54, 48.96, 6.09644e-05
_1534_, 92.54, 48.96, 6.09644e-05
FILLER_0_14_188, 92.54, 48.96, 6.09644e-05
_1279_, 118.3, 48.96, 7.36723e-05
_1366_, 118.3, 48.96, 7.36723e-05
_1464_, 118.3, 48.96, 7.36723e-05
FILLER_0_13_233, 118.3, 48.96, 7.36723e-05
FILLER_0_13_243, 118.3, 48.96, 7.36723e-05
FILLER_0_14_241, 118.3, 48.96, 7.36723e-05
FILLER_0_14_249, 118.3, 48.96, 7.36723e-05
FILLER_0_14_253, 118.3, 48.96, 7.36723e-05
_1392_, 131.18, 48.96, 8.09939e-05
_1553_, 131.18, 48.96, 8.09939e-05
_1695_, 131.18, 48.96, 8.09939e-05
_1886_, 131.18, 48.96, 8.09939e-05
FILLER_0_13_266, 131.18, 48.96, 8.09939e-05
FILLER_0_14_266, 131.18, 48.96, 8.09939e-05
FILLER_0_15_277, 131.18, 48.96, 8.09939e-05
_1072_, 152.07, 48.96, 9.83043e-05
_1829_, 152.07, 48.96, 9.83043e-05
_1857_, 5.52, 43.52, 5.54884e-05
fpga_sobel_top_33, 5.52, 43.52, 5.54884e-05
PHY_22, 5.52, 43.52, 5.54884e-05
PHY_24, 5.52, 43.52, 5.54884e-05
PHY_23, 160.08, 43.52, 8.38736e-05
PHY_25, 160.08, 43.52, 8.38736e-05
_1170_, 16.83, 43.52, 5.45896e-05
_1269_, 16.83, 43.52, 5.45896e-05
FILLER_0_11_22, 16.83, 43.52, 5.45896e-05
FILLER_0_12_22, 16.83, 43.52, 5.45896e-05
FILLER_0_12_29, 16.83, 43.52, 5.45896e-05
FILLER_0_13_27, 16.83, 43.52, 5.45896e-05
_1256_, 41.02, 43.52, 5.3903e-05
_1351_, 41.02, 43.52, 5.3903e-05
_1445_, 41.02, 43.52, 5.3903e-05
_1579_, 41.02, 43.52, 5.3903e-05
wire11, 41.02, 43.52, 5.3903e-05
FILLER_0_11_66, 41.02, 43.52, 5.3903e-05
FILLER_0_12_68, 41.02, 43.52, 5.3903e-05
FILLER_0_12_77, 41.02, 43.52, 5.3903e-05
FILLER_0_12_85, 41.02, 43.52, 5.3903e-05
_1362_, 53.9, 43.52, 5.4115e-05
_1580_, 53.9, 43.52, 5.4115e-05
_1708_, 53.9, 43.52, 5.4115e-05
FILLER_0_11_105, 53.9, 43.52, 5.4115e-05
FILLER_0_12_93, 53.9, 43.52, 5.4115e-05
FILLER_0_13_113, 53.9, 43.52, 5.4115e-05
_1303_, 79.66, 43.52, 5.96972e-05
_1434_, 79.66, 43.52, 5.96972e-05
_1494_, 79.66, 43.52, 5.96972e-05
_1541_, 79.66, 43.52, 5.96972e-05
_1542_, 79.66, 43.52, 5.96972e-05
FILLER_0_11_149, 79.66, 43.52, 5.96972e-05
FILLER_0_12_152, 79.66, 43.52, 5.96972e-05
FILLER_0_12_168, 79.66, 43.52, 5.96972e-05
FILLER_0_13_169, 79.66, 43.52, 5.96972e-05
_1307_, 92.54, 43.52, 6.50674e-05
_1492_, 92.54, 43.52, 6.50674e-05
_1495_, 92.54, 43.52, 6.50674e-05
_1518_, 92.54, 43.52, 6.50674e-05
FILLER_0_12_193, 92.54, 43.52, 6.50674e-05
_1278_, 118.3, 43.52, 7.89425e-05
_1291_, 118.3, 43.52, 7.89425e-05
FILLER_0_12_244, 118.3, 43.52, 7.89425e-05
FILLER_0_13_254, 118.3, 43.52, 7.89425e-05
_1828_, 131.18, 43.52, 8.74474e-05
_1073_, 152.07, 43.52, 8.38736e-05
_1074_, 152.07, 43.52, 8.38736e-05
FILLER_0_11_310, 152.07, 43.52, 8.38736e-05
FILLER_0_12_324, 152.07, 43.52, 8.38736e-05
_1172_, 5.52, 38.08, 6.13037e-05
PHY_18, 5.52, 38.08, 6.13037e-05
PHY_20, 5.52, 38.08, 6.13037e-05
FILLER_0_10_3, 5.52, 38.08, 6.13037e-05
FILLER_0_10_11, 5.52, 38.08, 6.13037e-05
FILLER_0_11_3, 5.52, 38.08, 6.13037e-05
PHY_19, 160.08, 38.08, 0.000101348
PHY_21, 160.08, 38.08, 0.000101348
_1120_, 16.83, 38.08, 6.12071e-05
_1167_, 16.83, 38.08, 6.12071e-05
_1168_, 16.83, 38.08, 6.12071e-05
_1171_, 16.83, 38.08, 6.12071e-05
_1173_, 16.83, 38.08, 6.12071e-05
_1858_, 16.83, 38.08, 6.12071e-05
_1250_, 41.02, 38.08, 5.87392e-05
_1443_, 41.02, 38.08, 5.87392e-05
_1446_, 41.02, 38.08, 5.87392e-05
_1447_, 41.02, 38.08, 5.87392e-05
FILLER_0_10_74, 41.02, 38.08, 5.87392e-05
_1301_, 53.9, 38.08, 5.9138e-05
_1452_, 53.9, 38.08, 5.9138e-05
FILLER_0_9_96, 53.9, 38.08, 5.9138e-05
FILLER_0_9_105, 53.9, 38.08, 5.9138e-05
_1320_, 79.66, 38.08, 6.66409e-05
_1540_, 79.66, 38.08, 6.66409e-05
_1543_, 79.66, 38.08, 6.66409e-05
_1544_, 79.66, 38.08, 6.66409e-05
FILLER_0_9_152, 79.66, 38.08, 6.66409e-05
FILLER_0_10_148, 79.66, 38.08, 6.66409e-05
FILLER_0_10_171, 79.66, 38.08, 6.66409e-05
FILLER_0_11_162, 79.66, 38.08, 6.66409e-05
_1260_, 92.54, 38.08, 7.37449e-05
_1490_, 92.54, 38.08, 7.37449e-05
_1498_, 92.54, 38.08, 7.37449e-05
FILLER_0_10_187, 92.54, 38.08, 7.37449e-05
FILLER_0_10_197, 92.54, 38.08, 7.37449e-05
_1304_, 118.3, 38.08, 0.000100623
_1393_, 118.3, 38.08, 0.000100623
_1678_, 118.3, 38.08, 0.000100623
FILLER_0_9_236, 118.3, 38.08, 0.000100623
FILLER_0_10_246, 118.3, 38.08, 0.000100623
FILLER_0_11_246, 118.3, 38.08, 0.000100623
_1094_, 131.18, 38.08, 0.000120396
_1095_, 131.18, 38.08, 0.000120396
_1096_, 131.18, 38.08, 0.000120396
_1834_, 131.18, 38.08, 0.000120396
_1835_, 131.18, 38.08, 0.000120396
FILLER_0_10_265, 131.18, 38.08, 0.000120396
FILLER_0_10_275, 131.18, 38.08, 0.000120396
FILLER_0_11_276, 131.18, 38.08, 0.000120396
_1075_, 152.07, 38.08, 0.000101348
_1077_, 152.07, 38.08, 0.000101348
_1078_, 152.07, 38.08, 0.000101348
_1830_, 152.07, 38.08, 0.000101348
FILLER_0_11_325, 152.07, 38.08, 0.000101348
_1169_, 5.52, 32.64, 7.54409e-05
_1856_, 5.52, 32.64, 7.54409e-05
PHY_14, 5.52, 32.64, 7.54409e-05
PHY_16, 5.52, 32.64, 7.54409e-05
FILLER_0_8_3, 5.52, 32.64, 7.54409e-05
FILLER_0_8_9, 5.52, 32.64, 7.54409e-05
PHY_15, 160.08, 32.64, 8.14079e-05
PHY_17, 160.08, 32.64, 8.14079e-05
_1165_, 16.83, 32.64, 7.19552e-05
_1166_, 16.83, 32.64, 7.19552e-05
_1174_, 16.83, 32.64, 7.19552e-05
_1176_, 16.83, 32.64, 7.19552e-05
FILLER_0_7_16, 16.83, 32.64, 7.19552e-05
FILLER_0_8_17, 16.83, 32.64, 7.19552e-05
FILLER_0_8_25, 16.83, 32.64, 7.19552e-05
FILLER_0_8_33, 16.83, 32.64, 7.19552e-05
FILLER_0_7_69, 41.02, 32.64, 6.53157e-05
FILLER_0_8_76, 41.02, 32.64, 6.53157e-05
FILLER_0_9_88, 41.02, 32.64, 6.53157e-05
_1517_, 53.9, 32.64, 6.36375e-05
_1710_, 53.9, 32.64, 6.36375e-05
FILLER_0_7_94, 53.9, 32.64, 6.36375e-05
FILLER_0_7_104, 53.9, 32.64, 6.36375e-05
FILLER_0_8_109, 53.9, 32.64, 6.36375e-05
_1321_, 79.66, 32.64, 6.5594e-05
_1551_, 79.66, 32.64, 6.5594e-05
_1552_, 79.66, 32.64, 6.5594e-05
FILLER_0_7_151, 79.66, 32.64, 6.5594e-05
FILLER_0_9_169, 79.66, 32.64, 6.5594e-05
_1497_, 92.54, 32.64, 6.92287e-05
_1504_, 92.54, 32.64, 6.92287e-05
FILLER_0_8_189, 92.54, 32.64, 6.92287e-05
FILLER_0_9_201, 92.54, 32.64, 6.92287e-05
_1102_, 118.3, 32.64, 7.57115e-05
_1249_, 118.3, 32.64, 7.57115e-05
_1635_, 118.3, 32.64, 7.57115e-05
FILLER_0_8_247, 118.3, 32.64, 7.57115e-05
FILLER_0_8_253, 118.3, 32.64, 7.57115e-05
_1093_, 131.18, 32.64, 7.85597e-05
_1097_, 131.18, 32.64, 7.85597e-05
FILLER_0_7_273, 131.18, 32.64, 7.85597e-05
FILLER_0_8_260, 131.18, 32.64, 7.85597e-05
FILLER_0_9_277, 131.18, 32.64, 7.85597e-05
FILLER_0_9_281, 131.18, 32.64, 7.85597e-05
_1079_, 152.07, 32.64, 8.14079e-05
_1082_, 152.07, 32.64, 8.14079e-05
_1086_, 152.07, 32.64, 8.14079e-05
FILLER_0_9_327, 152.07, 32.64, 8.14079e-05
_1855_, 5.52, 27.2, 7.95357e-05
PHY_10, 5.52, 27.2, 7.95357e-05
PHY_12, 5.52, 27.2, 7.95357e-05
FILLER_0_6_3, 5.52, 27.2, 7.95357e-05
FILLER_0_7_3, 5.52, 27.2, 7.95357e-05
fpga_sobel_top_38, 160.08, 27.2, 0.000100889
PHY_11, 160.08, 27.2, 0.000100889
PHY_13, 160.08, 27.2, 0.000100889
_1164_, 16.83, 27.2, 7.66359e-05
_1175_, 16.83, 27.2, 7.66359e-05
_1859_, 16.83, 27.2, 7.66359e-05
FILLER_0_6_23, 16.83, 27.2, 7.66359e-05
FILLER_0_6_35, 16.83, 27.2, 7.66359e-05
_1199_, 41.02, 27.2, 6.96525e-05
_1547_, 41.02, 27.2, 6.96525e-05
fanout18, 41.02, 27.2, 6.96525e-05
FILLER_0_6_74, 41.02, 27.2, 6.96525e-05
FILLER_0_6_85, 41.02, 27.2, 6.96525e-05
FILLER_0_7_86, 41.02, 27.2, 6.96525e-05
_1637_, 53.9, 27.2, 6.80185e-05
FILLER_0_5_102, 53.9, 27.2, 6.80185e-05
FILLER_0_6_93, 53.9, 27.2, 6.80185e-05
FILLER_0_6_116, 53.9, 27.2, 6.80185e-05
_1255_, 79.66, 27.2, 7.35705e-05
FILLER_0_5_161, 79.66, 27.2, 7.35705e-05
FILLER_0_6_153, 79.66, 27.2, 7.35705e-05
FILLER_0_6_161, 79.66, 27.2, 7.35705e-05
FILLER_0_6_169, 79.66, 27.2, 7.35705e-05
FILLER_0_7_169, 79.66, 27.2, 7.35705e-05
_1371_, 92.54, 27.2, 8.07566e-05
_1533_, 92.54, 27.2, 8.07566e-05
_1636_, 92.54, 27.2, 8.07566e-05
_1638_, 92.54, 27.2, 8.07566e-05
FILLER_0_6_182, 92.54, 27.2, 8.07566e-05
_1098_, 118.3, 27.2, 0.00010986
_1100_, 118.3, 27.2, 0.00010986
_1101_, 118.3, 27.2, 0.00010986
_1107_, 118.3, 27.2, 0.00010986
_1836_, 118.3, 27.2, 0.00010986
_0931_, 131.18, 27.2, 0.000112176
_0941_, 131.18, 27.2, 0.000112176
_1099_, 131.18, 27.2, 0.000112176
_1833_, 131.18, 27.2, 0.000112176
FILLER_0_5_268, 131.18, 27.2, 0.000112176
FILLER_0_6_273, 131.18, 27.2, 0.000112176
_1083_, 152.07, 27.2, 0.000100889
_1087_, 152.07, 27.2, 0.000100889
_1831_, 152.07, 27.2, 0.000100889
FILLER_0_6_312, 152.07, 27.2, 0.000100889
FILLER_0_7_319, 152.07, 27.2, 0.000100889
FILLER_0_7_325, 152.07, 27.2, 0.000100889
PHY_6, 5.52, 21.76, 6.66255e-05
PHY_8, 5.52, 21.76, 6.66255e-05
FILLER_0_5_3, 5.52, 21.76, 6.66255e-05
PHY_7, 160.08, 21.76, 9.9673e-05
PHY_9, 160.08, 21.76, 9.9673e-05
FILLER_0_3_329, 160.08, 21.76, 9.9673e-05
_1861_, 16.83, 21.76, 6.66255e-05
_1198_, 41.02, 21.76, 6.97829e-05
_1866_, 41.02, 21.76, 6.97829e-05
FILLER_0_3_64, 41.02, 21.76, 6.97829e-05
FILLER_0_3_76, 41.02, 21.76, 6.97829e-05
_1418_, 53.9, 21.76, 6.91433e-05
_1767_, 53.9, 21.76, 6.91433e-05
FILLER_0_5_113, 53.9, 21.76, 6.91433e-05
_1768_, 79.66, 21.76, 7.77631e-05
FILLER_0_3_161, 79.66, 21.76, 7.77631e-05
FILLER_0_4_149, 79.66, 21.76, 7.77631e-05
_1265_, 92.54, 21.76, 8.70225e-05
_1485_, 92.54, 21.76, 8.70225e-05
_1496_, 92.54, 21.76, 8.70225e-05
FILLER_0_4_180, 92.54, 21.76, 8.70225e-05
FILLER_0_4_189, 92.54, 21.76, 8.70225e-05
_1103_, 118.3, 21.76, 9.57248e-05
_1104_, 118.3, 21.76, 9.57248e-05
_1105_, 118.3, 21.76, 9.57248e-05
_1106_, 118.3, 21.76, 9.57248e-05
_1108_, 118.3, 21.76, 9.57248e-05
_1110_, 118.3, 21.76, 9.57248e-05
FILLER_0_3_245, 118.3, 21.76, 9.57248e-05
FILLER_0_4_244, 118.3, 21.76, 9.57248e-05
FILLER_0_5_252, 118.3, 21.76, 9.57248e-05
_0933_, 131.18, 21.76, 9.51676e-05
_0934_, 131.18, 21.76, 9.51676e-05
_0940_, 131.18, 21.76, 9.51676e-05
_0942_, 131.18, 21.76, 9.51676e-05
FILLER_0_5_281, 131.18, 21.76, 9.51676e-05
_1240_, 152.07, 21.76, 9.9673e-05
_1832_, 152.07, 21.76, 9.9673e-05
PHY_2, 5.52, 16.32, 6.80748e-05
PHY_4, 5.52, 16.32, 6.80748e-05
PHY_3, 160.08, 16.32, 0.000109193
PHY_5, 160.08, 16.32, 0.000109193
_1183_, 16.83, 16.32, 6.80748e-05
_1184_, 16.83, 16.32, 6.80748e-05
_1862_, 16.83, 16.32, 6.80748e-05
FILLER_0_1_15, 16.83, 16.32, 6.80748e-05
FILLER_0_2_35, 16.83, 16.32, 6.80748e-05
FILLER_0_3_27, 16.83, 16.32, 6.80748e-05
FILLER_0_3_35, 16.83, 16.32, 6.80748e-05
_1190_, 41.02, 16.32, 6.89408e-05
_1191_, 41.02, 16.32, 6.89408e-05
_1192_, 41.02, 16.32, 6.89408e-05
_1194_, 41.02, 16.32, 6.89408e-05
_1195_, 41.02, 16.32, 6.89408e-05
_1196_, 41.02, 16.32, 6.89408e-05
_1197_, 41.02, 16.32, 6.89408e-05
_1865_, 41.02, 16.32, 6.89408e-05
FILLER_0_1_101, 53.9, 16.32, 6.92028e-05
FILLER_0_1_161, 79.66, 16.32, 7.98215e-05
FILLER_0_2_189, 92.54, 16.32, 9.01781e-05
_0899_, 118.3, 16.32, 0.000120066
_0932_, 118.3, 16.32, 0.000120066
_1109_, 118.3, 16.32, 0.000120066
_1113_, 118.3, 16.32, 0.000120066
_1116_, 118.3, 16.32, 0.000120066
_1839_, 118.3, 16.32, 0.000120066
_0900_, 131.18, 16.32, 0.000122705
_0939_, 131.18, 16.32, 0.000122705
_1841_, 131.18, 16.32, 0.000122705
fanout25, 131.18, 16.32, 0.000122705
FILLER_0_2_260, 131.18, 16.32, 0.000122705
FILLER_0_2_268, 131.18, 16.32, 0.000122705
FILLER_0_2_276, 131.18, 16.32, 0.000122705
FILLER_0_2_284, 131.18, 16.32, 0.000122705
FILLER_0_3_276, 131.18, 16.32, 0.000122705
FILLER_0_3_281, 131.18, 16.32, 0.000122705
FILLER_0_2_324, 152.07, 16.32, 0.000109193
PHY_0, 5.52, 10.88, 6.67895e-05
fpga_sobel_top_34, 160.08, 10.88, 9.06006e-05
PHY_1, 160.08, 10.88, 9.06006e-05
_1185_, 16.83, 10.88, 6.67895e-05
fpga_sobel_top_36, 16.83, 10.88, 6.67895e-05
FILLER_0_1_36, 16.83, 10.88, 6.67895e-05
_1193_, 41.02, 10.88, 7.25879e-05
_1864_, 41.02, 10.88, 7.25879e-05
input1, 41.02, 10.88, 7.25879e-05
fanout19, 41.02, 10.88, 7.25879e-05
FILLER_0_0_69, 41.02, 10.88, 7.25879e-05
FILLER_0_0_77, 41.02, 10.88, 7.25879e-05
FILLER_0_1_109, 53.9, 10.88, 6.99488e-05
FILLER_0_0_165, 79.66, 10.88, 7.1567e-05
FILLER_0_0_193, 92.54, 10.88, 7.58244e-05
_1112_, 118.3, 10.88, 8.43395e-05
_1117_, 118.3, 10.88, 8.43395e-05
FILLER_0_0_241, 118.3, 10.88, 8.43395e-05
FILLER_0_0_249, 118.3, 10.88, 8.43395e-05
FILLER_0_0_253, 118.3, 10.88, 8.43395e-05
FILLER_0_1_253, 118.3, 10.88, 8.43395e-05
_1118_, 131.18, 10.88, 8.85971e-05
_1119_, 131.18, 10.88, 8.85971e-05
fanout23, 131.18, 10.88, 8.85971e-05
FILLER_0_0_261, 131.18, 10.88, 8.85971e-05
FILLER_0_0_271, 131.18, 10.88, 8.85971e-05
FILLER_0_0_327, 152.07, 10.88, 9.06006e-05

