Instance name,  X location,  Y location,  Voltage 
_0975_, 140.76, 155.04, 1.79995
FILLER_0_53_293, 140.76, 155.04, 1.79995
FILLER_0_54_297, 140.76, 155.04, 1.79995
_1038_, 140.76, 149.6, 1.79995
_1815_, 140.76, 149.6, 1.79995
_1816_, 140.76, 149.6, 1.79995
_1003_, 140.76, 144.16, 1.79995
_1005_, 140.76, 144.16, 1.79995
_1039_, 140.76, 144.16, 1.79995
_1044_, 140.76, 144.16, 1.79995
_1806_, 140.76, 144.16, 1.79995
FILLER_0_49_286, 140.76, 144.16, 1.79995
FILLER_0_50_303, 140.76, 144.16, 1.79995
_0953_, 140.76, 138.72, 1.79995
_0954_, 140.76, 138.72, 1.79995
_1002_, 140.76, 138.72, 1.79995
FILLER_0_47_302, 140.76, 138.72, 1.79995
_0957_, 140.76, 133.28, 1.79995
_1793_, 140.76, 133.28, 1.79995
_1796_, 140.76, 133.28, 1.79995
FILLER_0_44_293, 140.76, 133.28, 1.79995
FILLER_0_46_298, 140.76, 133.28, 1.79995
_0968_, 140.76, 127.84, 1.79995
_1045_, 140.76, 127.84, 1.79995
fanout30, 140.76, 127.84, 1.79995
FILLER_0_42_291, 140.76, 127.84, 1.79995
FILLER_0_43_281, 140.76, 127.84, 1.79995
FILLER_0_43_289, 140.76, 127.84, 1.79995
_1001_, 140.76, 122.4, 1.79995
_1821_, 140.76, 122.4, 1.79995
FILLER_0_40_288, 140.76, 122.4, 1.79995
FILLER_0_41_291, 140.76, 122.4, 1.79995
FILLER_0_42_298, 140.76, 122.4, 1.79995
_0963_, 140.76, 116.96, 1.79996
_0998_, 140.76, 116.96, 1.79996
_1804_, 140.76, 116.96, 1.79996
FILLER_0_38_293, 140.76, 116.96, 1.79996
FILLER_0_39_297, 140.76, 116.96, 1.79996
FILLER_0_40_303, 140.76, 116.96, 1.79996
_0961_, 140.76, 111.52, 1.79996
_0995_, 140.76, 111.52, 1.79996
_0996_, 140.76, 111.52, 1.79996
_0997_, 140.76, 111.52, 1.79996
_1803_, 140.76, 111.52, 1.79996
FILLER_0_37_281, 140.76, 111.52, 1.79996
FILLER_0_37_298, 140.76, 111.52, 1.79996
_0994_, 140.76, 106.08, 1.79996
FILLER_0_35_281, 140.76, 106.08, 1.79996
FILLER_0_35_299, 140.76, 106.08, 1.79996
_0989_, 140.76, 100.64, 1.79995
_0991_, 140.76, 100.64, 1.79995
_0993_, 140.76, 100.64, 1.79995
FILLER_0_32_289, 140.76, 100.64, 1.79995
FILLER_0_33_281, 140.76, 100.64, 1.79995
FILLER_0_33_289, 140.76, 100.64, 1.79995
FILLER_0_34_302, 140.76, 100.64, 1.79995
_0990_, 140.76, 95.2, 1.79995
_1885_, 140.76, 95.2, 1.79995
fanout28, 140.76, 95.2, 1.79995
FILLER_0_32_303, 140.76, 95.2, 1.79995
_0971_, 140.76, 89.76, 1.79994
_0973_, 140.76, 89.76, 1.79994
_0974_, 140.76, 89.76, 1.79994
_1798_, 140.76, 89.76, 1.79994
fanout31, 140.76, 89.76, 1.79994
FILLER_0_29_290, 140.76, 89.76, 1.79994
FILLER_0_29_302, 140.76, 89.76, 1.79994
FILLER_0_30_299, 140.76, 89.76, 1.79994
_0972_, 140.76, 84.32, 1.79994
_0976_, 140.76, 84.32, 1.79994
FILLER_0_26_286, 140.76, 84.32, 1.79994
FILLER_0_27_281, 140.76, 84.32, 1.79994
FILLER_0_27_297, 140.76, 84.32, 1.79994
FILLER_0_28_299, 140.76, 84.32, 1.79994
_0937_, 140.76, 78.88, 1.79993
FILLER_0_24_292, 140.76, 78.88, 1.79993
FILLER_0_25_293, 140.76, 78.88, 1.79993
FILLER_0_26_299, 140.76, 78.88, 1.79993
_0903_, 140.76, 73.44, 1.79992
_0936_, 140.76, 73.44, 1.79992
FILLER_0_22_292, 140.76, 73.44, 1.79992
FILLER_0_24_302, 140.76, 73.44, 1.79992
_0895_, 140.76, 68, 1.79991
_1825_, 140.76, 68, 1.79991
FILLER_0_20_280, 140.76, 68, 1.79991
FILLER_0_22_300, 140.76, 68, 1.79991
_1050_, 140.76, 62.56, 1.79991
_1055_, 140.76, 62.56, 1.79991
_1056_, 140.76, 62.56, 1.79991
_1058_, 140.76, 62.56, 1.79991
_1059_, 140.76, 62.56, 1.79991
FILLER_0_19_285, 140.76, 62.56, 1.79991
FILLER_0_19_294, 140.76, 62.56, 1.79991
_1067_, 140.76, 57.12, 1.7999
_1068_, 140.76, 57.12, 1.7999
_1827_, 140.76, 57.12, 1.7999
FILLER_0_16_287, 140.76, 57.12, 1.7999
FILLER_0_17_281, 140.76, 57.12, 1.7999
FILLER_0_17_304, 140.76, 57.12, 1.7999
FILLER_0_18_301, 140.76, 57.12, 1.7999
_1064_, 140.76, 51.68, 1.7999
_1066_, 140.76, 51.68, 1.7999
FILLER_0_14_288, 140.76, 51.68, 1.7999
FILLER_0_15_293, 140.76, 51.68, 1.7999
FILLER_0_15_302, 140.76, 51.68, 1.7999
FILLER_0_16_304, 140.76, 51.68, 1.7999
_0896_, 140.76, 46.24, 1.79988
_1070_, 140.76, 46.24, 1.79988
_1828_, 140.76, 46.24, 1.79988
FILLER_0_13_298, 140.76, 46.24, 1.79988
FILLER_0_14_301, 140.76, 46.24, 1.79988
_0897_, 140.76, 40.8, 1.79989
_1091_, 140.76, 40.8, 1.79989
_1094_, 140.76, 40.8, 1.79989
_1095_, 140.76, 40.8, 1.79989
_1834_, 140.76, 40.8, 1.79989
FILLER_0_11_297, 140.76, 40.8, 1.79989
FILLER_0_12_301, 140.76, 40.8, 1.79989
_1092_, 140.76, 35.36, 1.79989
_1093_, 140.76, 35.36, 1.79989
FILLER_0_9_281, 140.76, 35.36, 1.79989
FILLER_0_9_288, 140.76, 35.36, 1.79989
FILLER_0_10_298, 140.76, 35.36, 1.79989
_0931_, 140.76, 29.92, 1.79988
_1089_, 140.76, 29.92, 1.79988
_1090_, 140.76, 29.92, 1.79988
_1833_, 140.76, 29.92, 1.79988
FILLER_0_7_297, 140.76, 29.92, 1.79988
FILLER_0_8_296, 140.76, 29.92, 1.79988
_0901_, 140.76, 24.48, 1.79989
_0930_, 140.76, 24.48, 1.79989
_0935_, 140.76, 24.48, 1.79989
_0942_, 140.76, 24.48, 1.79989
FILLER_0_5_281, 140.76, 24.48, 1.79989
FILLER_0_5_300, 140.76, 24.48, 1.79989
FILLER_0_6_298, 140.76, 24.48, 1.79989
_0902_, 140.76, 19.04, 1.79988
_0939_, 140.76, 19.04, 1.79988
_1235_, 140.76, 19.04, 1.79988
_1238_, 140.76, 19.04, 1.79988
_1239_, 140.76, 19.04, 1.79988
FILLER_0_2_284, 140.76, 19.04, 1.79988
FILLER_0_3_281, 140.76, 19.04, 1.79988
_1119_, 140.76, 13.6, 1.79987
_1842_, 140.76, 13.6, 1.79987
FILLER_0_2_297, 140.76, 13.6, 1.79987
_1811_, 102.12, 160.48, 1.79995
FILLER_0_55_221, 102.12, 160.48, 1.79995
_1017_, 102.12, 155.04, 1.79995
_1018_, 102.12, 155.04, 1.79995
_1022_, 102.12, 155.04, 1.79995
_1024_, 102.12, 155.04, 1.79995
_1809_, 102.12, 155.04, 1.79995
FILLER_0_53_211, 102.12, 155.04, 1.79995
_1027_, 102.12, 149.6, 1.79995
_1028_, 102.12, 149.6, 1.79995
_1029_, 102.12, 149.6, 1.79995
FILLER_0_50_197, 102.12, 149.6, 1.79995
FILLER_0_51_203, 102.12, 149.6, 1.79995
FILLER_0_51_214, 102.12, 149.6, 1.79995
_1026_, 102.12, 144.16, 1.79995
_1747_, 102.12, 144.16, 1.79995
_1812_, 102.12, 144.16, 1.79995
FILLER_0_48_205, 102.12, 144.16, 1.79995
FILLER_0_49_202, 102.12, 144.16, 1.79995
FILLER_0_49_215, 102.12, 144.16, 1.79995
_1731_, 102.12, 138.72, 1.79995
_1762_, 102.12, 138.72, 1.79995
_1891_, 102.12, 138.72, 1.79995
_1894_, 102.12, 138.72, 1.79995
_1640_, 102.12, 133.28, 1.79995
_1775_, 102.12, 133.28, 1.79995
_1790_, 102.12, 133.28, 1.79995
_1791_, 102.12, 133.28, 1.79995
FILLER_0_45_214, 102.12, 133.28, 1.79995
FILLER_0_46_214, 102.12, 133.28, 1.79995
_1624_, 102.12, 127.84, 1.79996
_1758_, 102.12, 127.84, 1.79996
_1771_, 102.12, 127.84, 1.79996
FILLER_0_42_205, 102.12, 127.84, 1.79996
FILLER_0_43_205, 102.12, 127.84, 1.79996
FILLER_0_43_215, 102.12, 127.84, 1.79996
_1350_, 102.12, 122.4, 1.79996
_1730_, 102.12, 122.4, 1.79996
FILLER_0_40_209, 102.12, 122.4, 1.79996
FILLER_0_41_213, 102.12, 122.4, 1.79996
FILLER_0_41_221, 102.12, 122.4, 1.79996
FILLER_0_42_219, 102.12, 122.4, 1.79996
_1469_, 102.12, 116.96, 1.79996
_1725_, 102.12, 116.96, 1.79996
_1755_, 102.12, 116.96, 1.79996
_1760_, 102.12, 116.96, 1.79996
_1761_, 102.12, 116.96, 1.79996
FILLER_0_39_204, 102.12, 116.96, 1.79996
FILLER_0_39_212, 102.12, 116.96, 1.79996
FILLER_0_40_221, 102.12, 116.96, 1.79996
_1726_, 102.12, 111.52, 1.79996
_1728_, 102.12, 111.52, 1.79996
_1732_, 102.12, 111.52, 1.79996
_1774_, 102.12, 111.52, 1.79996
FILLER_0_37_214, 102.12, 111.52, 1.79996
FILLER_0_38_217, 102.12, 111.52, 1.79996
_1727_, 102.12, 106.08, 1.79997
_1772_, 102.12, 106.08, 1.79997
_1773_, 102.12, 106.08, 1.79997
FILLER_0_34_197, 102.12, 106.08, 1.79997
FILLER_0_35_200, 102.12, 106.08, 1.79997
FILLER_0_35_214, 102.12, 106.08, 1.79997
FILLER_0_36_220, 102.12, 106.08, 1.79997
_1648_, 102.12, 100.64, 1.79996
_1724_, 102.12, 100.64, 1.79996
FILLER_0_32_197, 102.12, 100.64, 1.79996
FILLER_0_34_211, 102.12, 100.64, 1.79996
_1347_, 102.12, 95.2, 1.79996
_1690_, 102.12, 95.2, 1.79996
ANTENNA_1, 102.12, 95.2, 1.79996
FILLER_0_31_215, 102.12, 95.2, 1.79996
FILLER_0_32_214, 102.12, 95.2, 1.79996
_1477_, 102.12, 89.76, 1.79995
_1479_, 102.12, 89.76, 1.79995
_1691_, 102.12, 89.76, 1.79995
FILLER_0_29_197, 102.12, 89.76, 1.79995
FILLER_0_29_219, 102.12, 89.76, 1.79995
_1505_, 102.12, 84.32, 1.79994
_1507_, 102.12, 84.32, 1.79994
FILLER_0_27_219, 102.12, 84.32, 1.79994
_1416_, 102.12, 78.88, 1.79994
_1480_, 102.12, 78.88, 1.79994
_1514_, 102.12, 78.88, 1.79994
_1571_, 102.12, 78.88, 1.79994
FILLER_0_24_203, 102.12, 78.88, 1.79994
FILLER_0_26_212, 102.12, 78.88, 1.79994
_1401_, 102.12, 73.44, 1.79993
_1512_, 102.12, 73.44, 1.79993
_1527_, 102.12, 73.44, 1.79993
ANTENNA_2, 102.12, 73.44, 1.79993
FILLER_0_22_197, 102.12, 73.44, 1.79993
FILLER_0_23_215, 102.12, 73.44, 1.79993
FILLER_0_24_216, 102.12, 73.44, 1.79993
_1478_, 102.12, 68, 1.79993
_1560_, 102.12, 68, 1.79993
_1614_, 102.12, 68, 1.79993
FILLER_0_20_197, 102.12, 68, 1.79993
FILLER_0_21_212, 102.12, 68, 1.79993
_1484_, 102.12, 62.56, 1.79992
_1523_, 102.12, 62.56, 1.79992
_1613_, 102.12, 62.56, 1.79992
FILLER_0_19_201, 102.12, 62.56, 1.79992
FILLER_0_19_220, 102.12, 62.56, 1.79992
FILLER_0_20_213, 102.12, 62.56, 1.79992
_1465_, 102.12, 57.12, 1.79992
_1526_, 102.12, 57.12, 1.79992
_1530_, 102.12, 57.12, 1.79992
FILLER_0_16_197, 102.12, 57.12, 1.79992
FILLER_0_16_210, 102.12, 57.12, 1.79992
FILLER_0_17_218, 102.12, 57.12, 1.79992
FILLER_0_18_213, 102.12, 57.12, 1.79992
_1470_, 102.12, 51.68, 1.79991
_1473_, 102.12, 51.68, 1.79991
_1520_, 102.12, 51.68, 1.79991
FILLER_0_15_213, 102.12, 51.68, 1.79991
FILLER_0_15_221, 102.12, 51.68, 1.79991
_1307_, 102.12, 46.24, 1.79991
_1370_, 102.12, 46.24, 1.79991
_1495_, 102.12, 46.24, 1.79991
_1518_, 102.12, 46.24, 1.79991
FILLER_0_13_205, 102.12, 46.24, 1.79991
FILLER_0_13_217, 102.12, 46.24, 1.79991
_1528_, 102.12, 40.8, 1.79991
_1529_, 102.12, 40.8, 1.79991
_1567_, 102.12, 40.8, 1.79991
FILLER_0_10_197, 102.12, 40.8, 1.79991
FILLER_0_10_210, 102.12, 40.8, 1.79991
FILLER_0_11_205, 102.12, 40.8, 1.79991
FILLER_0_11_216, 102.12, 40.8, 1.79991
FILLER_0_12_212, 102.12, 40.8, 1.79991
_1457_, 102.12, 35.36, 1.7999
_1459_, 102.12, 35.36, 1.7999
_1537_, 102.12, 35.36, 1.7999
FILLER_0_9_201, 102.12, 35.36, 1.7999
FILLER_0_9_215, 102.12, 35.36, 1.7999
_1297_, 102.12, 29.92, 1.7999
_1371_, 102.12, 29.92, 1.7999
_1458_, 102.12, 29.92, 1.7999
_1636_, 102.12, 29.92, 1.7999
FILLER_0_6_207, 102.12, 29.92, 1.7999
FILLER_0_7_208, 102.12, 29.92, 1.7999
FILLER_0_7_221, 102.12, 29.92, 1.7999
FILLER_0_8_214, 102.12, 29.92, 1.7999
_1496_, 102.12, 24.48, 1.79989
_1672_, 102.12, 24.48, 1.79989
_1673_, 102.12, 24.48, 1.79989
_1838_, 102.12, 19.04, 1.79989
fanout26, 102.12, 19.04, 1.79989
FILLER_0_3_205, 102.12, 19.04, 1.79989
_0945_, 102.12, 13.6, 1.79988
_1115_, 102.12, 13.6, 1.79988
_1840_, 102.12, 13.6, 1.79988
FILLER_0_0_209, 102.12, 13.6, 1.79988
FILLER_0_0_221, 102.12, 13.6, 1.79988
_1854_, 63.48, 160.48, 1.79994
fpga_sobel_top_42, 63.48, 160.48, 1.79994
FILLER_0_55_125, 63.48, 160.48, 1.79994
FILLER_0_55_133, 63.48, 160.48, 1.79994
_1157_, 63.48, 155.04, 1.79994
_1160_, 63.48, 155.04, 1.79994
FILLER_0_53_113, 63.48, 155.04, 1.79994
FILLER_0_54_131, 63.48, 155.04, 1.79994
_1853_, 63.48, 149.6, 1.79994
FILLER_0_52_129, 63.48, 149.6, 1.79994
FILLER_0_52_137, 63.48, 149.6, 1.79994
_1585_, 63.48, 144.16, 1.79994
_1664_, 63.48, 144.16, 1.79994
_1711_, 63.48, 144.16, 1.79994
FILLER_0_48_114, 63.48, 144.16, 1.79994
_1748_, 63.48, 138.72, 1.79994
FILLER_0_48_128, 63.48, 138.72, 1.79994
FILLER_0_48_137, 63.48, 138.72, 1.79994
_1575_, 63.48, 133.28, 1.79995
_1589_, 63.48, 133.28, 1.79995
_1625_, 63.48, 133.28, 1.79995
_1665_, 63.48, 133.28, 1.79995
FILLER_0_45_113, 63.48, 133.28, 1.79995
FILLER_0_45_123, 63.48, 133.28, 1.79995
FILLER_0_45_132, 63.48, 133.28, 1.79995
_1696_, 63.48, 127.84, 1.79995
_1750_, 63.48, 127.84, 1.79995
FILLER_0_43_117, 63.48, 127.84, 1.79995
FILLER_0_43_125, 63.48, 127.84, 1.79995
FILLER_0_44_131, 63.48, 127.84, 1.79995
_1608_, 63.48, 122.4, 1.79995
_1621_, 63.48, 122.4, 1.79995
_1623_, 63.48, 122.4, 1.79995
_1729_, 63.48, 122.4, 1.79995
_1749_, 63.48, 122.4, 1.79995
FILLER_0_40_112, 63.48, 122.4, 1.79995
FILLER_0_42_132, 63.48, 122.4, 1.79995
_1586_, 63.48, 116.96, 1.79995
_1587_, 63.48, 116.96, 1.79995
_1588_, 63.48, 116.96, 1.79995
_1591_, 63.48, 116.96, 1.79995
FILLER_0_38_117, 63.48, 116.96, 1.79995
FILLER_0_40_134, 63.48, 116.96, 1.79995
_1245_, 63.48, 111.52, 1.79995
_1259_, 63.48, 111.52, 1.79995
_1408_, 63.48, 111.52, 1.79995
FILLER_0_37_137, 63.48, 111.52, 1.79995
_1282_, 63.48, 106.08, 1.79995
_1594_, 63.48, 106.08, 1.79995
_1596_, 63.48, 106.08, 1.79995
_1597_, 63.48, 106.08, 1.79995
FILLER_0_34_119, 63.48, 106.08, 1.79995
FILLER_0_34_126, 63.48, 106.08, 1.79995
FILLER_0_35_130, 63.48, 106.08, 1.79995
FILLER_0_36_135, 63.48, 106.08, 1.79995
_1509_, 63.48, 100.64, 1.79995
_1595_, 63.48, 100.64, 1.79995
_1653_, 63.48, 100.64, 1.79995
FILLER_0_33_119, 63.48, 100.64, 1.79995
FILLER_0_34_136, 63.48, 100.64, 1.79995
_1686_, 63.48, 95.2, 1.79995
_1703_, 63.48, 95.2, 1.79995
FILLER_0_31_121, 63.48, 95.2, 1.79995
FILLER_0_31_134, 63.48, 95.2, 1.79995
FILLER_0_32_129, 63.48, 95.2, 1.79995
FILLER_0_32_137, 63.48, 95.2, 1.79995
_1569_, 63.48, 89.76, 1.79994
_1700_, 63.48, 89.76, 1.79994
_1701_, 63.48, 89.76, 1.79994
FILLER_0_29_125, 63.48, 89.76, 1.79994
FILLER_0_29_138, 63.48, 89.76, 1.79994
FILLER_0_30_129, 63.48, 89.76, 1.79994
FILLER_0_30_137, 63.48, 89.76, 1.79994
_1570_, 63.48, 84.32, 1.79994
_1681_, 63.48, 84.32, 1.79994
FILLER_0_27_125, 63.48, 84.32, 1.79994
FILLER_0_28_136, 63.48, 84.32, 1.79994
_1433_, 63.48, 78.88, 1.79994
_1641_, 63.48, 78.88, 1.79994
_1642_, 63.48, 78.88, 1.79994
_1674_, 63.48, 78.88, 1.79994
FILLER_0_24_125, 63.48, 78.88, 1.79994
FILLER_0_25_120, 63.48, 78.88, 1.79994
FILLER_0_25_126, 63.48, 78.88, 1.79994
FILLER_0_25_134, 63.48, 78.88, 1.79994
FILLER_0_26_137, 63.48, 78.88, 1.79994
_1400_, 63.48, 73.44, 1.79993
_1419_, 63.48, 73.44, 1.79993
_1536_, 63.48, 73.44, 1.79993
FILLER_0_24_133, 63.48, 73.44, 1.79993
_1429_, 63.48, 68, 1.79993
_1619_, 63.48, 68, 1.79993
_1645_, 63.48, 68, 1.79993
_1646_, 63.48, 68, 1.79993
FILLER_0_20_115, 63.48, 68, 1.79993
FILLER_0_22_129, 63.48, 68, 1.79993
FILLER_0_22_137, 63.48, 68, 1.79993
_1373_, 63.48, 62.56, 1.79992
_1426_, 63.48, 62.56, 1.79992
FILLER_0_19_113, 63.48, 62.56, 1.79992
FILLER_0_19_122, 63.48, 62.56, 1.79992
FILLER_0_19_133, 63.48, 62.56, 1.79992
FILLER_0_20_136, 63.48, 62.56, 1.79992
_1287_, 63.48, 57.12, 1.79992
_1435_, 63.48, 57.12, 1.79992
_1546_, 63.48, 57.12, 1.79992
_1709_, 63.48, 57.12, 1.79992
FILLER_0_16_118, 63.48, 57.12, 1.79992
FILLER_0_17_134, 63.48, 57.12, 1.79992
FILLER_0_18_134, 63.48, 57.12, 1.79992
_1314_, 63.48, 51.68, 1.79992
_1545_, 63.48, 51.68, 1.79992
_1707_, 63.48, 51.68, 1.79992
wire10, 63.48, 51.68, 1.79992
FILLER_0_14_122, 63.48, 51.68, 1.79992
FILLER_0_15_113, 63.48, 51.68, 1.79992
FILLER_0_15_139, 63.48, 51.68, 1.79992
FILLER_0_16_133, 63.48, 51.68, 1.79992
_1248_, 63.48, 46.24, 1.79992
_1454_, 63.48, 46.24, 1.79992
_1708_, 63.48, 46.24, 1.79992
FILLER_0_13_113, 63.48, 46.24, 1.79992
FILLER_0_14_134, 63.48, 46.24, 1.79992
_1448_, 63.48, 40.8, 1.79991
_1452_, 63.48, 40.8, 1.79991
_1453_, 63.48, 40.8, 1.79991
FILLER_0_10_126, 63.48, 40.8, 1.79991
_1549_, 63.48, 35.36, 1.79991
_1710_, 63.48, 35.36, 1.79991
_1738_, 63.48, 35.36, 1.79991
FILLER_0_8_126, 63.48, 35.36, 1.79991
_1288_, 63.48, 29.92, 1.79991
_1548_, 63.48, 29.92, 1.79991
_1550_, 63.48, 29.92, 1.79991
FILLER_0_6_116, 63.48, 29.92, 1.79991
FILLER_0_7_125, 63.48, 29.92, 1.79991
FILLER_0_7_133, 63.48, 29.92, 1.79991
FILLER_0_8_137, 63.48, 29.92, 1.79991
_1418_, 63.48, 24.48, 1.7999
FILLER_0_5_113, 63.48, 24.48, 1.7999
FILLER_0_4_129, 63.48, 19.04, 1.7999
FILLER_0_4_137, 63.48, 19.04, 1.7999
fpga_sobel_top_39, 63.48, 13.6, 1.7999
FILLER_0_0_125, 63.48, 13.6, 1.7999
FILLER_0_0_132, 63.48, 13.6, 1.7999
_1844_, 24.84, 160.48, 1.79993
fpga_sobel_top_37, 24.84, 160.48, 1.79993
FILLER_0_54_32, 24.84, 160.48, 1.79993
FILLER_0_55_41, 24.84, 160.48, 1.79993
FILLER_0_55_48, 24.84, 160.48, 1.79993
_1133_, 24.84, 155.04, 1.79994
_1135_, 24.84, 155.04, 1.79994
FILLER_0_53_39, 24.84, 155.04, 1.79994
FILLER_0_53_51, 24.84, 155.04, 1.79994
_1132_, 24.84, 149.6, 1.79993
_1134_, 24.84, 149.6, 1.79993
FILLER_0_50_41, 24.84, 149.6, 1.79993
FILLER_0_51_46, 24.84, 149.6, 1.79993
_1140_, 24.84, 144.16, 1.79993
_1143_, 24.84, 144.16, 1.79993
_1144_, 24.84, 144.16, 1.79993
_1145_, 24.84, 144.16, 1.79993
_1146_, 24.84, 144.16, 1.79993
FILLER_0_48_33, 24.84, 144.16, 1.79993
FILLER_0_49_43, 24.84, 144.16, 1.79993
FILLER_0_49_49, 24.84, 144.16, 1.79993
_0967_, 24.84, 138.72, 1.79993
_1848_, 24.84, 138.72, 1.79993
FILLER_0_47_35, 24.84, 138.72, 1.79993
FILLER_0_47_46, 24.84, 138.72, 1.79993
_0919_, 24.84, 133.28, 1.79994
_1228_, 24.84, 133.28, 1.79994
_1874_, 24.84, 133.28, 1.79994
FILLER_0_44_34, 24.84, 133.28, 1.79994
FILLER_0_45_49, 24.84, 133.28, 1.79994
_0911_, 24.84, 127.84, 1.79994
_0918_, 24.84, 127.84, 1.79994
_0920_, 24.84, 127.84, 1.79994
_0921_, 24.84, 127.84, 1.79994
FILLER_0_42_41, 24.84, 127.84, 1.79994
FILLER_0_43_40, 24.84, 127.84, 1.79994
FILLER_0_43_51, 24.84, 127.84, 1.79994
_0914_, 24.84, 122.4, 1.79994
_1246_, 24.84, 122.4, 1.79994
_1311_, 24.84, 122.4, 1.79994
FILLER_0_42_49, 24.84, 122.4, 1.79994
_1247_, 24.84, 116.96, 1.79994
_1295_, 24.84, 116.96, 1.79994
_1420_, 24.84, 116.96, 1.79994
FILLER_0_38_39, 24.84, 116.96, 1.79994
FILLER_0_40_47, 24.84, 116.96, 1.79994
_1289_, 24.84, 111.52, 1.79994
_1290_, 24.84, 111.52, 1.79994
_1302_, 24.84, 111.52, 1.79994
_1363_, 24.84, 111.52, 1.79994
_1364_, 24.84, 111.52, 1.79994
FILLER_0_36_41, 24.84, 111.52, 1.79994
_1244_, 24.84, 106.08, 1.79995
_1280_, 24.84, 106.08, 1.79995
_1359_, 24.84, 106.08, 1.79995
_1630_, 24.84, 106.08, 1.79995
FILLER_0_34_39, 24.84, 106.08, 1.79995
FILLER_0_35_35, 24.84, 106.08, 1.79995
FILLER_0_35_47, 24.84, 106.08, 1.79995
FILLER_0_36_52, 24.84, 106.08, 1.79995
_0905_, 24.84, 100.64, 1.79994
_1389_, 24.84, 100.64, 1.79994
_1582_, 24.84, 100.64, 1.79994
_1607_, 24.84, 100.64, 1.79994
FILLER_0_33_53, 24.84, 100.64, 1.79994
FILLER_0_34_55, 24.84, 100.64, 1.79994
_0924_, 24.84, 95.2, 1.79994
_1348_, 24.84, 95.2, 1.79994
_1349_, 24.84, 95.2, 1.79994
_1390_, 24.84, 95.2, 1.79994
FILLER_0_31_50, 24.84, 95.2, 1.79994
_0907_, 24.84, 89.76, 1.79994
_1243_, 24.84, 89.76, 1.79994
_1396_, 24.84, 89.76, 1.79994
_1422_, 24.84, 89.76, 1.79994
_1563_, 24.84, 89.76, 1.79994
FILLER_0_28_37, 24.84, 89.76, 1.79994
FILLER_0_29_43, 24.84, 89.76, 1.79994
_1430_, 24.84, 84.32, 1.79993
_1440_, 24.84, 84.32, 1.79993
_1441_, 24.84, 84.32, 1.79993
_1564_, 24.84, 84.32, 1.79993
FILLER_0_26_41, 24.84, 84.32, 1.79993
_1354_, 24.84, 78.88, 1.79993
_1385_, 24.84, 78.88, 1.79993
FILLER_0_24_37, 24.84, 78.88, 1.79993
FILLER_0_25_47, 24.84, 78.88, 1.79993
_1272_, 24.84, 73.44, 1.79993
_1323_, 24.84, 73.44, 1.79993
FILLER_0_23_52, 24.84, 73.44, 1.79993
_1337_, 24.84, 68, 1.79993
FILLER_0_21_37, 24.84, 68, 1.79993
_1205_, 24.84, 62.56, 1.79992
_1283_, 24.84, 62.56, 1.79992
_1299_, 24.84, 62.56, 1.79992
FILLER_0_19_49, 24.84, 62.56, 1.79992
_1296_, 24.84, 57.12, 1.79992
_1300_, 24.84, 57.12, 1.79992
_1342_, 24.84, 57.12, 1.79992
FILLER_0_16_39, 24.84, 57.12, 1.79992
FILLER_0_17_33, 24.84, 57.12, 1.79992
FILLER_0_17_53, 24.84, 57.12, 1.79992
FILLER_0_18_48, 24.84, 57.12, 1.79992
_1254_, 24.84, 51.68, 1.79992
_1313_, 24.84, 51.68, 1.79992
_1381_, 24.84, 51.68, 1.79992
FILLER_0_14_39, 24.84, 51.68, 1.79992
FILLER_0_15_39, 24.84, 51.68, 1.79992
FILLER_0_15_50, 24.84, 51.68, 1.79992
FILLER_0_16_53, 24.84, 51.68, 1.79992
_1206_, 24.84, 46.24, 1.79992
_1274_, 24.84, 46.24, 1.79992
_1538_, 24.84, 46.24, 1.79992
FILLER_0_13_38, 24.84, 46.24, 1.79992
FILLER_0_13_48, 24.84, 46.24, 1.79992
_1539_, 24.84, 40.8, 1.79991
FILLER_0_11_50, 24.84, 40.8, 1.79991
_1179_, 24.84, 35.36, 1.79991
_1180_, 24.84, 35.36, 1.79991
FILLER_0_8_33, 24.84, 35.36, 1.79991
FILLER_0_9_44, 24.84, 35.36, 1.79991
FILLER_0_9_53, 24.84, 35.36, 1.79991
_1178_, 24.84, 29.92, 1.7999
_1860_, 24.84, 29.92, 1.7999
FILLER_0_6_35, 24.84, 29.92, 1.7999
FILLER_0_7_42, 24.84, 29.92, 1.7999
FILLER_0_7_53, 24.84, 29.92, 1.7999
_1123_, 24.84, 24.48, 1.7999
_1177_, 24.84, 24.48, 1.7999
FILLER_0_6_43, 24.84, 24.48, 1.7999
FILLER_0_6_51, 24.84, 24.48, 1.7999
_1181_, 24.84, 19.04, 1.79991
_1182_, 24.84, 19.04, 1.79991
_1183_, 24.84, 19.04, 1.79991
_1187_, 24.84, 19.04, 1.79991
FILLER_0_2_35, 24.84, 19.04, 1.79991
FILLER_0_3_35, 24.84, 19.04, 1.79991
FILLER_0_3_42, 24.84, 19.04, 1.79991
FILLER_0_3_53, 24.84, 19.04, 1.79991
FILLER_0_4_50, 24.84, 19.04, 1.79991
_1186_, 24.84, 13.6, 1.7999
_1188_, 24.84, 13.6, 1.7999
_1189_, 24.84, 13.6, 1.7999
_1863_, 24.84, 13.6, 1.7999
fpga_sobel_top_36, 24.84, 13.6, 1.7999
FILLER_0_0_38, 24.84, 13.6, 1.7999
FILLER_0_0_52, 24.84, 13.6, 1.7999
FILLER_0_1_36, 24.84, 13.6, 1.7999
PHY_108, 5.52, 160.48, 1.79993
PHY_110, 5.52, 160.48, 1.79993
PHY_109, 160.08, 160.48, 1.79995
PHY_111, 160.08, 160.48, 1.79995
FILLER_0_54_18, 15.18, 160.48, 1.79993
_1124_, 37.72, 160.48, 1.79993
_1129_, 37.72, 160.48, 1.79993
_1843_, 37.72, 160.48, 1.79993
FILLER_0_55_81, 37.72, 160.48, 1.79993
_1156_, 50.6, 160.48, 1.79993
_1852_, 50.6, 160.48, 1.79993
input2, 50.6, 160.48, 1.79993
FILLER_0_55_85, 50.6, 160.48, 1.79993
FILLER_0_55_165, 76.36, 160.48, 1.79994
_1021_, 89.24, 160.48, 1.79994
_1810_, 89.24, 160.48, 1.79994
fpga_sobel_top_43, 89.24, 160.48, 1.79994
FILLER_0_55_169, 89.24, 160.48, 1.79994
FILLER_0_55_179, 89.24, 160.48, 1.79994
FILLER_0_55_188, 89.24, 160.48, 1.79994
_1012_, 115, 160.48, 1.79995
_1013_, 115, 160.48, 1.79995
_1016_, 115, 160.48, 1.79995
_1808_, 115, 160.48, 1.79995
FILLER_0_55_247, 115, 160.48, 1.79995
_1008_, 127.88, 160.48, 1.79995
_1009_, 127.88, 160.48, 1.79995
_1807_, 127.88, 160.48, 1.79995
fpga_sobel_top_44, 127.88, 160.48, 1.79995
FILLER_0_55_253, 127.88, 160.48, 1.79995
FILLER_0_55_265, 127.88, 160.48, 1.79995
FILLER_0_55_273, 127.88, 160.48, 1.79995
FILLER_0_54_305, 150.42, 160.48, 1.79995
FILLER_0_55_305, 150.42, 160.48, 1.79995
fpga_sobel_top_40, 5.52, 155.04, 1.79993
PHY_104, 5.52, 155.04, 1.79993
PHY_106, 5.52, 155.04, 1.79993
PHY_105, 160.08, 155.04, 1.79995
PHY_107, 160.08, 155.04, 1.79995
FILLER_0_52_329, 160.08, 155.04, 1.79995
FILLER_0_53_326, 160.08, 155.04, 1.79995
_1137_, 15.18, 155.04, 1.79993
_1845_, 15.18, 155.04, 1.79993
FILLER_0_52_15, 15.18, 155.04, 1.79993
FILLER_0_53_15, 15.18, 155.04, 1.79993
_0947_, 37.72, 155.04, 1.79994
_1126_, 37.72, 155.04, 1.79994
_1130_, 37.72, 155.04, 1.79994
_1131_, 37.72, 155.04, 1.79994
FILLER_0_53_57, 37.72, 155.04, 1.79994
FILLER_0_53_65, 37.72, 155.04, 1.79994
FILLER_0_53_79, 37.72, 155.04, 1.79994
FILLER_0_54_81, 37.72, 155.04, 1.79994
_1153_, 50.6, 155.04, 1.79994
_1155_, 50.6, 155.04, 1.79994
_1161_, 50.6, 155.04, 1.79994
_1851_, 50.6, 155.04, 1.79994
FILLER_0_52_85, 50.6, 155.04, 1.79994
FILLER_0_53_92, 50.6, 155.04, 1.79994
_1714_, 76.36, 155.04, 1.79994
_1890_, 76.36, 155.04, 1.79994
FILLER_0_52_141, 76.36, 155.04, 1.79994
FILLER_0_53_146, 76.36, 155.04, 1.79994
FILLER_0_54_165, 76.36, 155.04, 1.79994
_1019_, 89.24, 155.04, 1.79994
_1020_, 89.24, 155.04, 1.79994
_1025_, 89.24, 155.04, 1.79994
_1765_, 89.24, 155.04, 1.79994
fanout27, 89.24, 155.04, 1.79994
FILLER_0_53_169, 89.24, 155.04, 1.79994
FILLER_0_53_181, 89.24, 155.04, 1.79994
FILLER_0_54_189, 89.24, 155.04, 1.79994
_1011_, 115, 155.04, 1.79995
_1014_, 115, 155.04, 1.79995
_1015_, 115, 155.04, 1.79995
_1007_, 127.88, 155.04, 1.79995
_1010_, 127.88, 155.04, 1.79995
_1037_, 127.88, 155.04, 1.79995
FILLER_0_52_253, 127.88, 155.04, 1.79995
FILLER_0_53_270, 127.88, 155.04, 1.79995
_1040_, 150.42, 155.04, 1.79995
PHY_100, 5.52, 149.6, 1.79992
PHY_102, 5.52, 149.6, 1.79992
FILLER_0_51_3, 5.52, 149.6, 1.79992
PHY_101, 160.08, 149.6, 1.79995
PHY_103, 160.08, 149.6, 1.79995
FILLER_0_51_330, 160.08, 149.6, 1.79995
_1136_, 15.18, 149.6, 1.79992
_1138_, 15.18, 149.6, 1.79992
_1139_, 15.18, 149.6, 1.79992
_1846_, 15.18, 149.6, 1.79992
_0948_, 37.72, 149.6, 1.79993
_1125_, 37.72, 149.6, 1.79993
_1127_, 37.72, 149.6, 1.79993
_1128_, 37.72, 149.6, 1.79993
FILLER_0_50_56, 37.72, 149.6, 1.79993
FILLER_0_51_57, 37.72, 149.6, 1.79993
FILLER_0_51_72, 37.72, 149.6, 1.79993
FILLER_0_52_81, 37.72, 149.6, 1.79993
_1152_, 50.6, 149.6, 1.79994
_1154_, 50.6, 149.6, 1.79994
_1158_, 50.6, 149.6, 1.79994
_1159_, 50.6, 149.6, 1.79994
FILLER_0_51_85, 50.6, 149.6, 1.79994
FILLER_0_51_99, 50.6, 149.6, 1.79994
_1713_, 76.36, 149.6, 1.79994
FILLER_0_51_143, 76.36, 149.6, 1.79994
FILLER_0_51_151, 76.36, 149.6, 1.79994
FILLER_0_51_163, 76.36, 149.6, 1.79994
FILLER_0_52_165, 76.36, 149.6, 1.79994
_1023_, 89.24, 149.6, 1.79994
_1764_, 89.24, 149.6, 1.79994
_1893_, 89.24, 149.6, 1.79994
FILLER_0_51_185, 89.24, 149.6, 1.79994
FILLER_0_52_188, 89.24, 149.6, 1.79994
_1032_, 115, 149.6, 1.79994
_1033_, 115, 149.6, 1.79994
_1813_, 115, 149.6, 1.79994
FILLER_0_51_225, 115, 149.6, 1.79994
FILLER_0_51_250, 115, 149.6, 1.79994
FILLER_0_52_242, 115, 149.6, 1.79994
_0970_, 127.88, 149.6, 1.79994
_1035_, 127.88, 149.6, 1.79994
_1036_, 127.88, 149.6, 1.79994
_1814_, 127.88, 149.6, 1.79994
FILLER_0_50_253, 127.88, 149.6, 1.79994
FILLER_0_51_277, 127.88, 149.6, 1.79994
_1041_, 150.42, 149.6, 1.79995
_1817_, 150.42, 149.6, 1.79995
FILLER_0_50_309, 150.42, 149.6, 1.79995
_0950_, 5.52, 144.16, 1.79993
PHY_96, 5.52, 144.16, 1.79993
PHY_98, 5.52, 144.16, 1.79993
FILLER_0_49_3, 5.52, 144.16, 1.79993
FILLER_0_49_9, 5.52, 144.16, 1.79993
PHY_97, 160.08, 144.16, 1.79995
PHY_99, 160.08, 144.16, 1.79995
_1142_, 15.18, 144.16, 1.79993
_1847_, 15.18, 144.16, 1.79993
_0946_, 37.72, 144.16, 1.79993
_0949_, 37.72, 144.16, 1.79993
_1147_, 37.72, 144.16, 1.79993
_1849_, 37.72, 144.16, 1.79993
FILLER_0_48_60, 37.72, 144.16, 1.79993
FILLER_0_49_62, 37.72, 144.16, 1.79993
FILLER_0_49_75, 37.72, 144.16, 1.79993
FILLER_0_50_73, 37.72, 144.16, 1.79993
FILLER_0_50_81, 37.72, 144.16, 1.79993
_1149_, 50.6, 144.16, 1.79993
_1150_, 50.6, 144.16, 1.79993
_1151_, 50.6, 144.16, 1.79993
_1850_, 50.6, 144.16, 1.79993
FILLER_0_48_85, 50.6, 144.16, 1.79993
FILLER_0_49_109, 50.6, 144.16, 1.79993
_1712_, 76.36, 144.16, 1.79994
FILLER_0_49_146, 76.36, 144.16, 1.79994
FILLER_0_49_160, 76.36, 144.16, 1.79994
FILLER_0_50_165, 76.36, 144.16, 1.79994
_1763_, 89.24, 144.16, 1.79995
_1892_, 89.24, 144.16, 1.79995
FILLER_0_49_169, 89.24, 144.16, 1.79995
FILLER_0_49_179, 89.24, 144.16, 1.79995
_1030_, 115, 144.16, 1.79995
_1031_, 115, 144.16, 1.79995
FILLER_0_49_225, 115, 144.16, 1.79995
FILLER_0_50_249, 115, 144.16, 1.79995
_0988_, 127.88, 144.16, 1.79995
_1006_, 127.88, 144.16, 1.79995
_1034_, 127.88, 144.16, 1.79995
FILLER_0_50_279, 127.88, 144.16, 1.79995
_1042_, 150.42, 144.16, 1.79995
_1818_, 150.42, 144.16, 1.79995
PHY_92, 5.52, 138.72, 1.79993
PHY_94, 5.52, 138.72, 1.79993
fpga_sobel_top_41, 160.08, 138.72, 1.79995
PHY_93, 160.08, 138.72, 1.79995
PHY_95, 160.08, 138.72, 1.79995
_1141_, 15.18, 138.72, 1.79993
_1873_, 15.18, 138.72, 1.79993
FILLER_0_47_15, 15.18, 138.72, 1.79993
_0952_, 37.72, 138.72, 1.79993
_1148_, 37.72, 138.72, 1.79993
FILLER_0_47_57, 37.72, 138.72, 1.79993
FILLER_0_47_67, 37.72, 138.72, 1.79993
FILLER_0_46_97, 50.6, 138.72, 1.79994
FILLER_0_48_106, 50.6, 138.72, 1.79994
_1697_, 76.36, 138.72, 1.79995
_1716_, 76.36, 138.72, 1.79995
FILLER_0_46_141, 76.36, 138.72, 1.79995
FILLER_0_47_161, 76.36, 138.72, 1.79995
_1669_, 89.24, 138.72, 1.79995
FILLER_0_47_169, 89.24, 138.72, 1.79995
FILLER_0_47_193, 89.24, 138.72, 1.79995
FILLER_0_48_189, 89.24, 138.72, 1.79995
_1896_, 115, 138.72, 1.79995
FILLER_0_48_241, 115, 138.72, 1.79995
FILLER_0_48_249, 115, 138.72, 1.79995
_1004_, 127.88, 138.72, 1.79995
_1694_, 127.88, 138.72, 1.79995
_1805_, 127.88, 138.72, 1.79995
_1889_, 127.88, 138.72, 1.79995
FILLER_0_47_270, 127.88, 138.72, 1.79995
_1043_, 150.42, 138.72, 1.79995
_1819_, 150.42, 138.72, 1.79995
FILLER_0_46_309, 150.42, 138.72, 1.79995
PHY_88, 5.52, 133.28, 1.79994
PHY_90, 5.52, 133.28, 1.79994
PHY_89, 160.08, 133.28, 1.79995
PHY_91, 160.08, 133.28, 1.79995
FILLER_0_44_329, 160.08, 133.28, 1.79995
_1227_, 15.18, 133.28, 1.79994
FILLER_0_44_15, 15.18, 133.28, 1.79994
FILLER_0_45_15, 15.18, 133.28, 1.79994
FILLER_0_45_24, 15.18, 133.28, 1.79994
_0912_, 37.72, 133.28, 1.79994
_0917_, 37.72, 133.28, 1.79994
_0922_, 37.72, 133.28, 1.79994
_1251_, 37.72, 133.28, 1.79994
_1344_, 37.72, 133.28, 1.79994
_1345_, 37.72, 133.28, 1.79994
FILLER_0_45_75, 37.72, 133.28, 1.79994
FILLER_0_46_77, 37.72, 133.28, 1.79994
_0913_, 50.6, 133.28, 1.79994
_1319_, 50.6, 133.28, 1.79994
_1558_, 50.6, 133.28, 1.79994
FILLER_0_45_106, 50.6, 133.28, 1.79994
_1720_, 76.36, 133.28, 1.79995
_1751_, 76.36, 133.28, 1.79995
FILLER_0_44_141, 76.36, 133.28, 1.79995
FILLER_0_45_165, 76.36, 133.28, 1.79995
_1626_, 89.24, 133.28, 1.79995
_1634_, 89.24, 133.28, 1.79995
_1668_, 89.24, 133.28, 1.79995
_1784_, 89.24, 133.28, 1.79995
FILLER_0_45_193, 89.24, 133.28, 1.79995
FILLER_0_46_187, 89.24, 133.28, 1.79995
_1683_, 115, 133.28, 1.79995
_1785_, 115, 133.28, 1.79995
_1895_, 115, 133.28, 1.79995
FILLER_0_44_227, 115, 133.28, 1.79995
FILLER_0_45_225, 115, 133.28, 1.79995
FILLER_0_46_239, 115, 133.28, 1.79995
_0929_, 127.88, 133.28, 1.79995
_0955_, 127.88, 133.28, 1.79995
_0956_, 127.88, 133.28, 1.79995
_1200_, 127.88, 133.28, 1.79995
_1241_, 127.88, 133.28, 1.79995
FILLER_0_46_274, 127.88, 133.28, 1.79995
_0969_, 150.42, 133.28, 1.79995
_1820_, 150.42, 133.28, 1.79995
FILLER_0_45_313, 150.42, 133.28, 1.79995
PHY_84, 5.52, 127.84, 1.79994
PHY_86, 5.52, 127.84, 1.79994
PHY_85, 160.08, 127.84, 1.79995
PHY_87, 160.08, 127.84, 1.79995
FILLER_0_42_329, 160.08, 127.84, 1.79995
_1221_, 15.18, 127.84, 1.79994
_1223_, 15.18, 127.84, 1.79994
_1225_, 15.18, 127.84, 1.79994
_1226_, 15.18, 127.84, 1.79994
FILLER_0_43_19, 15.18, 127.84, 1.79994
_0915_, 37.72, 127.84, 1.79994
_1286_, 37.72, 127.84, 1.79994
_1468_, 37.72, 127.84, 1.79994
max_cap13, 37.72, 127.84, 1.79994
max_cap2, 37.72, 127.84, 1.79994
FILLER_0_42_56, 37.72, 127.84, 1.79994
FILLER_0_42_64, 37.72, 127.84, 1.79994
FILLER_0_43_61, 37.72, 127.84, 1.79994
FILLER_0_43_73, 37.72, 127.84, 1.79994
_0927_, 50.6, 127.84, 1.79995
_1406_, 50.6, 127.84, 1.79995
_1516_, 50.6, 127.84, 1.79995
max_cap3, 50.6, 127.84, 1.79995
FILLER_0_42_85, 50.6, 127.84, 1.79995
FILLER_0_42_92, 50.6, 127.84, 1.79995
_1612_, 76.36, 127.84, 1.79995
_1633_, 76.36, 127.84, 1.79995
_1685_, 76.36, 127.84, 1.79995
FILLER_0_42_150, 76.36, 127.84, 1.79995
_1639_, 89.24, 127.84, 1.79995
FILLER_0_42_181, 89.24, 127.84, 1.79995
_1661_, 115, 127.84, 1.79995
_1693_, 115, 127.84, 1.79995
_1780_, 115, 127.84, 1.79995
FILLER_0_42_238, 115, 127.84, 1.79995
FILLER_0_43_225, 115, 127.84, 1.79995
FILLER_0_43_246, 115, 127.84, 1.79995
_0928_, 127.88, 127.84, 1.79995
_0958_, 127.88, 127.84, 1.79995
_1663_, 127.88, 127.84, 1.79995
_1888_, 127.88, 127.84, 1.79995
fanout29, 127.88, 127.84, 1.79995
FILLER_0_43_261, 127.88, 127.84, 1.79995
FILLER_0_43_269, 127.88, 127.84, 1.79995
FILLER_0_43_277, 127.88, 127.84, 1.79995
_0964_, 150.42, 127.84, 1.79995
_0966_, 150.42, 127.84, 1.79995
_1797_, 150.42, 127.84, 1.79995
FILLER_0_43_312, 150.42, 127.84, 1.79995
_1222_, 5.52, 122.4, 1.79992
_1871_, 5.52, 122.4, 1.79992
PHY_80, 5.52, 122.4, 1.79992
PHY_82, 5.52, 122.4, 1.79992
FILLER_0_41_3, 5.52, 122.4, 1.79992
PHY_81, 160.08, 122.4, 1.79995
PHY_83, 160.08, 122.4, 1.79995
FILLER_0_40_329, 160.08, 122.4, 1.79995
_1224_, 15.18, 122.4, 1.79993
_1872_, 15.18, 122.4, 1.79993
fanout20, 15.18, 122.4, 1.79993
FILLER_0_41_14, 15.18, 122.4, 1.79993
_0916_, 37.72, 122.4, 1.79994
_1266_, 37.72, 122.4, 1.79994
_1276_, 37.72, 122.4, 1.79994
_1409_, 37.72, 122.4, 1.79994
FILLER_0_40_60, 37.72, 122.4, 1.79994
FILLER_0_41_69, 37.72, 122.4, 1.79994
FILLER_0_42_79, 37.72, 122.4, 1.79994
_1305_, 50.6, 122.4, 1.79994
_1317_, 50.6, 122.4, 1.79994
_1405_, 50.6, 122.4, 1.79994
_1590_, 50.6, 122.4, 1.79994
_1622_, 50.6, 122.4, 1.79994
max_cap1, 50.6, 122.4, 1.79994
wire15, 50.6, 122.4, 1.79994
FILLER_0_40_90, 50.6, 122.4, 1.79994
FILLER_0_41_94, 50.6, 122.4, 1.79994
_1610_, 76.36, 122.4, 1.79995
_1616_, 76.36, 122.4, 1.79995
FILLER_0_41_146, 76.36, 122.4, 1.79995
FILLER_0_41_155, 76.36, 122.4, 1.79995
FILLER_0_41_165, 76.36, 122.4, 1.79995
_1617_, 89.24, 122.4, 1.79996
_1632_, 89.24, 122.4, 1.79996
_1706_, 89.24, 122.4, 1.79996
_1756_, 89.24, 122.4, 1.79996
_1757_, 89.24, 122.4, 1.79996
_1766_, 89.24, 122.4, 1.79996
FILLER_0_41_169, 89.24, 122.4, 1.79996
FILLER_0_41_182, 89.24, 122.4, 1.79996
_1660_, 115, 122.4, 1.79996
_1722_, 115, 122.4, 1.79996
_1770_, 115, 122.4, 1.79996
FILLER_0_41_244, 115, 122.4, 1.79996
_0959_, 127.88, 122.4, 1.79996
_1651_, 127.88, 122.4, 1.79996
_1662_, 127.88, 122.4, 1.79996
_1794_, 127.88, 122.4, 1.79996
FILLER_0_40_253, 127.88, 122.4, 1.79996
_0965_, 150.42, 122.4, 1.79995
_1046_, 150.42, 122.4, 1.79995
_1822_, 150.42, 122.4, 1.79995
_1234_, 5.52, 116.96, 1.79994
_1877_, 5.52, 116.96, 1.79994
PHY_76, 5.52, 116.96, 1.79994
PHY_78, 5.52, 116.96, 1.79994
FILLER_0_40_3, 5.52, 116.96, 1.79994
PHY_77, 160.08, 116.96, 1.79996
PHY_79, 160.08, 116.96, 1.79996
FILLER_0_39_326, 160.08, 116.96, 1.79996
_1219_, 15.18, 116.96, 1.79994
_1232_, 15.18, 116.96, 1.79994
FILLER_0_38_15, 15.18, 116.96, 1.79994
FILLER_0_38_21, 15.18, 116.96, 1.79994
FILLER_0_40_23, 15.18, 116.96, 1.79994
_1308_, 37.72, 116.96, 1.79995
_1326_, 37.72, 116.96, 1.79995
_1336_, 37.72, 116.96, 1.79995
FILLER_0_38_61, 37.72, 116.96, 1.79995
FILLER_0_40_78, 37.72, 116.96, 1.79995
_1407_, 50.6, 116.96, 1.79995
_1615_, 50.6, 116.96, 1.79995
_1631_, 50.6, 116.96, 1.79995
max_cap9, 50.6, 116.96, 1.79995
FILLER_0_38_94, 50.6, 116.96, 1.79995
FILLER_0_39_91, 50.6, 116.96, 1.79995
FILLER_0_39_109, 50.6, 116.96, 1.79995
_1404_, 76.36, 116.96, 1.79996
_1611_, 76.36, 116.96, 1.79996
_1717_, 76.36, 116.96, 1.79996
FILLER_0_38_141, 76.36, 116.96, 1.79996
FILLER_0_39_143, 76.36, 116.96, 1.79996
FILLER_0_39_155, 76.36, 116.96, 1.79996
FILLER_0_39_162, 76.36, 116.96, 1.79996
FILLER_0_40_165, 76.36, 116.96, 1.79996
_1460_, 89.24, 116.96, 1.79996
_1733_, 89.24, 116.96, 1.79996
FILLER_0_39_169, 89.24, 116.96, 1.79996
FILLER_0_39_185, 89.24, 116.96, 1.79996
FILLER_0_40_192, 89.24, 116.96, 1.79996
_1721_, 115, 116.96, 1.79996
_1769_, 115, 116.96, 1.79996
FILLER_0_38_233, 115, 116.96, 1.79996
FILLER_0_39_237, 115, 116.96, 1.79996
FILLER_0_39_248, 115, 116.96, 1.79996
FILLER_0_40_248, 115, 116.96, 1.79996
_1000_, 127.88, 116.96, 1.79996
_1293_, 127.88, 116.96, 1.79996
_1355_, 127.88, 116.96, 1.79996
_1555_, 127.88, 116.96, 1.79996
FILLER_0_38_253, 127.88, 116.96, 1.79996
_0960_, 150.42, 116.96, 1.79996
_0962_, 150.42, 116.96, 1.79996
_1911_, 150.42, 116.96, 1.79996
_1233_, 5.52, 111.52, 1.79994
fpga_sobel_top_35, 5.52, 111.52, 1.79994
PHY_72, 5.52, 111.52, 1.79994
PHY_74, 5.52, 111.52, 1.79994
FILLER_0_37_6, 5.52, 111.52, 1.79994
FILLER_0_38_3, 5.52, 111.52, 1.79994
PHY_73, 160.08, 111.52, 1.79996
PHY_75, 160.08, 111.52, 1.79996
FILLER_0_37_326, 160.08, 111.52, 1.79996
_1231_, 15.18, 111.52, 1.79994
_1876_, 15.18, 111.52, 1.79994
FILLER_0_37_30, 15.18, 111.52, 1.79994
FILLER_0_38_29, 15.18, 111.52, 1.79994
_1162_, 37.72, 111.52, 1.79995
_1281_, 37.72, 111.52, 1.79995
_1395_, 37.72, 111.52, 1.79995
_1581_, 37.72, 111.52, 1.79995
_1786_, 37.72, 111.52, 1.79995
FILLER_0_37_60, 37.72, 111.52, 1.79995
FILLER_0_37_79, 37.72, 111.52, 1.79995
_1263_, 50.6, 111.52, 1.79995
_1449_, 50.6, 111.52, 1.79995
_1666_, 50.6, 111.52, 1.79995
_1715_, 50.6, 111.52, 1.79995
_1787_, 50.6, 111.52, 1.79995
FILLER_0_36_96, 50.6, 111.52, 1.79995
FILLER_0_37_90, 50.6, 111.52, 1.79995
FILLER_0_37_105, 50.6, 111.52, 1.79995
_1486_, 76.36, 111.52, 1.79996
FILLER_0_36_153, 76.36, 111.52, 1.79996
FILLER_0_37_158, 76.36, 111.52, 1.79996
_1628_, 89.24, 111.52, 1.79996
_1734_, 89.24, 111.52, 1.79996
_1788_, 89.24, 111.52, 1.79996
_1789_, 89.24, 111.52, 1.79996
FILLER_0_36_170, 89.24, 111.52, 1.79996
FILLER_0_36_181, 89.24, 111.52, 1.79996
FILLER_0_38_190, 89.24, 111.52, 1.79996
_1367_, 115, 111.52, 1.79996
_1649_, 115, 111.52, 1.79996
_1777_, 115, 111.52, 1.79996
_1778_, 115, 111.52, 1.79996
_1779_, 115, 111.52, 1.79996
FILLER_0_37_225, 115, 111.52, 1.79996
FILLER_0_37_249, 115, 111.52, 1.79996
FILLER_0_38_241, 115, 111.52, 1.79996
_0999_, 127.88, 111.52, 1.79996
_1671_, 127.88, 111.52, 1.79996
_1677_, 127.88, 111.52, 1.79996
FILLER_0_38_276, 127.88, 111.52, 1.79996
_0951_, 150.42, 111.52, 1.79996
_1795_, 150.42, 111.52, 1.79996
_1230_, 5.52, 106.08, 1.79994
_1875_, 5.52, 106.08, 1.79994
PHY_68, 5.52, 106.08, 1.79994
PHY_70, 5.52, 106.08, 1.79994
FILLER_0_36_3, 5.52, 106.08, 1.79994
FILLER_0_36_10, 5.52, 106.08, 1.79994
PHY_69, 160.08, 106.08, 1.79996
PHY_71, 160.08, 106.08, 1.79996
_0904_, 15.18, 106.08, 1.79994
_0923_, 15.18, 106.08, 1.79994
_1217_, 15.18, 106.08, 1.79994
_1220_, 15.18, 106.08, 1.79994
FILLER_0_34_14, 15.18, 106.08, 1.79994
FILLER_0_36_23, 15.18, 106.08, 1.79994
_1421_, 37.72, 106.08, 1.79995
_1629_, 37.72, 106.08, 1.79995
FILLER_0_34_63, 37.72, 106.08, 1.79995
FILLER_0_36_78, 37.72, 106.08, 1.79995
_1403_, 50.6, 106.08, 1.79995
_1577_, 50.6, 106.08, 1.79995
_1593_, 50.6, 106.08, 1.79995
_1609_, 50.6, 106.08, 1.79995
FILLER_0_34_94, 50.6, 106.08, 1.79995
FILLER_0_35_98, 50.6, 106.08, 1.79995
FILLER_0_36_108, 50.6, 106.08, 1.79995
_1267_, 76.36, 106.08, 1.79996
_1604_, 76.36, 106.08, 1.79996
_1735_, 76.36, 106.08, 1.79996
_1736_, 76.36, 106.08, 1.79996
FILLER_0_34_153, 76.36, 106.08, 1.79996
FILLER_0_36_161, 76.36, 106.08, 1.79996
_1487_, 89.24, 106.08, 1.79996
_1605_, 89.24, 106.08, 1.79996
FILLER_0_36_188, 89.24, 106.08, 1.79996
_1503_, 115, 106.08, 1.79997
_1670_, 115, 106.08, 1.79997
FILLER_0_34_234, 115, 106.08, 1.79997
FILLER_0_36_249, 115, 106.08, 1.79997
_1561_, 127.88, 106.08, 1.79996
_1574_, 127.88, 106.08, 1.79996
FILLER_0_34_253, 127.88, 106.08, 1.79996
FILLER_0_35_273, 127.88, 106.08, 1.79996
FILLER_0_36_277, 127.88, 106.08, 1.79996
_1879_, 150.42, 106.08, 1.79996
FILLER_0_35_324, 150.42, 106.08, 1.79996
_1229_, 5.52, 100.64, 1.79994
PHY_64, 5.52, 100.64, 1.79994
PHY_66, 5.52, 100.64, 1.79994
fanout21, 5.52, 100.64, 1.79994
FILLER_0_33_3, 5.52, 100.64, 1.79994
FILLER_0_34_3, 5.52, 100.64, 1.79994
PHY_65, 160.08, 100.64, 1.79995
PHY_67, 160.08, 100.64, 1.79995
_1212_, 15.18, 100.64, 1.79994
FILLER_0_32_20, 15.18, 100.64, 1.79994
FILLER_0_34_29, 15.18, 100.64, 1.79994
_0926_, 37.72, 100.64, 1.79994
_1431_, 37.72, 100.64, 1.79994
_1432_, 37.72, 100.64, 1.79994
_1584_, 37.72, 100.64, 1.79994
FILLER_0_32_62, 37.72, 100.64, 1.79994
FILLER_0_34_74, 37.72, 100.64, 1.79994
_1360_, 50.6, 100.64, 1.79995
_1592_, 50.6, 100.64, 1.79995
_1603_, 50.6, 100.64, 1.79995
FILLER_0_32_85, 50.6, 100.64, 1.79995
FILLER_0_33_93, 50.6, 100.64, 1.79995
FILLER_0_33_105, 50.6, 100.64, 1.79995
_1600_, 76.36, 100.64, 1.79995
_1601_, 76.36, 100.64, 1.79995
_1705_, 76.36, 100.64, 1.79995
FILLER_0_32_141, 76.36, 100.64, 1.79995
FILLER_0_33_162, 76.36, 100.64, 1.79995
_1743_, 89.24, 100.64, 1.79996
_1745_, 89.24, 100.64, 1.79996
_1746_, 89.24, 100.64, 1.79996
FILLER_0_33_181, 89.24, 100.64, 1.79996
FILLER_0_34_186, 89.24, 100.64, 1.79996
_1510_, 115, 100.64, 1.79996
_1511_, 115, 100.64, 1.79996
_1744_, 115, 100.64, 1.79996
FILLER_0_32_238, 115, 100.64, 1.79996
FILLER_0_33_225, 115, 100.64, 1.79996
_1562_, 127.88, 100.64, 1.79996
_1887_, 127.88, 100.64, 1.79996
FILLER_0_33_257, 127.88, 100.64, 1.79996
FILLER_0_33_269, 127.88, 100.64, 1.79996
FILLER_0_33_277, 127.88, 100.64, 1.79996
_0992_, 150.42, 100.64, 1.79995
_1802_, 150.42, 100.64, 1.79995
FILLER_0_32_312, 150.42, 100.64, 1.79995
FILLER_0_33_323, 150.42, 100.64, 1.79995
_1213_, 5.52, 95.2, 1.79992
_1869_, 5.52, 95.2, 1.79992
PHY_60, 5.52, 95.2, 1.79992
PHY_62, 5.52, 95.2, 1.79992
fanout22, 5.52, 95.2, 1.79992
FILLER_0_31_3, 5.52, 95.2, 1.79992
FILLER_0_32_3, 5.52, 95.2, 1.79992
PHY_61, 160.08, 95.2, 1.79994
PHY_63, 160.08, 95.2, 1.79994
_1357_, 15.18, 95.2, 1.79993
FILLER_0_30_15, 15.18, 95.2, 1.79993
FILLER_0_31_22, 15.18, 95.2, 1.79993
FILLER_0_32_29, 15.18, 95.2, 1.79993
_1583_, 37.72, 95.2, 1.79994
_1602_, 37.72, 95.2, 1.79994
_1620_, 37.72, 95.2, 1.79994
_1688_, 37.72, 95.2, 1.79994
wire4, 37.72, 95.2, 1.79994
FILLER_0_31_65, 37.72, 95.2, 1.79994
FILLER_0_32_79, 37.72, 95.2, 1.79994
_1667_, 50.6, 95.2, 1.79994
_1680_, 50.6, 95.2, 1.79994
max_cap14, 50.6, 95.2, 1.79994
FILLER_0_31_107, 50.6, 95.2, 1.79994
_1346_, 76.36, 95.2, 1.79995
_1627_, 76.36, 95.2, 1.79995
_1704_, 76.36, 95.2, 1.79995
_1343_, 89.24, 95.2, 1.79995
_1554_, 89.24, 95.2, 1.79995
_1599_, 89.24, 95.2, 1.79995
_1325_, 115, 95.2, 1.79995
_1687_, 115, 95.2, 1.79995
_1689_, 115, 95.2, 1.79995
FILLER_0_30_226, 115, 95.2, 1.79995
FILLER_0_31_249, 115, 95.2, 1.79995
_1531_, 127.88, 95.2, 1.79995
_1556_, 127.88, 95.2, 1.79995
_1723_, 127.88, 95.2, 1.79995
FILLER_0_30_253, 127.88, 95.2, 1.79995
FILLER_0_31_265, 127.88, 95.2, 1.79995
_0982_, 150.42, 95.2, 1.79994
_0985_, 150.42, 95.2, 1.79994
_0986_, 150.42, 95.2, 1.79994
_0987_, 150.42, 95.2, 1.79994
_1801_, 150.42, 95.2, 1.79994
FILLER_0_31_323, 150.42, 95.2, 1.79994
_1218_, 5.52, 89.76, 1.79994
PHY_56, 5.52, 89.76, 1.79994
PHY_58, 5.52, 89.76, 1.79994
output5, 5.52, 89.76, 1.79994
PHY_57, 160.08, 89.76, 1.79994
PHY_59, 160.08, 89.76, 1.79994
FILLER_0_28_330, 160.08, 89.76, 1.79994
_1209_, 15.18, 89.76, 1.79994
_1214_, 15.18, 89.76, 1.79994
_1215_, 15.18, 89.76, 1.79994
_1216_, 15.18, 89.76, 1.79994
FILLER_0_28_15, 15.18, 89.76, 1.79994
FILLER_0_29_21, 15.18, 89.76, 1.79994
FILLER_0_29_29, 15.18, 89.76, 1.79994
FILLER_0_30_29, 15.18, 89.76, 1.79994
_0910_, 37.72, 89.76, 1.79994
_1330_, 37.72, 89.76, 1.79994
_1397_, 37.72, 89.76, 1.79994
_1398_, 37.72, 89.76, 1.79994
FILLER_0_29_65, 37.72, 89.76, 1.79994
FILLER_0_30_80, 37.72, 89.76, 1.79994
_1568_, 50.6, 89.76, 1.79994
FILLER_0_29_88, 50.6, 89.76, 1.79994
_1782_, 76.36, 89.76, 1.79995
_1783_, 76.36, 89.76, 1.79995
max_cap12, 76.36, 89.76, 1.79995
FILLER_0_29_163, 76.36, 89.76, 1.79995
_1353_, 89.24, 89.76, 1.79995
_1501_, 89.24, 89.76, 1.79995
_1502_, 89.24, 89.76, 1.79995
FILLER_0_30_189, 89.24, 89.76, 1.79995
_1361_, 115, 89.76, 1.79995
_1565_, 115, 89.76, 1.79995
_1650_, 115, 89.76, 1.79995
_1692_, 115, 89.76, 1.79995
FILLER_0_29_230, 115, 89.76, 1.79995
FILLER_0_29_245, 115, 89.76, 1.79995
FILLER_0_30_241, 115, 89.76, 1.79995
FILLER_0_30_249, 115, 89.76, 1.79995
_1675_, 127.88, 89.76, 1.79994
FILLER_0_29_276, 127.88, 89.76, 1.79994
FILLER_0_30_279, 127.88, 89.76, 1.79994
_0981_, 150.42, 89.76, 1.79994
_0983_, 150.42, 89.76, 1.79994
_0984_, 150.42, 89.76, 1.79994
_1800_, 150.42, 89.76, 1.79994
_1880_, 5.52, 84.32, 1.79993
PHY_52, 5.52, 84.32, 1.79993
PHY_54, 5.52, 84.32, 1.79993
PHY_53, 160.08, 84.32, 1.79994
PHY_55, 160.08, 84.32, 1.79994
_1202_, 15.18, 84.32, 1.79993
_1203_, 15.18, 84.32, 1.79993
_1207_, 15.18, 84.32, 1.79993
_1208_, 15.18, 84.32, 1.79993
_1242_, 15.18, 84.32, 1.79993
_1439_, 15.18, 84.32, 1.79993
FILLER_0_26_11, 15.18, 84.32, 1.79993
FILLER_0_27_26, 15.18, 84.32, 1.79993
_1329_, 37.72, 84.32, 1.79994
_1386_, 37.72, 84.32, 1.79994
_1519_, 37.72, 84.32, 1.79994
_1698_, 37.72, 84.32, 1.79994
FILLER_0_27_64, 37.72, 84.32, 1.79994
FILLER_0_27_74, 37.72, 84.32, 1.79994
FILLER_0_28_78, 37.72, 84.32, 1.79994
_1578_, 50.6, 84.32, 1.79994
_1606_, 50.6, 84.32, 1.79994
_1699_, 50.6, 84.32, 1.79994
FILLER_0_26_97, 50.6, 84.32, 1.79994
FILLER_0_27_86, 50.6, 84.32, 1.79994
FILLER_0_27_106, 50.6, 84.32, 1.79994
_1781_, 76.36, 84.32, 1.79994
FILLER_0_26_153, 76.36, 84.32, 1.79994
FILLER_0_27_162, 76.36, 84.32, 1.79994
FILLER_0_28_165, 76.36, 84.32, 1.79994
_1499_, 89.24, 84.32, 1.79994
_1500_, 89.24, 84.32, 1.79994
_1506_, 89.24, 84.32, 1.79994
_1776_, 89.24, 84.32, 1.79994
FILLER_0_26_174, 89.24, 84.32, 1.79994
FILLER_0_27_181, 89.24, 84.32, 1.79994
FILLER_0_27_189, 89.24, 84.32, 1.79994
FILLER_0_28_189, 89.24, 84.32, 1.79994
_1482_, 115, 84.32, 1.79994
_1483_, 115, 84.32, 1.79994
_1572_, 115, 84.32, 1.79994
_1573_, 115, 84.32, 1.79994
FILLER_0_26_231, 115, 84.32, 1.79994
_1481_, 127.88, 84.32, 1.79994
_1508_, 127.88, 84.32, 1.79994
FILLER_0_27_266, 127.88, 84.32, 1.79994
FILLER_0_27_277, 127.88, 84.32, 1.79994
FILLER_0_28_270, 127.88, 84.32, 1.79994
_0977_, 150.42, 84.32, 1.79994
_0978_, 150.42, 84.32, 1.79994
_0979_, 150.42, 84.32, 1.79994
FILLER_0_26_309, 150.42, 84.32, 1.79994
_1210_, 5.52, 78.88, 1.79993
PHY_48, 5.52, 78.88, 1.79993
PHY_50, 5.52, 78.88, 1.79993
FILLER_0_25_3, 5.52, 78.88, 1.79993
FILLER_0_26_3, 5.52, 78.88, 1.79993
PHY_49, 160.08, 78.88, 1.79992
PHY_51, 160.08, 78.88, 1.79992
FILLER_0_25_330, 160.08, 78.88, 1.79992
_1204_, 15.18, 78.88, 1.79993
_1379_, 15.18, 78.88, 1.79993
FILLER_0_25_19, 15.18, 78.88, 1.79993
FILLER_0_25_27, 15.18, 78.88, 1.79993
FILLER_0_26_23, 15.18, 78.88, 1.79993
_1378_, 37.72, 78.88, 1.79993
_1399_, 37.72, 78.88, 1.79993
_1442_, 37.72, 78.88, 1.79993
FILLER_0_24_62, 37.72, 78.88, 1.79993
FILLER_0_26_75, 37.72, 78.88, 1.79993
_1273_, 50.6, 78.88, 1.79993
_1576_, 50.6, 78.88, 1.79993
max_cap17, 50.6, 78.88, 1.79993
FILLER_0_25_108, 50.6, 78.88, 1.79993
_1309_, 76.36, 78.88, 1.79994
_1331_, 76.36, 78.88, 1.79994
_1513_, 76.36, 78.88, 1.79994
_1752_, 76.36, 78.88, 1.79994
_1753_, 76.36, 78.88, 1.79994
_1754_, 76.36, 78.88, 1.79994
FILLER_0_25_140, 76.36, 78.88, 1.79994
FILLER_0_25_151, 76.36, 78.88, 1.79994
_1388_, 89.24, 78.88, 1.79994
_1412_, 89.24, 78.88, 1.79994
wire7, 89.24, 78.88, 1.79994
FILLER_0_25_181, 89.24, 78.88, 1.79994
_1384_, 115, 78.88, 1.79993
_1654_, 115, 78.88, 1.79993
_1656_, 115, 78.88, 1.79993
_1682_, 115, 78.88, 1.79993
FILLER_0_24_229, 115, 78.88, 1.79993
FILLER_0_25_237, 115, 78.88, 1.79993
FILLER_0_26_239, 115, 78.88, 1.79993
FILLER_0_26_248, 115, 78.88, 1.79993
_1394_, 127.88, 78.88, 1.79993
_1676_, 127.88, 78.88, 1.79993
_1884_, 127.88, 78.88, 1.79993
FILLER_0_24_253, 127.88, 78.88, 1.79993
FILLER_0_25_275, 127.88, 78.88, 1.79993
_0938_, 150.42, 78.88, 1.79992
_0980_, 150.42, 78.88, 1.79992
_1792_, 150.42, 78.88, 1.79992
_1799_, 150.42, 78.88, 1.79992
_1868_, 5.52, 73.44, 1.79992
PHY_44, 5.52, 73.44, 1.79992
PHY_46, 5.52, 73.44, 1.79992
PHY_45, 160.08, 73.44, 1.7999
PHY_47, 160.08, 73.44, 1.7999
output6, 160.08, 73.44, 1.7999
_0908_, 15.18, 73.44, 1.79993
_1271_, 15.18, 73.44, 1.79993
_1358_, 15.18, 73.44, 1.79993
FILLER_0_23_19, 15.18, 73.44, 1.79993
FILLER_0_24_29, 15.18, 73.44, 1.79993
_1380_, 37.72, 73.44, 1.79993
FILLER_0_23_81, 37.72, 73.44, 1.79993
FILLER_0_24_78, 37.72, 73.44, 1.79993
_1334_, 50.6, 73.44, 1.79993
_1338_, 50.6, 73.44, 1.79993
_1387_, 50.6, 73.44, 1.79993
_1679_, 50.6, 73.44, 1.79993
FILLER_0_23_89, 50.6, 73.44, 1.79993
FILLER_0_23_109, 50.6, 73.44, 1.79993
_1318_, 76.36, 73.44, 1.79993
_1647_, 76.36, 73.44, 1.79993
FILLER_0_22_149, 76.36, 73.44, 1.79993
_1332_, 89.24, 73.44, 1.79993
_1402_, 89.24, 73.44, 1.79993
_1411_, 89.24, 73.44, 1.79993
FILLER_0_22_175, 89.24, 73.44, 1.79993
FILLER_0_23_181, 89.24, 73.44, 1.79993
FILLER_0_23_189, 89.24, 73.44, 1.79993
FILLER_0_24_188, 89.24, 73.44, 1.79993
_1657_, 115, 73.44, 1.79993
_1658_, 115, 73.44, 1.79993
_1659_, 115, 73.44, 1.79993
FILLER_0_22_238, 115, 73.44, 1.79993
FILLER_0_23_225, 115, 73.44, 1.79993
FILLER_0_24_245, 115, 73.44, 1.79993
_1376_, 127.88, 73.44, 1.79992
_1438_, 127.88, 73.44, 1.79992
_1882_, 127.88, 73.44, 1.79992
FILLER_0_22_253, 127.88, 73.44, 1.79992
FILLER_0_22_264, 127.88, 73.44, 1.79992
FILLER_0_23_270, 127.88, 73.44, 1.79992
_1047_, 150.42, 73.44, 1.79991
_1048_, 150.42, 73.44, 1.79991
_1049_, 150.42, 73.44, 1.79991
_1823_, 150.42, 73.44, 1.79991
FILLER_0_23_309, 150.42, 73.44, 1.79991
FILLER_0_24_325, 150.42, 73.44, 1.79991
PHY_40, 5.52, 68, 1.79993
PHY_42, 5.52, 68, 1.79993
fpga_sobel_top_32, 5.52, 68, 1.79993
FILLER_0_21_6, 5.52, 68, 1.79993
PHY_41, 160.08, 68, 1.79991
PHY_43, 160.08, 68, 1.79991
FILLER_0_20_329, 160.08, 68, 1.79991
_1262_, 15.18, 68, 1.79993
_1328_, 15.18, 68, 1.79993
_1335_, 15.18, 68, 1.79993
FILLER_0_20_20, 15.18, 68, 1.79993
FILLER_0_21_14, 15.18, 68, 1.79993
_1383_, 37.72, 68, 1.79993
_1488_, 37.72, 68, 1.79993
_1644_, 37.72, 68, 1.79993
FILLER_0_21_57, 37.72, 68, 1.79993
FILLER_0_22_75, 37.72, 68, 1.79993
_1277_, 50.6, 68, 1.79993
_1324_, 50.6, 68, 1.79993
FILLER_0_21_108, 50.6, 68, 1.79993
FILLER_0_22_110, 50.6, 68, 1.79993
_1423_, 76.36, 68, 1.79993
_1702_, 76.36, 68, 1.79993
_1718_, 76.36, 68, 1.79993
FILLER_0_20_153, 76.36, 68, 1.79993
FILLER_0_21_165, 76.36, 68, 1.79993
_1461_, 89.24, 68, 1.79993
_1489_, 89.24, 68, 1.79993
_1559_, 89.24, 68, 1.79993
_1643_, 89.24, 68, 1.79993
FILLER_0_20_174, 89.24, 68, 1.79993
FILLER_0_20_182, 89.24, 68, 1.79993
FILLER_0_21_178, 89.24, 68, 1.79993
FILLER_0_22_185, 89.24, 68, 1.79993
FILLER_0_22_193, 89.24, 68, 1.79993
_1333_, 115, 68, 1.79992
_1356_, 115, 68, 1.79992
_1375_, 115, 68, 1.79992
_1463_, 115, 68, 1.79992
_1684_, 115, 68, 1.79992
FILLER_0_20_233, 115, 68, 1.79992
FILLER_0_21_245, 115, 68, 1.79992
FILLER_0_22_245, 115, 68, 1.79992
_1377_, 127.88, 68, 1.79992
_1391_, 127.88, 68, 1.79992
_1881_, 127.88, 68, 1.79992
FILLER_0_20_253, 127.88, 68, 1.79992
FILLER_0_20_261, 127.88, 68, 1.79992
_0898_, 150.42, 68, 1.79991
_1052_, 150.42, 68, 1.79991
_1057_, 150.42, 68, 1.79991
_1910_, 150.42, 68, 1.79991
FILLER_0_21_314, 150.42, 68, 1.79991
FILLER_0_22_317, 150.42, 68, 1.79991
_1867_, 5.52, 62.56, 1.79991
PHY_36, 5.52, 62.56, 1.79991
PHY_38, 5.52, 62.56, 1.79991
PHY_37, 160.08, 62.56, 1.79989
PHY_39, 160.08, 62.56, 1.79989
_0906_, 15.18, 62.56, 1.79992
_0909_, 15.18, 62.56, 1.79992
_1252_, 15.18, 62.56, 1.79992
_1257_, 15.18, 62.56, 1.79992
_1382_, 37.72, 62.56, 1.79992
_1450_, 37.72, 62.56, 1.79992
FILLER_0_19_69, 37.72, 62.56, 1.79992
FILLER_0_19_83, 37.72, 62.56, 1.79992
FILLER_0_20_77, 37.72, 62.56, 1.79992
_1284_, 50.6, 62.56, 1.79992
_1285_, 50.6, 62.56, 1.79992
_1759_, 50.6, 62.56, 1.79992
FILLER_0_18_97, 50.6, 62.56, 1.79992
FILLER_0_19_90, 50.6, 62.56, 1.79992
_1427_, 76.36, 62.56, 1.79992
_1436_, 76.36, 62.56, 1.79992
_1719_, 76.36, 62.56, 1.79992
FILLER_0_19_160, 76.36, 62.56, 1.79992
FILLER_0_20_163, 76.36, 62.56, 1.79992
_1456_, 89.24, 62.56, 1.79992
_1524_, 89.24, 62.56, 1.79992
_1741_, 89.24, 62.56, 1.79992
FILLER_0_18_175, 89.24, 62.56, 1.79992
FILLER_0_20_188, 89.24, 62.56, 1.79992
_1374_, 115, 62.56, 1.79992
_1437_, 115, 62.56, 1.79992
_1467_, 115, 62.56, 1.79992
FILLER_0_20_246, 115, 62.56, 1.79992
_1368_, 127.88, 62.56, 1.79991
_1369_, 127.88, 62.56, 1.79991
FILLER_0_18_253, 127.88, 62.56, 1.79991
FILLER_0_19_273, 127.88, 62.56, 1.79991
_1051_, 150.42, 62.56, 1.79989
_1053_, 150.42, 62.56, 1.79989
_1824_, 150.42, 62.56, 1.79989
FILLER_0_18_309, 150.42, 62.56, 1.79989
FILLER_0_19_310, 150.42, 62.56, 1.79989
_1870_, 5.52, 57.12, 1.79992
PHY_32, 5.52, 57.12, 1.79992
PHY_34, 5.52, 57.12, 1.79992
PHY_33, 160.08, 57.12, 1.7999
PHY_35, 160.08, 57.12, 1.7999
FILLER_0_17_330, 160.08, 57.12, 1.7999
_1201_, 15.18, 57.12, 1.79992
_1211_, 15.18, 57.12, 1.79992
_1268_, 15.18, 57.12, 1.79992
_1417_, 15.18, 57.12, 1.79992
FILLER_0_17_15, 15.18, 57.12, 1.79992
FILLER_0_18_23, 15.18, 57.12, 1.79992
FILLER_0_18_29, 15.18, 57.12, 1.79992
_0925_, 37.72, 57.12, 1.79992
_1312_, 37.72, 57.12, 1.79992
_1424_, 37.72, 57.12, 1.79992
_1655_, 37.72, 57.12, 1.79992
FILLER_0_16_63, 37.72, 57.12, 1.79992
FILLER_0_17_57, 37.72, 57.12, 1.79992
FILLER_0_17_66, 37.72, 57.12, 1.79992
FILLER_0_17_74, 37.72, 57.12, 1.79992
FILLER_0_18_76, 37.72, 57.12, 1.79992
_1425_, 50.6, 57.12, 1.79992
_1428_, 50.6, 57.12, 1.79992
_1451_, 50.6, 57.12, 1.79992
max_cap8, 50.6, 57.12, 1.79992
FILLER_0_17_103, 50.6, 57.12, 1.79992
_1310_, 76.36, 57.12, 1.79992
_1327_, 76.36, 57.12, 1.79992
_1352_, 76.36, 57.12, 1.79992
_1472_, 76.36, 57.12, 1.79992
_1491_, 76.36, 57.12, 1.79992
FILLER_0_16_141, 76.36, 57.12, 1.79992
FILLER_0_17_145, 76.36, 57.12, 1.79992
FILLER_0_17_163, 76.36, 57.12, 1.79992
FILLER_0_18_158, 76.36, 57.12, 1.79992
_1474_, 89.24, 57.12, 1.79992
_1521_, 89.24, 57.12, 1.79992
_1525_, 89.24, 57.12, 1.79992
_1740_, 89.24, 57.12, 1.79992
FILLER_0_16_175, 89.24, 57.12, 1.79992
FILLER_0_18_186, 89.24, 57.12, 1.79992
_1413_, 115, 57.12, 1.79991
_1466_, 115, 57.12, 1.79991
_1475_, 115, 57.12, 1.79991
FILLER_0_17_231, 115, 57.12, 1.79991
FILLER_0_18_244, 115, 57.12, 1.79991
_1365_, 127.88, 57.12, 1.79991
_1372_, 127.88, 57.12, 1.79991
_1414_, 127.88, 57.12, 1.79991
_1476_, 127.88, 57.12, 1.79991
_1883_, 127.88, 57.12, 1.79991
FILLER_0_17_266, 127.88, 57.12, 1.79991
_1054_, 150.42, 57.12, 1.7999
_1060_, 150.42, 57.12, 1.7999
_1061_, 150.42, 57.12, 1.7999
_1063_, 150.42, 57.12, 1.7999
FILLER_0_17_314, 150.42, 57.12, 1.7999
FILLER_0_17_322, 150.42, 57.12, 1.7999
FILLER_0_18_317, 150.42, 57.12, 1.7999
FILLER_0_18_323, 150.42, 57.12, 1.7999
PHY_28, 5.52, 51.68, 1.79992
PHY_30, 5.52, 51.68, 1.79992
FILLER_0_16_3, 5.52, 51.68, 1.79992
PHY_29, 160.08, 51.68, 1.79988
PHY_31, 160.08, 51.68, 1.79988
FILLER_0_15_328, 160.08, 51.68, 1.79988
_1253_, 15.18, 51.68, 1.79992
_1339_, 15.18, 51.68, 1.79992
FILLER_0_15_15, 15.18, 51.68, 1.79992
FILLER_0_15_30, 15.18, 51.68, 1.79992
_1566_, 37.72, 51.68, 1.79992
_1618_, 37.72, 51.68, 1.79992
FILLER_0_15_57, 37.72, 51.68, 1.79992
FILLER_0_16_75, 37.72, 51.68, 1.79992
_1258_, 50.6, 51.68, 1.79992
_1292_, 50.6, 51.68, 1.79992
_1340_, 50.6, 51.68, 1.79992
_1557_, 50.6, 51.68, 1.79992
FILLER_0_14_93, 50.6, 51.68, 1.79992
FILLER_0_15_86, 50.6, 51.68, 1.79992
FILLER_0_16_102, 50.6, 51.68, 1.79992
_1275_, 76.36, 51.68, 1.79992
_1455_, 76.36, 51.68, 1.79992
_1471_, 76.36, 51.68, 1.79992
_1493_, 76.36, 51.68, 1.79992
_1598_, 76.36, 51.68, 1.79992
_1522_, 89.24, 51.68, 1.79992
_1739_, 89.24, 51.68, 1.79992
_1742_, 89.24, 51.68, 1.79992
FILLER_0_15_172, 89.24, 51.68, 1.79992
FILLER_0_16_187, 89.24, 51.68, 1.79992
_1294_, 115, 51.68, 1.79991
_1415_, 115, 51.68, 1.79991
_1464_, 115, 51.68, 1.79991
_1532_, 115, 51.68, 1.79991
_1535_, 115, 51.68, 1.79991
FILLER_0_14_224, 115, 51.68, 1.79991
FILLER_0_15_225, 115, 51.68, 1.79991
FILLER_0_15_245, 115, 51.68, 1.79991
_1366_, 127.88, 51.68, 1.7999
_1695_, 127.88, 51.68, 1.7999
fanout24, 127.88, 51.68, 1.7999
FILLER_0_14_253, 127.88, 51.68, 1.7999
FILLER_0_14_266, 127.88, 51.68, 1.7999
FILLER_0_15_269, 127.88, 51.68, 1.7999
FILLER_0_15_277, 127.88, 51.68, 1.7999
_1062_, 150.42, 51.68, 1.79988
_1069_, 150.42, 51.68, 1.79988
_1826_, 150.42, 51.68, 1.79988
PHY_24, 5.52, 46.24, 1.79992
PHY_26, 5.52, 46.24, 1.79992
PHY_25, 160.08, 46.24, 1.79987
PHY_27, 160.08, 46.24, 1.79987
FILLER_0_13_328, 160.08, 46.24, 1.79987
_1269_, 15.18, 46.24, 1.79992
_1316_, 15.18, 46.24, 1.79992
FILLER_0_13_27, 15.18, 46.24, 1.79992
_1515_, 37.72, 46.24, 1.79992
_1579_, 37.72, 46.24, 1.79992
FILLER_0_12_68, 37.72, 46.24, 1.79992
FILLER_0_13_57, 37.72, 46.24, 1.79992
FILLER_0_14_78, 37.72, 46.24, 1.79992
_1270_, 50.6, 46.24, 1.79992
_1341_, 50.6, 46.24, 1.79992
_1351_, 50.6, 46.24, 1.79992
wire11, 50.6, 46.24, 1.79992
max_cap16, 50.6, 46.24, 1.79992
FILLER_0_12_85, 50.6, 46.24, 1.79992
FILLER_0_12_93, 50.6, 46.24, 1.79992
_1303_, 76.36, 46.24, 1.79991
_1306_, 76.36, 46.24, 1.79991
_1315_, 76.36, 46.24, 1.79991
_1434_, 76.36, 46.24, 1.79991
FILLER_0_12_141, 76.36, 46.24, 1.79991
FILLER_0_12_152, 76.36, 46.24, 1.79991
FILLER_0_13_148, 76.36, 46.24, 1.79991
FILLER_0_14_158, 76.36, 46.24, 1.79991
_1492_, 89.24, 46.24, 1.79991
_1494_, 89.24, 46.24, 1.79991
_1534_, 89.24, 46.24, 1.79991
FILLER_0_12_168, 89.24, 46.24, 1.79991
FILLER_0_13_169, 89.24, 46.24, 1.79991
FILLER_0_14_188, 89.24, 46.24, 1.79991
_1279_, 115, 46.24, 1.7999
_1291_, 115, 46.24, 1.7999
_1652_, 115, 46.24, 1.7999
FILLER_0_13_233, 115, 46.24, 1.7999
FILLER_0_13_243, 115, 46.24, 1.7999
FILLER_0_14_241, 115, 46.24, 1.7999
FILLER_0_14_249, 115, 46.24, 1.7999
_1392_, 127.88, 46.24, 1.79989
_1553_, 127.88, 46.24, 1.79989
_1886_, 127.88, 46.24, 1.79989
FILLER_0_13_254, 127.88, 46.24, 1.79989
FILLER_0_13_266, 127.88, 46.24, 1.79989
_1065_, 150.42, 46.24, 1.79987
_1071_, 150.42, 46.24, 1.79987
_1072_, 150.42, 46.24, 1.79987
_1073_, 150.42, 46.24, 1.79987
_1829_, 150.42, 46.24, 1.79987
_1857_, 5.52, 40.8, 1.79991
fpga_sobel_top_33, 5.52, 40.8, 1.79991
PHY_20, 5.52, 40.8, 1.79991
PHY_22, 5.52, 40.8, 1.79991
FILLER_0_11_3, 5.52, 40.8, 1.79991
PHY_21, 160.08, 40.8, 1.79989
PHY_23, 160.08, 40.8, 1.79989
_1120_, 15.18, 40.8, 1.79991
_1170_, 15.18, 40.8, 1.79991
_1171_, 15.18, 40.8, 1.79991
_1172_, 15.18, 40.8, 1.79991
_1173_, 15.18, 40.8, 1.79991
FILLER_0_10_11, 15.18, 40.8, 1.79991
FILLER_0_11_22, 15.18, 40.8, 1.79991
FILLER_0_12_22, 15.18, 40.8, 1.79991
FILLER_0_12_29, 15.18, 40.8, 1.79991
_1250_, 37.72, 40.8, 1.79991
_1256_, 37.72, 40.8, 1.79991
_1444_, 37.72, 40.8, 1.79991
_1445_, 37.72, 40.8, 1.79991
_1446_, 37.72, 40.8, 1.79991
FILLER_0_10_57, 37.72, 40.8, 1.79991
FILLER_0_11_66, 37.72, 40.8, 1.79991
FILLER_0_12_77, 37.72, 40.8, 1.79991
_1362_, 50.6, 40.8, 1.79991
_1447_, 50.6, 40.8, 1.79991
_1580_, 50.6, 40.8, 1.79991
FILLER_0_11_105, 50.6, 40.8, 1.79991
_1540_, 76.36, 40.8, 1.79991
_1541_, 76.36, 40.8, 1.79991
_1542_, 76.36, 40.8, 1.79991
_1737_, 76.36, 40.8, 1.79991
FILLER_0_10_148, 76.36, 40.8, 1.79991
FILLER_0_11_149, 76.36, 40.8, 1.79991
FILLER_0_11_162, 76.36, 40.8, 1.79991
_1320_, 89.24, 40.8, 1.79991
_1490_, 89.24, 40.8, 1.79991
FILLER_0_10_171, 89.24, 40.8, 1.79991
FILLER_0_12_193, 89.24, 40.8, 1.79991
_1261_, 115, 40.8, 1.7999
_1264_, 115, 40.8, 1.7999
_1278_, 115, 40.8, 1.7999
_1462_, 115, 40.8, 1.7999
FILLER_0_11_225, 115, 40.8, 1.7999
FILLER_0_11_246, 115, 40.8, 1.7999
FILLER_0_12_244, 115, 40.8, 1.7999
_1393_, 127.88, 40.8, 1.79989
FILLER_0_10_265, 127.88, 40.8, 1.79989
FILLER_0_11_276, 127.88, 40.8, 1.79989
_1074_, 150.42, 40.8, 1.79989
_1076_, 150.42, 40.8, 1.79989
_1078_, 150.42, 40.8, 1.79989
_1080_, 150.42, 40.8, 1.79989
FILLER_0_11_310, 150.42, 40.8, 1.79989
FILLER_0_11_325, 150.42, 40.8, 1.79989
FILLER_0_12_324, 150.42, 40.8, 1.79989
_1856_, 5.52, 35.36, 1.7999
PHY_16, 5.52, 35.36, 1.7999
PHY_18, 5.52, 35.36, 1.7999
FILLER_0_10_3, 5.52, 35.36, 1.7999
PHY_17, 160.08, 35.36, 1.79988
PHY_19, 160.08, 35.36, 1.79988
FILLER_0_9_327, 160.08, 35.36, 1.79988
_1166_, 15.18, 35.36, 1.7999
_1167_, 15.18, 35.36, 1.7999
_1168_, 15.18, 35.36, 1.7999
_1174_, 15.18, 35.36, 1.7999
_1858_, 15.18, 35.36, 1.7999
FILLER_0_8_17, 15.18, 35.36, 1.7999
_1163_, 37.72, 35.36, 1.7999
_1443_, 37.72, 35.36, 1.7999
FILLER_0_9_61, 37.72, 35.36, 1.7999
FILLER_0_10_74, 37.72, 35.36, 1.7999
_1301_, 50.6, 35.36, 1.79991
FILLER_0_9_88, 50.6, 35.36, 1.79991
FILLER_0_9_96, 50.6, 35.36, 1.79991
FILLER_0_9_105, 50.6, 35.36, 1.79991
_1543_, 76.36, 35.36, 1.79991
_1544_, 76.36, 35.36, 1.79991
FILLER_0_9_152, 76.36, 35.36, 1.79991
_1260_, 89.24, 35.36, 1.7999
_1321_, 89.24, 35.36, 1.7999
_1497_, 89.24, 35.36, 1.7999
_1498_, 89.24, 35.36, 1.7999
FILLER_0_9_169, 89.24, 35.36, 1.7999
FILLER_0_10_187, 89.24, 35.36, 1.7999
_1249_, 115, 35.36, 1.79989
_1298_, 115, 35.36, 1.79989
_1304_, 115, 35.36, 1.79989
_1322_, 115, 35.36, 1.79989
_1678_, 115, 35.36, 1.79989
FILLER_0_9_225, 115, 35.36, 1.79989
FILLER_0_9_236, 115, 35.36, 1.79989
FILLER_0_10_246, 115, 35.36, 1.79989
_1096_, 127.88, 35.36, 1.79988
_1097_, 127.88, 35.36, 1.79988
_1102_, 127.88, 35.36, 1.79988
_1835_, 127.88, 35.36, 1.79988
FILLER_0_8_253, 127.88, 35.36, 1.79988
FILLER_0_8_260, 127.88, 35.36, 1.79988
FILLER_0_9_277, 127.88, 35.36, 1.79988
FILLER_0_10_275, 127.88, 35.36, 1.79988
_1075_, 150.42, 35.36, 1.79988
_1077_, 150.42, 35.36, 1.79988
_1079_, 150.42, 35.36, 1.79988
_1830_, 150.42, 35.36, 1.79988
FILLER_0_8_309, 150.42, 35.36, 1.79988
_1169_, 5.52, 29.92, 1.7999
PHY_12, 5.52, 29.92, 1.7999
PHY_14, 5.52, 29.92, 1.7999
FILLER_0_7_3, 5.52, 29.92, 1.7999
FILLER_0_8_3, 5.52, 29.92, 1.7999
FILLER_0_8_9, 5.52, 29.92, 1.7999
PHY_13, 160.08, 29.92, 1.79988
PHY_15, 160.08, 29.92, 1.79988
_1165_, 15.18, 29.92, 1.7999
_1176_, 15.18, 29.92, 1.7999
_1859_, 15.18, 29.92, 1.7999
FILLER_0_7_16, 15.18, 29.92, 1.7999
FILLER_0_8_25, 15.18, 29.92, 1.7999
_1547_, 37.72, 29.92, 1.7999
FILLER_0_7_69, 37.72, 29.92, 1.7999
FILLER_0_8_76, 37.72, 29.92, 1.7999
_1517_, 50.6, 29.92, 1.79991
_1637_, 50.6, 29.92, 1.79991
FILLER_0_6_85, 50.6, 29.92, 1.79991
FILLER_0_6_93, 50.6, 29.92, 1.79991
FILLER_0_7_86, 50.6, 29.92, 1.79991
FILLER_0_7_94, 50.6, 29.92, 1.79991
FILLER_0_7_104, 50.6, 29.92, 1.79991
FILLER_0_8_109, 50.6, 29.92, 1.79991
_1551_, 76.36, 29.92, 1.7999
_1552_, 76.36, 29.92, 1.7999
FILLER_0_6_153, 76.36, 29.92, 1.7999
FILLER_0_7_143, 76.36, 29.92, 1.7999
FILLER_0_7_151, 76.36, 29.92, 1.7999
_1504_, 89.24, 29.92, 1.7999
_1533_, 89.24, 29.92, 1.7999
FILLER_0_6_169, 89.24, 29.92, 1.7999
FILLER_0_6_182, 89.24, 29.92, 1.7999
FILLER_0_7_169, 89.24, 29.92, 1.7999
FILLER_0_8_189, 89.24, 29.92, 1.7999
_1098_, 115, 29.92, 1.79988
_1107_, 115, 29.92, 1.79988
_1635_, 115, 29.92, 1.79988
FILLER_0_8_247, 115, 29.92, 1.79988
_1100_, 127.88, 29.92, 1.79987
_1101_, 127.88, 29.92, 1.79987
_1836_, 127.88, 29.92, 1.79987
FILLER_0_7_273, 127.88, 29.92, 1.79987
_1081_, 150.42, 29.92, 1.79988
_1082_, 150.42, 29.92, 1.79988
_1083_, 150.42, 29.92, 1.79988
_1084_, 150.42, 29.92, 1.79988
_1085_, 150.42, 29.92, 1.79988
_1086_, 150.42, 29.92, 1.79988
FILLER_0_6_312, 150.42, 29.92, 1.79988
FILLER_0_7_319, 150.42, 29.92, 1.79988
FILLER_0_7_325, 150.42, 29.92, 1.79988
_1855_, 5.52, 24.48, 1.7999
PHY_8, 5.52, 24.48, 1.7999
PHY_10, 5.52, 24.48, 1.7999
FILLER_0_5_3, 5.52, 24.48, 1.7999
FILLER_0_6_3, 5.52, 24.48, 1.7999
fpga_sobel_top_38, 160.08, 24.48, 1.79988
PHY_9, 160.08, 24.48, 1.79988
PHY_11, 160.08, 24.48, 1.79988
_1164_, 15.18, 24.48, 1.7999
_1175_, 15.18, 24.48, 1.7999
FILLER_0_6_23, 15.18, 24.48, 1.7999
_0943_, 37.72, 24.48, 1.7999
_1122_, 37.72, 24.48, 1.7999
_1199_, 37.72, 24.48, 1.7999
_1866_, 37.72, 24.48, 1.7999
fanout18, 37.72, 24.48, 1.7999
FILLER_0_6_74, 37.72, 24.48, 1.7999
FILLER_0_5_102, 50.6, 24.48, 1.7999
_1255_, 76.36, 24.48, 1.7999
_1410_, 76.36, 24.48, 1.7999
FILLER_0_4_149, 76.36, 24.48, 1.7999
FILLER_0_5_161, 76.36, 24.48, 1.7999
FILLER_0_6_161, 76.36, 24.48, 1.7999
_1265_, 89.24, 24.48, 1.7999
_1638_, 89.24, 24.48, 1.7999
FILLER_0_4_180, 89.24, 24.48, 1.7999
_1103_, 115, 24.48, 1.79988
_1106_, 115, 24.48, 1.79988
_1837_, 115, 24.48, 1.79988
FILLER_0_4_227, 115, 24.48, 1.79988
FILLER_0_5_225, 115, 24.48, 1.79988
_0933_, 127.88, 24.48, 1.79988
_0941_, 127.88, 24.48, 1.79988
_1099_, 127.88, 24.48, 1.79988
_1104_, 127.88, 24.48, 1.79988
FILLER_0_5_252, 127.88, 24.48, 1.79988
FILLER_0_5_268, 127.88, 24.48, 1.79988
FILLER_0_6_273, 127.88, 24.48, 1.79988
_1087_, 150.42, 24.48, 1.79988
_1088_, 150.42, 24.48, 1.79988
_1831_, 150.42, 24.48, 1.79988
FILLER_0_4_309, 150.42, 24.48, 1.79988
FILLER_0_5_309, 150.42, 24.48, 1.79988
PHY_4, 5.52, 19.04, 1.7999
PHY_6, 5.52, 19.04, 1.7999
PHY_5, 160.08, 19.04, 1.79988
PHY_7, 160.08, 19.04, 1.79988
FILLER_0_3_329, 160.08, 19.04, 1.79988
_1861_, 15.18, 19.04, 1.7999
FILLER_0_3_27, 15.18, 19.04, 1.7999
_1121_, 37.72, 19.04, 1.7999
_1194_, 37.72, 19.04, 1.7999
_1195_, 37.72, 19.04, 1.7999
_1198_, 37.72, 19.04, 1.7999
FILLER_0_2_62, 37.72, 19.04, 1.7999
FILLER_0_3_64, 37.72, 19.04, 1.7999
FILLER_0_3_76, 37.72, 19.04, 1.7999
_1197_, 50.6, 19.04, 1.7999
_1767_, 50.6, 19.04, 1.7999
_1865_, 50.6, 19.04, 1.7999
_1768_, 76.36, 19.04, 1.7999
FILLER_0_3_161, 76.36, 19.04, 1.7999
_1485_, 89.24, 19.04, 1.79989
FILLER_0_4_189, 89.24, 19.04, 1.79989
_0932_, 115, 19.04, 1.79989
_1105_, 115, 19.04, 1.79989
_1108_, 115, 19.04, 1.79989
_1109_, 115, 19.04, 1.79989
_1110_, 115, 19.04, 1.79989
_1111_, 115, 19.04, 1.79989
_1113_, 115, 19.04, 1.79989
FILLER_0_2_225, 115, 19.04, 1.79989
FILLER_0_3_228, 115, 19.04, 1.79989
FILLER_0_3_245, 115, 19.04, 1.79989
FILLER_0_4_244, 115, 19.04, 1.79989
_0899_, 127.88, 19.04, 1.79988
_0934_, 127.88, 19.04, 1.79988
_0940_, 127.88, 19.04, 1.79988
_1116_, 127.88, 19.04, 1.79988
fanout25, 127.88, 19.04, 1.79988
FILLER_0_2_260, 127.88, 19.04, 1.79988
FILLER_0_3_276, 127.88, 19.04, 1.79988
_1236_, 150.42, 19.04, 1.79988
_1237_, 150.42, 19.04, 1.79988
_1240_, 150.42, 19.04, 1.79988
_1832_, 150.42, 19.04, 1.79988
FILLER_0_2_305, 150.42, 19.04, 1.79988
PHY_0, 5.52, 13.6, 1.7999
PHY_2, 5.52, 13.6, 1.7999
fpga_sobel_top_34, 160.08, 13.6, 1.79986
PHY_1, 160.08, 13.6, 1.79986
PHY_3, 160.08, 13.6, 1.79986
FILLER_0_0_327, 160.08, 13.6, 1.79986
_1184_, 15.18, 13.6, 1.7999
_1185_, 15.18, 13.6, 1.7999
_1862_, 15.18, 13.6, 1.7999
FILLER_0_1_15, 15.18, 13.6, 1.7999
_0944_, 37.72, 13.6, 1.79989
_1190_, 37.72, 13.6, 1.79989
_1191_, 37.72, 13.6, 1.79989
_1192_, 37.72, 13.6, 1.79989
_1196_, 37.72, 13.6, 1.79989
input1, 37.72, 13.6, 1.79989
fanout19, 37.72, 13.6, 1.79989
FILLER_0_0_69, 37.72, 13.6, 1.79989
FILLER_0_0_77, 37.72, 13.6, 1.79989
_1193_, 50.6, 13.6, 1.79989
_1864_, 50.6, 13.6, 1.79989
FILLER_0_1_101, 50.6, 13.6, 1.79989
FILLER_0_1_109, 50.6, 13.6, 1.79989
FILLER_0_0_165, 76.36, 13.6, 1.79989
FILLER_0_1_161, 76.36, 13.6, 1.79989
FILLER_0_0_193, 89.24, 13.6, 1.79988
FILLER_0_2_189, 89.24, 13.6, 1.79988
_1112_, 115, 13.6, 1.79986
_1114_, 115, 13.6, 1.79986
_1839_, 115, 13.6, 1.79986
output4, 115, 13.6, 1.79986
FILLER_0_0_231, 115, 13.6, 1.79986
FILLER_0_0_241, 115, 13.6, 1.79986
FILLER_0_0_249, 115, 13.6, 1.79986
FILLER_0_1_225, 115, 13.6, 1.79986
_0900_, 127.88, 13.6, 1.79985
_1117_, 127.88, 13.6, 1.79985
_1118_, 127.88, 13.6, 1.79985
_1841_, 127.88, 13.6, 1.79985
fanout23, 127.88, 13.6, 1.79985
FILLER_0_0_253, 127.88, 13.6, 1.79985
FILLER_0_0_261, 127.88, 13.6, 1.79985
FILLER_0_0_271, 127.88, 13.6, 1.79985
FILLER_0_1_253, 127.88, 13.6, 1.79985
FILLER_0_2_268, 127.88, 13.6, 1.79985
FILLER_0_2_276, 127.88, 13.6, 1.79985
_1878_, 150.42, 13.6, 1.79986
output3, 150.42, 13.6, 1.79986
FILLER_0_0_305, 150.42, 13.6, 1.79986
FILLER_0_2_324, 150.42, 13.6, 1.79986

