
===========================================================================
report_checks -path_delay min (Hold)
============================================================================
======================= Typical Corner ===================================

Startpoint: sys_clk_i (input port clocked by clk)
Endpoint: xvclk_o (output port clocked by clk)
Path Group: clk
Path Type: min

Fanout     Cap    Slew   Delay    Time   Description
-----------------------------------------------------------------------------
                  0.00    0.00    0.00   clock clk (rise edge)
                          0.00    0.00   clock network delay (ideal)
                          2.00    2.00 v input external delay
                  0.01    0.00    2.00 v sys_clk_i (in)
     1    0.00                           sys_clk_i (net)
                  0.01    0.00    2.00 v input1/A (sky130_fd_sc_hd__buf_2)
                  0.04    0.11    2.11 v input1/X (sky130_fd_sc_hd__buf_2)
     4    0.01                           net1 (net)
                  0.04    0.00    2.11 v fanout26/A (sky130_fd_sc_hd__buf_1)
                  0.08    0.12    2.24 v fanout26/X (sky130_fd_sc_hd__buf_1)
     5    0.01                           net26 (net)
                  0.08    0.00    2.24 v fanout25/A (sky130_fd_sc_hd__clkbuf_2)
                  0.09    0.17    2.40 v fanout25/X (sky130_fd_sc_hd__clkbuf_2)
     7    0.02                           net25 (net)
                  0.09    0.00    2.40 v _1910_/A (sky130_fd_sc_hd__clkbuf_1)
                  0.02    0.10    2.51 v _1910_/X (sky130_fd_sc_hd__clkbuf_1)
     1    0.00                           net6 (net)
                  0.02    0.00    2.51 v output6/A (sky130_fd_sc_hd__clkbuf_4)
                  0.08    0.16    2.67 v output6/X (sky130_fd_sc_hd__clkbuf_4)
     1    0.03                           xvclk_o (net)
                  0.08    0.00    2.67 v xvclk_o (out)
                                  2.67   data arrival time

                  0.00    0.00    0.00   clock clk (rise edge)
                          0.00    0.00   clock network delay (ideal)
                          0.25    0.25   clock uncertainty
                          0.00    0.25   clock reconvergence pessimism
                         -2.00   -1.75   output external delay
                                 -1.75   data required time
-----------------------------------------------------------------------------
                                 -1.75   data required time
                                 -2.67   data arrival time
-----------------------------------------------------------------------------
                                  4.42   slack (MET)



