
===========================================================================
report_checks -path_delay max (Setup)
============================================================================
======================= Typical Corner ===================================

Startpoint: sys_clk_i (input port clocked by clk)
Endpoint: xvclk_o (output port clocked by clk)
Path Group: clk
Path Type: max

Fanout     Cap    Slew   Delay    Time   Description
-----------------------------------------------------------------------------
                  0.00    0.00    0.00   clock clk (rise edge)
                          0.00    0.00   clock network delay (ideal)
                          2.00    2.00 ^ input external delay
                  0.02    0.01    2.01 ^ sys_clk_i (in)
     1    0.00                           sys_clk_i (net)
                  0.02    0.00    2.01 ^ input1/A (sky130_fd_sc_hd__buf_2)
                  0.05    0.11    2.11 ^ input1/X (sky130_fd_sc_hd__buf_2)
     4    0.01                           net1 (net)
                  0.05    0.00    2.11 ^ fanout26/A (sky130_fd_sc_hd__buf_1)
                  0.13    0.15    2.26 ^ fanout26/X (sky130_fd_sc_hd__buf_1)
     5    0.01                           net26 (net)
                  0.13    0.00    2.26 ^ fanout25/A (sky130_fd_sc_hd__clkbuf_2)
                  0.08    0.17    2.43 ^ fanout25/X (sky130_fd_sc_hd__clkbuf_2)
     7    0.01                           net25 (net)
                  0.08    0.00    2.43 ^ _1910_/A (sky130_fd_sc_hd__clkbuf_1)
                  0.04    0.09    2.52 ^ _1910_/X (sky130_fd_sc_hd__clkbuf_1)
     1    0.00                           net6 (net)
                  0.04    0.00    2.52 ^ output6/A (sky130_fd_sc_hd__clkbuf_4)
                  0.11    0.19    2.71 ^ output6/X (sky130_fd_sc_hd__clkbuf_4)
     1    0.03                           xvclk_o (net)
                  0.11    0.00    2.71 ^ xvclk_o (out)
                                  2.71   data arrival time

                  0.00   10.00   10.00   clock clk (rise edge)
                          0.00   10.00   clock network delay (ideal)
                         -0.25    9.75   clock uncertainty
                          0.00    9.75   clock reconvergence pessimism
                         -2.00    7.75   output external delay
                                  7.75   data required time
-----------------------------------------------------------------------------
                                  7.75   data required time
                                 -2.71   data arrival time
-----------------------------------------------------------------------------
                                  5.04   slack (MET)



