Partial/Required:  7.26, Required:    400.0, Partial:  2903.28, Net: net6, Pin: output6/A, Layer: met1
Partial/Required:  2.62, Required:    400.0, Partial:  1046.89, Net: _0381_, Pin: _1124_/B, Layer: met1
Partial/Required:  1.83, Required:    400.0, Partial:   733.78, Net: _0857_, Pin: _1661_/B, Layer: met1
Partial/Required:  1.67, Required:    400.0, Partial:   667.11, Net: _0434_, Pin: _1207_/D, Layer: met1
Partial/Required:  1.45, Required:    400.0, Partial:    581.0, Net: _0793_, Pin: _1589_/B, Layer: met1
Partial/Required:  1.41, Required:    400.0, Partial:   563.67, Net: _0522_, Pin: _1301_/C, Layer: met1
Partial/Required:  1.40, Required:    400.0, Partial:   558.44, Net: _0891_, Pin: _1683_/C, Layer: met1
Partial/Required:  1.38, Required:    400.0, Partial:   552.22, Net: _0543_, Pin: _1322_/D, Layer: met1
Partial/Required:  1.37, Required:    400.0, Partial:   547.95, Net: _0260_, Pin: _0967_/A, Layer: met1
Partial/Required:  1.35, Required:    400.0, Partial:   538.11, Net: _0625_, Pin: _1733_/A, Layer: met1
Partial/Required:  1.24, Required:    400.0, Partial:   497.39, Net: _0770_, Pin: _1761_/A, Layer: met2
Partial/Required:  1.12, Required:    400.0, Partial:   448.78, Net: _0129_, Pin: _1712_/C, Layer: met1
Partial/Required:  1.12, Required:    400.0, Partial:   447.89, Net: _0846_, Pin: _1632_/D, Layer: met1
Partial/Required:  1.11, Required:    400.0, Partial:   443.67, Net: _0272_, Pin: _1228_/B1_N, Layer: met1
Partial/Required:  1.06, Required:    400.0, Partial:   423.11, Net: _0217_, Pin: _0936_/B, Layer: met1
Partial/Required:  1.05, Required:    400.0, Partial:    422.0, Net: _0540_, Pin: _1636_/B, Layer: met1
Partial/Required:  1.04, Required:    400.0, Partial:   414.11, Net: _0746_, Pin: _1529_/D, Layer: met1
Partial/Required:  1.03, Required:    400.0, Partial:   412.89, Net: _0643_, Pin: _1423_/B, Layer: met1
Partial/Required:  1.01, Required:    400.0, Partial:   405.22, Net: _0538_, Pin: _1318_/B, Layer: met1
Partial/Required:  1.01, Required:    400.0, Partial:   403.94, Net: cam_mod_01.camera_init_01.sender.sccb_ok, Pin: _1203_/B, Layer: met1
Partial/Required:  1.01, Required:    400.0, Partial:   403.94, Net: cam_mod_01.camera_init_01.sender.sccb_ok, Pin: _1207_/C, Layer: met1
