OpenROAD 41a51eaf4ca2171c92ff38afb91eb37bbd3f36da 
This program is licensed under the BSD-3 license. See the LICENSE file for details.
Components of this program may be licensed under more restrictive licenses which must be honored.
[INFO]: Reading ODB at '/openlane/designs/image_proc/runs/second_run/tmp/routing/22-fill.odb'…
define_corners Typical
read_liberty -corner Typical /root/.ciel/sky130A/libs.ref/sky130_fd_sc_hd/lib/sky130_fd_sc_hd__tt_025C_1v80.lib
Using 1e-12 for capacitance...
Using 1e+03 for resistance...
Using 1e-09 for time...
Using 1e+00 for voltage...
Using 1e-03 for current...
Using 1e-09 for power...
Using 1e-06 for distance...
Reading design constraints file at '/openlane/designs/image_proc/runs/second_run/tmp/17-fpga_sobel_top.sdc'…
[INFO ORD-0030] Using 4 thread(s).
[INFO DRT-0149] Reading tech and libs.

Units:                1000
Number of layers:     13
Number of macros:     441
Number of vias:       25
Number of viarulegen: 25

[INFO DRT-0150] Reading design.

Design:                   fpga_sobel_top
Die area:                 ( 0 0 ) ( 165660 176380 )
Number of track patterns: 12
Number of DEF vias:       0
Number of components:     3269
Number of terminals:      33
Number of snets:          2
Number of nets:           1065

[INFO DRT-0167] List of default vias:
  Layer mcon
    default via: L1M1_PR
  Layer via
    default via: M1M2_PR
  Layer via2
    default via: M2M3_PR
  Layer via3
    default via: M3M4_PR
  Layer via4
    default via: M4M5_PR
[INFO DRT-0162] Library cell analysis.
[INFO DRT-0163] Instance analysis.
[INFO DRT-0164] Number of unique instances = 185.
[INFO DRT-0168] Init region query.
[INFO DRT-0024]   Complete FR_MASTERSLICE.
[INFO DRT-0024]   Complete licon.
[INFO DRT-0024]   Complete li1.
[INFO DRT-0024]   Complete mcon.
[INFO DRT-0024]   Complete met1.
[INFO DRT-0024]   Complete via.
[INFO DRT-0024]   Complete met2.
[INFO DRT-0024]   Complete via2.
[INFO DRT-0024]   Complete met3.
[INFO DRT-0024]   Complete via3.
[INFO DRT-0024]   Complete met4.
[INFO DRT-0024]   Complete via4.
[INFO DRT-0024]   Complete met5.
[INFO DRT-0033] FR_MASTERSLICE shape region query size = 0.
[INFO DRT-0033] licon shape region query size = 0.
[INFO DRT-0033] li1 shape region query size = 38649.
[INFO DRT-0033] mcon shape region query size = 12216.
[INFO DRT-0033] met1 shape region query size = 8303.
[INFO DRT-0033] via shape region query size = 1140.
[INFO DRT-0033] met2 shape region query size = 700.
[INFO DRT-0033] via2 shape region query size = 912.
[INFO DRT-0033] met3 shape region query size = 699.
[INFO DRT-0033] via3 shape region query size = 912.
[INFO DRT-0033] met4 shape region query size = 276.
[INFO DRT-0033] via4 shape region query size = 32.
[INFO DRT-0033] met5 shape region query size = 48.
[INFO DRT-0165] Start pin access.
[INFO DRT-0076]   Complete 100 pins.
[INFO DRT-0076]   Complete 200 pins.
[INFO DRT-0076]   Complete 300 pins.
[INFO DRT-0076]   Complete 400 pins.
[INFO DRT-0076]   Complete 500 pins.
[INFO DRT-0076]   Complete 600 pins.
[INFO DRT-0078]   Complete 695 pins.
[INFO DRT-0079]   Complete 100 unique inst patterns.
[INFO DRT-0081]   Complete 167 unique inst patterns.
[INFO DRT-0084]   Complete 791 groups.
#scanned instances     = 3269
#unique  instances     = 185
#stdCellGenAp          = 4959
#stdCellValidPlanarAp  = 0
#stdCellValidViaAp     = 3929
#stdCellPinNoAp        = 0
#stdCellPinCnt         = 3871
#instTermValidViaApCnt = 0
#macroGenAp            = 0
#macroValidPlanarAp    = 0
#macroValidViaAp       = 0
#macroNoAp             = 0
[INFO DRT-0166] Complete pin access.
[INFO DRT-0267] cpu time = 00:00:40, elapsed time = 00:00:10, memory = 126.65 (MB), peak = 126.65 (MB)

Number of guides:     9576

[INFO DRT-0169] Post process guides.
[INFO DRT-0176] GCELLGRID X 0 DO 24 STEP 6900 ;
[INFO DRT-0177] GCELLGRID Y 0 DO 25 STEP 6900 ;
[INFO DRT-0028]   Complete FR_MASTERSLICE.
[INFO DRT-0028]   Complete licon.
[INFO DRT-0028]   Complete li1.
[INFO DRT-0028]   Complete mcon.
[INFO DRT-0028]   Complete met1.
[INFO DRT-0028]   Complete via.
[INFO DRT-0028]   Complete met2.
[INFO DRT-0028]   Complete via2.
[INFO DRT-0028]   Complete met3.
[INFO DRT-0028]   Complete via3.
[INFO DRT-0028]   Complete met4.
[INFO DRT-0028]   Complete via4.
[INFO DRT-0028]   Complete met5.
[INFO DRT-0178] Init guide query.
[INFO DRT-0035]   Complete FR_MASTERSLICE (guide).
[INFO DRT-0035]   Complete licon (guide).
[INFO DRT-0035]   Complete li1 (guide).
[INFO DRT-0035]   Complete mcon (guide).
[INFO DRT-0035]   Complete met1 (guide).
[INFO DRT-0035]   Complete via (guide).
[INFO DRT-0035]   Complete met2 (guide).
[INFO DRT-0035]   Complete via2 (guide).
[INFO DRT-0035]   Complete met3 (guide).
[INFO DRT-0035]   Complete via3 (guide).
[INFO DRT-0035]   Complete met4 (guide).
[INFO DRT-0035]   Complete via4 (guide).
[INFO DRT-0035]   Complete met5 (guide).
[INFO DRT-0036] FR_MASTERSLICE guide region query size = 0.
[INFO DRT-0036] licon guide region query size = 0.
[INFO DRT-0036] li1 guide region query size = 3211.
[INFO DRT-0036] mcon guide region query size = 0.
[INFO DRT-0036] met1 guide region query size = 2590.
[INFO DRT-0036] via guide region query size = 0.
[INFO DRT-0036] met2 guide region query size = 1495.
[INFO DRT-0036] via2 guide region query size = 0.
[INFO DRT-0036] met3 guide region query size = 200.
[INFO DRT-0036] via3 guide region query size = 0.
[INFO DRT-0036] met4 guide region query size = 70.
[INFO DRT-0036] via4 guide region query size = 0.
[INFO DRT-0036] met5 guide region query size = 0.
[INFO DRT-0179] Init gr pin query.
[INFO DRT-0245] skipped writing guide updates to database.
[INFO DRT-0185] Post process initialize RPin region query.
[INFO DRT-0181] Start track assignment.
[INFO DRT-0184] Done with 4776 vertical wires in 1 frboxes and 2790 horizontal wires in 1 frboxes.
[INFO DRT-0186] Done with 660 vertical wires in 1 frboxes and 878 horizontal wires in 1 frboxes.
[INFO DRT-0182] Complete track assignment.
[INFO DRT-0267] cpu time = 00:00:00, elapsed time = 00:00:00, memory = 141.16 (MB), peak = 153.73 (MB)
[INFO DRT-0187] Start routing data preparation.
[INFO DRT-0267] cpu time = 00:00:00, elapsed time = 00:00:00, memory = 141.16 (MB), peak = 153.73 (MB)
[INFO DRT-0194] Start detail routing.
[INFO DRT-0195] Start 0th optimization iteration.
    Completing 10% with 0 violations.
    elapsed time = 00:00:02, memory = 248.14 (MB).
    Completing 20% with 0 violations.
    elapsed time = 00:00:04, memory = 224.00 (MB).
    Completing 30% with 204 violations.
    elapsed time = 00:00:04, memory = 227.22 (MB).
    Completing 40% with 204 violations.
    elapsed time = 00:00:07, memory = 241.97 (MB).
    Completing 50% with 204 violations.
    elapsed time = 00:00:10, memory = 242.22 (MB).
    Completing 60% with 383 violations.
    elapsed time = 00:00:11, memory = 228.02 (MB).
    Completing 70% with 383 violations.
    elapsed time = 00:00:18, memory = 229.55 (MB).
    Completing 80% with 592 violations.
    elapsed time = 00:00:18, memory = 219.91 (MB).
    Completing 90% with 592 violations.
    elapsed time = 00:00:19, memory = 223.16 (MB).
    Completing 100% with 803 violations.
    elapsed time = 00:00:29, memory = 211.02 (MB).
[INFO DRT-0199]   Number of violations = 1151.
Viol/Layer         li1   met1   met2   met3   met4
Metal Spacing        4    113     15      1      0
Recheck              0    194    132     18      4
Short                0    580     88      1      1
[INFO DRT-0267] cpu time = 00:00:48, elapsed time = 00:00:30, memory = 539.64 (MB), peak = 539.64 (MB)
Total wire length = 43785 um.
Total wire length on LAYER li1 = 0 um.
Total wire length on LAYER met1 = 19371 um.
Total wire length on LAYER met2 = 18467 um.
Total wire length on LAYER met3 = 3319 um.
Total wire length on LAYER met4 = 2626 um.
Total wire length on LAYER met5 = 0 um.
Total number of vias = 8702.
Up-via summary (total 8702):.

-----------------------
 FR_MASTERSLICE       0
            li1    3877
           met1    4408
           met2     295
           met3     122
           met4       0
-----------------------
                   8702


[INFO DRT-0195] Start 1st optimization iteration.
    Completing 10% with 1151 violations.
    elapsed time = 00:00:01, memory = 579.52 (MB).
    Completing 20% with 1151 violations.
    elapsed time = 00:00:06, memory = 589.89 (MB).
    Completing 30% with 1037 violations.
    elapsed time = 00:00:06, memory = 582.01 (MB).
    Completing 40% with 1037 violations.
    elapsed time = 00:00:07, memory = 589.39 (MB).
    Completing 50% with 1037 violations.
    elapsed time = 00:00:14, memory = 598.14 (MB).
    Completing 60% with 764 violations.
    elapsed time = 00:00:15, memory = 588.43 (MB).
    Completing 70% with 764 violations.
    elapsed time = 00:00:22, memory = 584.97 (MB).
    Completing 80% with 625 violations.
    elapsed time = 00:00:23, memory = 573.98 (MB).
    Completing 90% with 625 violations.
    elapsed time = 00:00:24, memory = 577.60 (MB).
    Completing 100% with 469 violations.
    elapsed time = 00:00:29, memory = 577.60 (MB).
[INFO DRT-0199]   Number of violations = 469.
Viol/Layer        met1   met2   met3
Metal Spacing       64     20      1
Short              348     36      0
[INFO DRT-0267] cpu time = 00:00:42, elapsed time = 00:00:29, memory = 580.48 (MB), peak = 605.89 (MB)
Total wire length = 43503 um.
Total wire length on LAYER li1 = 0 um.
Total wire length on LAYER met1 = 19348 um.
Total wire length on LAYER met2 = 18260 um.
Total wire length on LAYER met3 = 3258 um.
Total wire length on LAYER met4 = 2635 um.
Total wire length on LAYER met5 = 0 um.
Total number of vias = 8630.
Up-via summary (total 8630):.

-----------------------
 FR_MASTERSLICE       0
            li1    3873
           met1    4343
           met2     290
           met3     124
           met4       0
-----------------------
                   8630


[INFO DRT-0195] Start 2nd optimization iteration.
    Completing 10% with 469 violations.
    elapsed time = 00:00:00, memory = 580.60 (MB).
    Completing 20% with 469 violations.
    elapsed time = 00:00:00, memory = 580.60 (MB).
    Completing 30% with 469 violations.
    elapsed time = 00:00:00, memory = 580.60 (MB).
    Completing 40% with 454 violations.
    elapsed time = 00:00:08, memory = 551.92 (MB).
    Completing 50% with 454 violations.
    elapsed time = 00:00:08, memory = 551.92 (MB).
    Completing 60% with 454 violations.
    elapsed time = 00:00:12, memory = 580.54 (MB).
    Completing 70% with 442 violations.
    elapsed time = 00:00:12, memory = 502.16 (MB).
    Completing 80% with 442 violations.
    elapsed time = 00:00:15, memory = 554.28 (MB).
    Completing 90% with 455 violations.
    elapsed time = 00:00:19, memory = 638.98 (MB).
    Completing 100% with 453 violations.
    elapsed time = 00:00:22, memory = 505.08 (MB).
[INFO DRT-0199]   Number of violations = 691.
Viol/Layer        met1   met2   met3   met4
Metal Spacing       68     18      2      0
Recheck              0      0    238      0
Short              321     43      0      1
[INFO DRT-0267] cpu time = 00:00:40, elapsed time = 00:00:23, memory = 506.70 (MB), peak = 638.98 (MB)
Total wire length = 43307 um.
Total wire length on LAYER li1 = 0 um.
Total wire length on LAYER met1 = 19259 um.
Total wire length on LAYER met2 = 18204 um.
Total wire length on LAYER met3 = 3246 um.
Total wire length on LAYER met4 = 2597 um.
Total wire length on LAYER met5 = 0 um.
Total number of vias = 8614.
Up-via summary (total 8614):.

-----------------------
 FR_MASTERSLICE       0
            li1    3873
           met1    4318
           met2     295
           met3     128
           met4       0
-----------------------
                   8614


[INFO DRT-0195] Start 3rd optimization iteration.
    Completing 10% with 691 violations.
    elapsed time = 00:00:03, memory = 635.83 (MB).
    Completing 20% with 691 violations.
    elapsed time = 00:00:03, memory = 635.83 (MB).
    Completing 30% with 357 violations.
    elapsed time = 00:00:04, memory = 561.48 (MB).
    Completing 40% with 357 violations.
    elapsed time = 00:00:07, memory = 583.85 (MB).
    Completing 50% with 357 violations.
    elapsed time = 00:00:08, memory = 583.85 (MB).
    Completing 60% with 270 violations.
    elapsed time = 00:00:08, memory = 547.02 (MB).
    Completing 70% with 270 violations.
    elapsed time = 00:00:20, memory = 583.77 (MB).
    Completing 80% with 151 violations.
    elapsed time = 00:00:20, memory = 539.11 (MB).
    Completing 90% with 151 violations.
    elapsed time = 00:00:23, memory = 546.61 (MB).
    Completing 100% with 79 violations.
    elapsed time = 00:00:27, memory = 546.61 (MB).
[INFO DRT-0199]   Number of violations = 79.
Viol/Layer        met1   met2
Metal Spacing       23      2
Short               49      5
[INFO DRT-0267] cpu time = 00:00:45, elapsed time = 00:00:27, memory = 546.61 (MB), peak = 638.98 (MB)
Total wire length = 43225 um.
Total wire length on LAYER li1 = 0 um.
Total wire length on LAYER met1 = 18357 um.
Total wire length on LAYER met2 = 18187 um.
Total wire length on LAYER met3 = 3982 um.
Total wire length on LAYER met4 = 2698 um.
Total wire length on LAYER met5 = 0 um.
Total number of vias = 8813.
Up-via summary (total 8813):.

-----------------------
 FR_MASTERSLICE       0
            li1    3873
           met1    4379
           met2     425
           met3     136
           met4       0
-----------------------
                   8813


[INFO DRT-0195] Start 4th optimization iteration.
    Completing 10% with 79 violations.
    elapsed time = 00:00:00, memory = 584.49 (MB).
    Completing 20% with 79 violations.
    elapsed time = 00:00:00, memory = 591.24 (MB).
    Completing 30% with 71 violations.
    elapsed time = 00:00:00, memory = 513.85 (MB).
    Completing 40% with 71 violations.
    elapsed time = 00:00:00, memory = 513.85 (MB).
    Completing 50% with 71 violations.
    elapsed time = 00:00:02, memory = 513.85 (MB).
    Completing 60% with 50 violations.
    elapsed time = 00:00:02, memory = 513.85 (MB).
    Completing 70% with 50 violations.
    elapsed time = 00:00:06, memory = 588.73 (MB).
    Completing 80% with 13 violations.
    elapsed time = 00:00:06, memory = 532.86 (MB).
    Completing 90% with 13 violations.
    elapsed time = 00:00:06, memory = 553.86 (MB).
    Completing 100% with 2 violations.
    elapsed time = 00:00:10, memory = 553.86 (MB).
[INFO DRT-0199]   Number of violations = 2.
Viol/Layer        met1
Short                2
[INFO DRT-0267] cpu time = 00:00:12, elapsed time = 00:00:10, memory = 553.86 (MB), peak = 638.98 (MB)
Total wire length = 43283 um.
Total wire length on LAYER li1 = 0 um.
Total wire length on LAYER met1 = 18268 um.
Total wire length on LAYER met2 = 18271 um.
Total wire length on LAYER met3 = 4120 um.
Total wire length on LAYER met4 = 2622 um.
Total wire length on LAYER met5 = 0 um.
Total number of vias = 8863.
Up-via summary (total 8863):.

-----------------------
 FR_MASTERSLICE       0
            li1    3873
           met1    4409
           met2     447
           met3     134
           met4       0
-----------------------
                   8863


[INFO DRT-0195] Start 5th optimization iteration.
    Completing 10% with 2 violations.
    elapsed time = 00:00:00, memory = 553.86 (MB).
    Completing 20% with 2 violations.
    elapsed time = 00:00:00, memory = 553.86 (MB).
    Completing 30% with 2 violations.
    elapsed time = 00:00:00, memory = 553.86 (MB).
    Completing 40% with 2 violations.
    elapsed time = 00:00:00, memory = 553.86 (MB).
    Completing 50% with 2 violations.
    elapsed time = 00:00:00, memory = 553.86 (MB).
    Completing 60% with 2 violations.
    elapsed time = 00:00:00, memory = 553.86 (MB).
    Completing 70% with 2 violations.
    elapsed time = 00:00:00, memory = 553.86 (MB).
    Completing 80% with 2 violations.
    elapsed time = 00:00:00, memory = 553.86 (MB).
    Completing 90% with 2 violations.
    elapsed time = 00:00:00, memory = 553.86 (MB).
    Completing 100% with 0 violations.
    elapsed time = 00:00:00, memory = 553.86 (MB).
[INFO DRT-0199]   Number of violations = 0.
[INFO DRT-0267] cpu time = 00:00:00, elapsed time = 00:00:00, memory = 553.86 (MB), peak = 638.98 (MB)
Total wire length = 43279 um.
Total wire length on LAYER li1 = 0 um.
Total wire length on LAYER met1 = 18267 um.
Total wire length on LAYER met2 = 18268 um.
Total wire length on LAYER met3 = 4120 um.
Total wire length on LAYER met4 = 2622 um.
Total wire length on LAYER met5 = 0 um.
Total number of vias = 8866.
Up-via summary (total 8866):.

-----------------------
 FR_MASTERSLICE       0
            li1    3873
           met1    4412
           met2     447
           met3     134
           met4       0
-----------------------
                   8866


[INFO DRT-0198] Complete detail routing.
Total wire length = 43279 um.
Total wire length on LAYER li1 = 0 um.
Total wire length on LAYER met1 = 18267 um.
Total wire length on LAYER met2 = 18268 um.
Total wire length on LAYER met3 = 4120 um.
Total wire length on LAYER met4 = 2622 um.
Total wire length on LAYER met5 = 0 um.
Total number of vias = 8866.
Up-via summary (total 8866):.

-----------------------
 FR_MASTERSLICE       0
            li1    3873
           met1    4412
           met2     447
           met3     134
           met4       0
-----------------------
                   8866


[INFO DRT-0267] cpu time = 00:03:10, elapsed time = 00:02:02, memory = 553.86 (MB), peak = 638.98 (MB)

[INFO DRT-0180] Post processing.
Setting global connections for newly added cells…
Writing OpenROAD database to '/openlane/designs/image_proc/runs/second_run/results/routing/fpga_sobel_top.odb'…
Writing netlist to '/openlane/designs/image_proc/runs/second_run/results/routing/fpga_sobel_top.nl.v'…
Writing powered netlist to '/openlane/designs/image_proc/runs/second_run/results/routing/fpga_sobel_top.pnl.v'…
Writing layout to '/openlane/designs/image_proc/runs/second_run/results/routing/fpga_sobel_top.def'…
