OpenSTA 2.4.0 41a51eaf4c Copyright (c) 2021, Parallax Software, Inc.
License GPLv3: GNU GPL version 3 <http://gnu.org/licenses/gpl.html>

This is free software, and you are free to change and redistribute it
under certain conditions; type `show_copying' for details. 
This program comes with ABSOLUTELY NO WARRANTY; for details type `show_warranty'.
define_corners Slowest Typical Fastest
read_liberty -corner Slowest /root/.ciel/sky130A/libs.ref/sky130_fd_sc_hd/lib/sky130_fd_sc_hd__ss_100C_1v60.lib
read_liberty -corner Typical /root/.ciel/sky130A/libs.ref/sky130_fd_sc_hd/lib/sky130_fd_sc_hd__tt_025C_1v80.lib
read_liberty -corner Fastest /root/.ciel/sky130A/libs.ref/sky130_fd_sc_hd/lib/sky130_fd_sc_hd__ff_n40C_1v95.lib
Using 1e-12 for capacitance...
Using 1e+03 for resistance...
Using 1e-09 for time...
Using 1e+00 for voltage...
Using 1e-03 for current...
Using 1e-09 for power...
Using 1e-06 for distance...
Reading netlist '/openlane/designs/image_proc/runs/second_run/results/routing/fpga_sobel_top.nl.v'…
Warning: /openlane/designs/image_proc/runs/second_run/results/routing/fpga_sobel_top.nl.v line 4994, module sky130_fd_sc_hd__tapvpwrvgnd_1 not found. Creating black box for TAP_112.
Warning: /openlane/designs/image_proc/runs/second_run/results/routing/fpga_sobel_top.nl.v line 5384, module sky130_ef_sc_hd__decap_12 not found. Creating black box for FILLER_0_0_3.
Warning: /openlane/designs/image_proc/runs/second_run/results/routing/fpga_sobel_top.nl.v line 5386, module sky130_fd_sc_hd__fill_1 not found. Creating black box for FILLER_0_0_27.
Warning: /openlane/designs/image_proc/runs/second_run/results/routing/fpga_sobel_top.nl.v line 5445, module sky130_fd_sc_hd__fill_2 not found. Creating black box for FILLER_0_2_43.
Reading design constraints file at '/openlane/designs/image_proc/runs/second_run/tmp/17-fpga_sobel_top.sdc'…
min_report

===========================================================================
report_checks -path_delay min (Hold)
============================================================================
======================= Fastest Corner ===================================

Startpoint: sys_clk_i (input port clocked by clk)
Endpoint: xvclk_o (output port clocked by clk)
Path Group: clk
Path Type: min
Corner: Fastest

Fanout     Cap    Slew   Delay    Time   Description
-----------------------------------------------------------------------------
                  0.00    0.00    0.00   clock clk (rise edge)
                          0.00    0.00   clock network delay (ideal)
                          2.00    2.00 v input external delay
                  0.00    0.00    2.00 v sys_clk_i (in)
     1    0.00                           sys_clk_i (net)
                  0.00    0.00    2.00 v input1/A (sky130_fd_sc_hd__buf_2)
                  0.08    0.12    2.12 v input1/X (sky130_fd_sc_hd__buf_2)
     4    0.05                           net1 (net)
                  0.08    0.00    2.12 v fanout26/A (sky130_fd_sc_hd__buf_1)
                  0.06    0.11    2.23 v fanout26/X (sky130_fd_sc_hd__buf_1)
     5    0.02                           net26 (net)
                  0.06    0.00    2.23 v fanout25/A (sky130_fd_sc_hd__clkbuf_2)
                  0.07    0.12    2.35 v fanout25/X (sky130_fd_sc_hd__clkbuf_2)
     7    0.03                           net25 (net)
                  0.07    0.00    2.35 v _1910_/A (sky130_fd_sc_hd__clkbuf_1)
                  0.02    0.07    2.42 v _1910_/X (sky130_fd_sc_hd__clkbuf_1)
     1    0.00                           net6 (net)
                  0.02    0.00    2.42 v output6/A (sky130_fd_sc_hd__clkbuf_4)
                  0.06    0.11    2.53 v output6/X (sky130_fd_sc_hd__clkbuf_4)
     1    0.03                           xvclk_o (net)
                  0.06    0.00    2.53 v xvclk_o (out)
                                  2.53   data arrival time

                  0.00    0.00    0.00   clock clk (rise edge)
                          0.00    0.00   clock network delay (ideal)
                          0.25    0.25   clock uncertainty
                          0.00    0.25   clock reconvergence pessimism
                         -2.00   -1.75   output external delay
                                 -1.75   data required time
-----------------------------------------------------------------------------
                                 -1.75   data required time
                                 -2.53   data arrival time
-----------------------------------------------------------------------------
                                  4.28   slack (MET)



======================= Slowest Corner ===================================

Startpoint: sys_clk_i (input port clocked by clk)
Endpoint: xvclk_o (output port clocked by clk)
Path Group: clk
Path Type: min
Corner: Slowest

Fanout     Cap    Slew   Delay    Time   Description
-----------------------------------------------------------------------------
                  0.00    0.00    0.00   clock clk (rise edge)
                          0.00    0.00   clock network delay (ideal)
                          2.00    2.00 v input external delay
                  0.02    0.01    2.01 v sys_clk_i (in)
     1    0.00                           sys_clk_i (net)
                  0.02    0.00    2.01 v input1/A (sky130_fd_sc_hd__buf_2)
                  0.21    0.34    2.35 v input1/X (sky130_fd_sc_hd__buf_2)
     4    0.05                           net1 (net)
                  0.21    0.00    2.35 v fanout26/A (sky130_fd_sc_hd__buf_1)
                  0.18    0.31    2.66 v fanout26/X (sky130_fd_sc_hd__buf_1)
     5    0.01                           net26 (net)
                  0.18    0.00    2.66 v fanout25/A (sky130_fd_sc_hd__clkbuf_2)
                  0.19    0.33    2.99 v fanout25/X (sky130_fd_sc_hd__clkbuf_2)
     7    0.03                           net25 (net)
                  0.19    0.00    2.99 v _1910_/A (sky130_fd_sc_hd__clkbuf_1)
                  0.05    0.20    3.19 v _1910_/X (sky130_fd_sc_hd__clkbuf_1)
     1    0.00                           net6 (net)
                  0.05    0.00    3.19 v output6/A (sky130_fd_sc_hd__clkbuf_4)
                  0.14    0.30    3.49 v output6/X (sky130_fd_sc_hd__clkbuf_4)
     1    0.03                           xvclk_o (net)
                  0.14    0.00    3.49 v xvclk_o (out)
                                  3.49   data arrival time

                  0.00    0.00    0.00   clock clk (rise edge)
                          0.00    0.00   clock network delay (ideal)
                          0.25    0.25   clock uncertainty
                          0.00    0.25   clock reconvergence pessimism
                         -2.00   -1.75   output external delay
                                 -1.75   data required time
-----------------------------------------------------------------------------
                                 -1.75   data required time
                                 -3.49   data arrival time
-----------------------------------------------------------------------------
                                  5.24   slack (MET)



======================= Typical Corner ===================================

Startpoint: sys_clk_i (input port clocked by clk)
Endpoint: xvclk_o (output port clocked by clk)
Path Group: clk
Path Type: min
Corner: Typical

Fanout     Cap    Slew   Delay    Time   Description
-----------------------------------------------------------------------------
                  0.00    0.00    0.00   clock clk (rise edge)
                          0.00    0.00   clock network delay (ideal)
                          2.00    2.00 v input external delay
                  0.01    0.00    2.00 v sys_clk_i (in)
     1    0.00                           sys_clk_i (net)
                  0.01    0.00    2.00 v input1/A (sky130_fd_sc_hd__buf_2)
                  0.11    0.18    2.18 v input1/X (sky130_fd_sc_hd__buf_2)
     4    0.05                           net1 (net)
                  0.11    0.00    2.18 v fanout26/A (sky130_fd_sc_hd__buf_1)
                  0.09    0.16    2.34 v fanout26/X (sky130_fd_sc_hd__buf_1)
     5    0.02                           net26 (net)
                  0.09    0.00    2.34 v fanout25/A (sky130_fd_sc_hd__clkbuf_2)
                  0.10    0.18    2.52 v fanout25/X (sky130_fd_sc_hd__clkbuf_2)
     7    0.03                           net25 (net)
                  0.10    0.00    2.52 v _1910_/A (sky130_fd_sc_hd__clkbuf_1)
                  0.02    0.11    2.63 v _1910_/X (sky130_fd_sc_hd__clkbuf_1)
     1    0.00                           net6 (net)
                  0.02    0.00    2.63 v output6/A (sky130_fd_sc_hd__clkbuf_4)
                  0.08    0.16    2.79 v output6/X (sky130_fd_sc_hd__clkbuf_4)
     1    0.03                           xvclk_o (net)
                  0.08    0.00    2.79 v xvclk_o (out)
                                  2.79   data arrival time

                  0.00    0.00    0.00   clock clk (rise edge)
                          0.00    0.00   clock network delay (ideal)
                          0.25    0.25   clock uncertainty
                          0.00    0.25   clock reconvergence pessimism
                         -2.00   -1.75   output external delay
                                 -1.75   data required time
-----------------------------------------------------------------------------
                                 -1.75   data required time
                                 -2.79   data arrival time
-----------------------------------------------------------------------------
                                  4.54   slack (MET)



min_report_end
max_report

===========================================================================
report_checks -path_delay max (Setup)
============================================================================
======================= Fastest Corner ===================================

Startpoint: sys_clk_i (input port clocked by clk)
Endpoint: xvclk_o (output port clocked by clk)
Path Group: clk
Path Type: max
Corner: Fastest

Fanout     Cap    Slew   Delay    Time   Description
-----------------------------------------------------------------------------
                  0.00    0.00    0.00   clock clk (rise edge)
                          0.00    0.00   clock network delay (ideal)
                          2.00    2.00 ^ input external delay
                  0.01    0.01    2.01 ^ sys_clk_i (in)
     1    0.00                           sys_clk_i (net)
                  0.01    0.00    2.01 ^ input1/A (sky130_fd_sc_hd__buf_2)
                  0.17    0.17    2.18 ^ input1/X (sky130_fd_sc_hd__buf_2)
     4    0.05                           net1 (net)
                  0.17    0.00    2.18 ^ fanout26/A (sky130_fd_sc_hd__buf_1)
                  0.15    0.15    2.33 ^ fanout26/X (sky130_fd_sc_hd__buf_1)
     5    0.02                           net26 (net)
                  0.15    0.00    2.33 ^ fanout25/A (sky130_fd_sc_hd__clkbuf_2)
                  0.12    0.16    2.49 ^ fanout25/X (sky130_fd_sc_hd__clkbuf_2)
     7    0.03                           net25 (net)
                  0.12    0.00    2.49 ^ _1910_/A (sky130_fd_sc_hd__clkbuf_1)
                  0.03    0.06    2.55 ^ _1910_/X (sky130_fd_sc_hd__clkbuf_1)
     1    0.00                           net6 (net)
                  0.03    0.00    2.55 ^ output6/A (sky130_fd_sc_hd__clkbuf_4)
                  0.08    0.13    2.68 ^ output6/X (sky130_fd_sc_hd__clkbuf_4)
     1    0.03                           xvclk_o (net)
                  0.08    0.00    2.68 ^ xvclk_o (out)
                                  2.68   data arrival time

                  0.00   10.00   10.00   clock clk (rise edge)
                          0.00   10.00   clock network delay (ideal)
                         -0.25    9.75   clock uncertainty
                          0.00    9.75   clock reconvergence pessimism
                         -2.00    7.75   output external delay
                                  7.75   data required time
-----------------------------------------------------------------------------
                                  7.75   data required time
                                 -2.68   data arrival time
-----------------------------------------------------------------------------
                                  5.07   slack (MET)



======================= Slowest Corner ===================================

Startpoint: sys_clk_i (input port clocked by clk)
Endpoint: xvclk_o (output port clocked by clk)
Path Group: clk
Path Type: max
Corner: Slowest

Fanout     Cap    Slew   Delay    Time   Description
-----------------------------------------------------------------------------
                  0.00    0.00    0.00   clock clk (rise edge)
                          0.00    0.00   clock network delay (ideal)
                          2.00    2.00 ^ input external delay
                  0.03    0.02    2.02 ^ sys_clk_i (in)
     1    0.00                           sys_clk_i (net)
                  0.03    0.00    2.02 ^ input1/A (sky130_fd_sc_hd__buf_2)
                  0.37    0.41    2.43 ^ input1/X (sky130_fd_sc_hd__buf_2)
     4    0.05                           net1 (net)
                  0.37    0.00    2.43 ^ fanout26/A (sky130_fd_sc_hd__buf_1)
                  0.30    0.44    2.87 ^ fanout26/X (sky130_fd_sc_hd__buf_1)
     5    0.02                           net26 (net)
                  0.30    0.00    2.87 ^ fanout25/A (sky130_fd_sc_hd__clkbuf_2)
                  0.23    0.43    3.30 ^ fanout25/X (sky130_fd_sc_hd__clkbuf_2)
     7    0.03                           net25 (net)
                  0.23    0.00    3.30 ^ _1910_/A (sky130_fd_sc_hd__clkbuf_1)
                  0.07    0.22    3.52 ^ _1910_/X (sky130_fd_sc_hd__clkbuf_1)
     1    0.00                           net6 (net)
                  0.07    0.00    3.52 ^ output6/A (sky130_fd_sc_hd__clkbuf_4)
                  0.18    0.34    3.87 ^ output6/X (sky130_fd_sc_hd__clkbuf_4)
     1    0.03                           xvclk_o (net)
                  0.18    0.00    3.87 ^ xvclk_o (out)
                                  3.87   data arrival time

                  0.00   10.00   10.00   clock clk (rise edge)
                          0.00   10.00   clock network delay (ideal)
                         -0.25    9.75   clock uncertainty
                          0.00    9.75   clock reconvergence pessimism
                         -2.00    7.75   output external delay
                                  7.75   data required time
-----------------------------------------------------------------------------
                                  7.75   data required time
                                 -3.87   data arrival time
-----------------------------------------------------------------------------
                                  3.88   slack (MET)



======================= Typical Corner ===================================

Startpoint: sys_clk_i (input port clocked by clk)
Endpoint: xvclk_o (output port clocked by clk)
Path Group: clk
Path Type: max
Corner: Typical

Fanout     Cap    Slew   Delay    Time   Description
-----------------------------------------------------------------------------
                  0.00    0.00    0.00   clock clk (rise edge)
                          0.00    0.00   clock network delay (ideal)
                          2.00    2.00 ^ input external delay
                  0.02    0.01    2.01 ^ sys_clk_i (in)
     1    0.00                           sys_clk_i (net)
                  0.02    0.00    2.01 ^ input1/A (sky130_fd_sc_hd__buf_2)
                  0.23    0.24    2.25 ^ input1/X (sky130_fd_sc_hd__buf_2)
     4    0.05                           net1 (net)
                  0.23    0.00    2.25 ^ fanout26/A (sky130_fd_sc_hd__buf_1)
                  0.19    0.23    2.49 ^ fanout26/X (sky130_fd_sc_hd__buf_1)
     5    0.02                           net26 (net)
                  0.19    0.00    2.49 ^ fanout25/A (sky130_fd_sc_hd__clkbuf_2)
                  0.15    0.24    2.73 ^ fanout25/X (sky130_fd_sc_hd__clkbuf_2)
     7    0.03                           net25 (net)
                  0.15    0.00    2.73 ^ _1910_/A (sky130_fd_sc_hd__clkbuf_1)
                  0.04    0.11    2.84 ^ _1910_/X (sky130_fd_sc_hd__clkbuf_1)
     1    0.00                           net6 (net)
                  0.04    0.00    2.84 ^ output6/A (sky130_fd_sc_hd__clkbuf_4)
                  0.11    0.19    3.03 ^ output6/X (sky130_fd_sc_hd__clkbuf_4)
     1    0.03                           xvclk_o (net)
                  0.11    0.00    3.03 ^ xvclk_o (out)
                                  3.03   data arrival time

                  0.00   10.00   10.00   clock clk (rise edge)
                          0.00   10.00   clock network delay (ideal)
                         -0.25    9.75   clock uncertainty
                          0.00    9.75   clock reconvergence pessimism
                         -2.00    7.75   output external delay
                                  7.75   data required time
-----------------------------------------------------------------------------
                                  7.75   data required time
                                 -3.03   data arrival time
-----------------------------------------------------------------------------
                                  4.72   slack (MET)



max_report_end
checks_report

===========================================================================
report_checks -unconstrained
===========================================================================
======================= Fastest Corner ===================================

Startpoint: sys_clk_i (input port clocked by clk)
Endpoint: xvclk_o (output port clocked by clk)
Path Group: clk
Path Type: max
Corner: Fastest

Fanout     Cap    Slew   Delay    Time   Description
-----------------------------------------------------------------------------
                  0.00    0.00    0.00   clock clk (rise edge)
                          0.00    0.00   clock network delay (ideal)
                          2.00    2.00 ^ input external delay
                  0.01    0.01    2.01 ^ sys_clk_i (in)
     1    0.00                           sys_clk_i (net)
                  0.01    0.00    2.01 ^ input1/A (sky130_fd_sc_hd__buf_2)
                  0.17    0.17    2.18 ^ input1/X (sky130_fd_sc_hd__buf_2)
     4    0.05                           net1 (net)
                  0.17    0.00    2.18 ^ fanout26/A (sky130_fd_sc_hd__buf_1)
                  0.15    0.15    2.33 ^ fanout26/X (sky130_fd_sc_hd__buf_1)
     5    0.02                           net26 (net)
                  0.15    0.00    2.33 ^ fanout25/A (sky130_fd_sc_hd__clkbuf_2)
                  0.12    0.16    2.49 ^ fanout25/X (sky130_fd_sc_hd__clkbuf_2)
     7    0.03                           net25 (net)
                  0.12    0.00    2.49 ^ _1910_/A (sky130_fd_sc_hd__clkbuf_1)
                  0.03    0.06    2.55 ^ _1910_/X (sky130_fd_sc_hd__clkbuf_1)
     1    0.00                           net6 (net)
                  0.03    0.00    2.55 ^ output6/A (sky130_fd_sc_hd__clkbuf_4)
                  0.08    0.13    2.68 ^ output6/X (sky130_fd_sc_hd__clkbuf_4)
     1    0.03                           xvclk_o (net)
                  0.08    0.00    2.68 ^ xvclk_o (out)
                                  2.68   data arrival time

                  0.00   10.00   10.00   clock clk (rise edge)
                          0.00   10.00   clock network delay (ideal)
                         -0.25    9.75   clock uncertainty
                          0.00    9.75   clock reconvergence pessimism
                         -2.00    7.75   output external delay
                                  7.75   data required time
-----------------------------------------------------------------------------
                                  7.75   data required time
                                 -2.68   data arrival time
-----------------------------------------------------------------------------
                                  5.07   slack (MET)



======================= Slowest Corner ===================================

Startpoint: sys_clk_i (input port clocked by clk)
Endpoint: xvclk_o (output port clocked by clk)
Path Group: clk
Path Type: max
Corner: Slowest

Fanout     Cap    Slew   Delay    Time   Description
-----------------------------------------------------------------------------
                  0.00    0.00    0.00   clock clk (rise edge)
                          0.00    0.00   clock network delay (ideal)
                          2.00    2.00 ^ input external delay
                  0.03    0.02    2.02 ^ sys_clk_i (in)
     1    0.00                           sys_clk_i (net)
                  0.03    0.00    2.02 ^ input1/A (sky130_fd_sc_hd__buf_2)
                  0.37    0.41    2.43 ^ input1/X (sky130_fd_sc_hd__buf_2)
     4    0.05                           net1 (net)
                  0.37    0.00    2.43 ^ fanout26/A (sky130_fd_sc_hd__buf_1)
                  0.30    0.44    2.87 ^ fanout26/X (sky130_fd_sc_hd__buf_1)
     5    0.02                           net26 (net)
                  0.30    0.00    2.87 ^ fanout25/A (sky130_fd_sc_hd__clkbuf_2)
                  0.23    0.43    3.30 ^ fanout25/X (sky130_fd_sc_hd__clkbuf_2)
     7    0.03                           net25 (net)
                  0.23    0.00    3.30 ^ _1910_/A (sky130_fd_sc_hd__clkbuf_1)
                  0.07    0.22    3.52 ^ _1910_/X (sky130_fd_sc_hd__clkbuf_1)
     1    0.00                           net6 (net)
                  0.07    0.00    3.52 ^ output6/A (sky130_fd_sc_hd__clkbuf_4)
                  0.18    0.34    3.87 ^ output6/X (sky130_fd_sc_hd__clkbuf_4)
     1    0.03                           xvclk_o (net)
                  0.18    0.00    3.87 ^ xvclk_o (out)
                                  3.87   data arrival time

                  0.00   10.00   10.00   clock clk (rise edge)
                          0.00   10.00   clock network delay (ideal)
                         -0.25    9.75   clock uncertainty
                          0.00    9.75   clock reconvergence pessimism
                         -2.00    7.75   output external delay
                                  7.75   data required time
-----------------------------------------------------------------------------
                                  7.75   data required time
                                 -3.87   data arrival time
-----------------------------------------------------------------------------
                                  3.88   slack (MET)



======================= Typical Corner ===================================

Startpoint: sys_clk_i (input port clocked by clk)
Endpoint: xvclk_o (output port clocked by clk)
Path Group: clk
Path Type: max
Corner: Typical

Fanout     Cap    Slew   Delay    Time   Description
-----------------------------------------------------------------------------
                  0.00    0.00    0.00   clock clk (rise edge)
                          0.00    0.00   clock network delay (ideal)
                          2.00    2.00 ^ input external delay
                  0.02    0.01    2.01 ^ sys_clk_i (in)
     1    0.00                           sys_clk_i (net)
                  0.02    0.00    2.01 ^ input1/A (sky130_fd_sc_hd__buf_2)
                  0.23    0.24    2.25 ^ input1/X (sky130_fd_sc_hd__buf_2)
     4    0.05                           net1 (net)
                  0.23    0.00    2.25 ^ fanout26/A (sky130_fd_sc_hd__buf_1)
                  0.19    0.23    2.49 ^ fanout26/X (sky130_fd_sc_hd__buf_1)
     5    0.02                           net26 (net)
                  0.19    0.00    2.49 ^ fanout25/A (sky130_fd_sc_hd__clkbuf_2)
                  0.15    0.24    2.73 ^ fanout25/X (sky130_fd_sc_hd__clkbuf_2)
     7    0.03                           net25 (net)
                  0.15    0.00    2.73 ^ _1910_/A (sky130_fd_sc_hd__clkbuf_1)
                  0.04    0.11    2.84 ^ _1910_/X (sky130_fd_sc_hd__clkbuf_1)
     1    0.00                           net6 (net)
                  0.04    0.00    2.84 ^ output6/A (sky130_fd_sc_hd__clkbuf_4)
                  0.11    0.19    3.03 ^ output6/X (sky130_fd_sc_hd__clkbuf_4)
     1    0.03                           xvclk_o (net)
                  0.11    0.00    3.03 ^ xvclk_o (out)
                                  3.03   data arrival time

                  0.00   10.00   10.00   clock clk (rise edge)
                          0.00   10.00   clock network delay (ideal)
                         -0.25    9.75   clock uncertainty
                          0.00    9.75   clock reconvergence pessimism
                         -2.00    7.75   output external delay
                                  7.75   data required time
-----------------------------------------------------------------------------
                                  7.75   data required time
                                 -3.03   data arrival time
-----------------------------------------------------------------------------
                                  4.72   slack (MET)




===========================================================================
report_checks --slack_max -0.01
============================================================================
======================= Fastest Corner ===================================

No paths found.

======================= Slowest Corner ===================================

No paths found.

======================= Typical Corner ===================================

No paths found.


===========================================================================
 report_check_types -max_slew -max_cap -max_fanout -violators
============================================================================
======================= Fastest Corner ===================================


======================= Slowest Corner ===================================

max slew

Pin                                    Limit    Slew   Slack
------------------------------------------------------------
_1638_/Y                                0.75    0.92   -0.17 (VIOLATED)
wire7/A                                 0.75    0.92   -0.17 (VIOLATED)
_1311_/Y                                0.75    0.81   -0.06 (VIOLATED)
max_cap3/A                              0.75    0.81   -0.06 (VIOLATED)
wire15/A                                0.75    0.81   -0.06 (VIOLATED)
_1517_/D                                0.75    0.80   -0.05 (VIOLATED)
_1550_/A1                               0.75    0.80   -0.05 (VIOLATED)
_1737_/A1                               0.75    0.80   -0.05 (VIOLATED)
_1595_/B                                0.75    0.80   -0.05 (VIOLATED)
_1516_/Y                                0.75    0.80   -0.05 (VIOLATED)
_1410_/B1                               0.75    0.76   -0.01 (VIOLATED)
_1768_/A1                               0.75    0.76   -0.01 (VIOLATED)
_1534_/A1                               0.75    0.76   -0.01 (VIOLATED)
_1556_/A1                               0.75    0.76   -0.01 (VIOLATED)
_1677_/A1                               0.75    0.76   -0.01 (VIOLATED)
_1408_/Y                                0.75    0.76   -0.01 (VIOLATED)
_1274_/Y                                0.75    0.76   -0.01 (VIOLATED)
_1576_/A2                               0.75    0.76   -0.01 (VIOLATED)
_1679_/B                                0.75    0.76   -0.01 (VIOLATED)
wire10/A                                0.75    0.76   -0.01 (VIOLATED)
_1269_/Y                                0.75    0.76   -0.01 (VIOLATED)
wire11/A                                0.75    0.76   -0.01 (VIOLATED)


======================= Typical Corner ===================================



===========================================================================
report_parasitic_annotation -report_unannotated
============================================================================
Found 24 unannotated drivers.
 cam_data_i[0]
 cam_data_i[1]
 cam_data_i[2]
 cam_data_i[3]
 cam_data_i[4]
 cam_data_i[5]
 cam_data_i[6]
 cam_data_i[7]
 href_i
 pclk_i
 vsync_i
 fpga_sobel_top_32/HI
 fpga_sobel_top_33/HI
 fpga_sobel_top_34/HI
 fpga_sobel_top_35/HI
 fpga_sobel_top_36/HI
 fpga_sobel_top_37/HI
 fpga_sobel_top_38/HI
 fpga_sobel_top_39/HI
 fpga_sobel_top_40/HI
 fpga_sobel_top_41/HI
 fpga_sobel_top_42/HI
 fpga_sobel_top_43/HI
 fpga_sobel_top_44/LO
Found 0 partially unannotated drivers.

===========================================================================
max slew violation count 22
max fanout violation count 0
max cap violation count 0
============================================================================

===========================================================================
check_setup -verbose -unconstrained_endpoints -multiple_clock -no_clock -no_input_delay -loops -generated_clocks
===========================================================================
Warning: There are 105 unclocked register/latch pins.
  _1792_/CLK
  _1793_/CLK
  _1794_/CLK
  _1795_/CLK
  _1796_/CLK
  _1797_/CLK
  _1798_/CLK
  _1799_/CLK
  _1800_/CLK
  _1801_/CLK
  _1802_/CLK
  _1803_/CLK
  _1804_/CLK
  _1805_/CLK
  _1806_/CLK
  _1807_/CLK
  _1808_/CLK
  _1809_/CLK
  _1810_/CLK
  _1811_/CLK
  _1812_/CLK
  _1813_/CLK
  _1814_/CLK
  _1815_/CLK
  _1816_/CLK
  _1817_/CLK
  _1818_/CLK
  _1819_/CLK
  _1820_/CLK
  _1821_/CLK
  _1822_/CLK
  _1823_/CLK
  _1824_/CLK
  _1825_/CLK
  _1826_/CLK
  _1827_/CLK
  _1828_/CLK
  _1829_/CLK
  _1830_/CLK
  _1831_/CLK
  _1832_/CLK
  _1833_/CLK
  _1834_/CLK
  _1835_/CLK
  _1836_/CLK
  _1837_/CLK
  _1838_/CLK
  _1839_/CLK
  _1840_/CLK
  _1841_/CLK
  _1842_/CLK
  _1843_/CLK
  _1844_/CLK
  _1845_/CLK
  _1846_/CLK
  _1847_/CLK
  _1848_/CLK
  _1849_/CLK
  _1850_/CLK
  _1851_/CLK
  _1852_/CLK
  _1853_/CLK
  _1854_/CLK
  _1855_/CLK
  _1856_/CLK
  _1857_/CLK
  _1858_/CLK
  _1859_/CLK
  _1860_/CLK
  _1861_/CLK
  _1862_/CLK
  _1863_/CLK
  _1864_/CLK
  _1865_/CLK
  _1866_/CLK
  _1867_/CLK
  _1868_/CLK
  _1869_/CLK
  _1870_/CLK
  _1871_/CLK
  _1872_/CLK
  _1873_/CLK
  _1874_/CLK
  _1875_/CLK
  _1876_/CLK
  _1877_/CLK
  _1878_/CLK
  _1879_/CLK
  _1880_/CLK
  _1881_/CLK
  _1882_/CLK
  _1883_/CLK
  _1884_/CLK
  _1885_/CLK
  _1886_/CLK
  _1887_/CLK
  _1888_/CLK
  _1889_/CLK
  _1890_/CLK
  _1891_/CLK
  _1892_/CLK
  _1893_/CLK
  _1894_/CLK
  _1895_/CLK
  _1896_/CLK
Warning: There are 122 unconstrained endpoints.
  cam_rst_o
  sio_c_o
  sio_d_io
  vga_blue[0]
  vga_blue[1]
  vga_blue[2]
  vga_blue[3]
  vga_green[0]
  vga_green[1]
  vga_green[2]
  vga_green[3]
  vga_red[0]
  vga_red[1]
  vga_red[2]
  vga_red[3]
  vga_xvalid
  vga_yvalid
  _1792_/D
  _1793_/D
  _1794_/D
  _1795_/D
  _1796_/D
  _1797_/D
  _1798_/D
  _1799_/D
  _1800_/D
  _1801_/D
  _1802_/D
  _1803_/D
  _1804_/D
  _1805_/D
  _1806_/D
  _1807_/D
  _1808_/D
  _1809_/D
  _1810_/D
  _1811_/D
  _1812_/D
  _1813_/D
  _1814_/D
  _1815_/D
  _1816_/D
  _1817_/D
  _1818_/D
  _1819_/D
  _1820_/D
  _1821_/D
  _1822_/D
  _1823_/D
  _1824_/D
  _1825_/D
  _1826_/D
  _1827_/D
  _1828_/D
  _1829_/D
  _1830_/D
  _1831_/D
  _1832_/D
  _1833_/D
  _1834_/D
  _1835_/D
  _1836_/D
  _1837_/D
  _1838_/D
  _1839_/D
  _1840_/D
  _1841_/D
  _1842_/D
  _1843_/D
  _1844_/D
  _1845_/D
  _1846_/D
  _1847_/D
  _1848_/D
  _1849_/D
  _1850_/D
  _1851_/D
  _1852_/D
  _1853_/D
  _1854_/D
  _1855_/D
  _1856_/D
  _1857_/D
  _1858_/D
  _1859_/D
  _1860_/D
  _1861_/D
  _1862_/D
  _1863_/D
  _1864_/D
  _1865_/D
  _1866_/D
  _1867_/D
  _1868_/D
  _1869_/D
  _1870_/D
  _1871_/D
  _1872_/D
  _1873_/D
  _1874_/D
  _1875_/D
  _1876_/D
  _1877_/D
  _1878_/D
  _1879_/D
  _1880_/D
  _1881_/D
  _1882_/D
  _1883_/D
  _1884_/D
  _1885_/D
  _1886_/D
  _1887_/D
  _1888_/D
  _1889_/D
  _1890_/D
  _1891_/D
  _1892_/D
  _1893_/D
  _1894_/D
  _1895_/D
  _1896_/D
checks_report_end
power_report

===========================================================================
 report_power
============================================================================
======================= Fastest Corner ===================================

Group                  Internal  Switching    Leakage      Total
                          Power      Power      Power      Power (Watts)
----------------------------------------------------------------
Sequential             8.24e-05   6.53e-05   1.53e-09   1.48e-04  81.1%
Combinational          1.35e-05   2.10e-05   7.73e-09   3.45e-05  18.9%
Macro                  0.00e+00   0.00e+00   0.00e+00   0.00e+00   0.0%
Pad                    0.00e+00   0.00e+00   0.00e+00   0.00e+00   0.0%
----------------------------------------------------------------
Total                  9.59e-05   8.63e-05   9.26e-09   1.82e-04 100.0%
                          52.6%      47.4%       0.0%

======================= Slowest Corner ===================================

Group                  Internal  Switching    Leakage      Total
                          Power      Power      Power      Power (Watts)
----------------------------------------------------------------
Sequential             5.85e-05   4.24e-05   1.54e-06   1.02e-04  78.9%
Combinational          1.01e-05   1.35e-05   3.73e-06   2.74e-05  21.1%
Macro                  0.00e+00   0.00e+00   0.00e+00   0.00e+00   0.0%
Pad                    0.00e+00   0.00e+00   0.00e+00   0.00e+00   0.0%
----------------------------------------------------------------
Total                  6.86e-05   5.59e-05   5.27e-06   1.30e-04 100.0%
                          52.9%      43.1%       4.1%

======================= Typical Corner ===================================

Group                  Internal  Switching    Leakage      Total
                          Power      Power      Power      Power (Watts)
----------------------------------------------------------------
Sequential             7.24e-05   5.45e-05   8.86e-10   1.27e-04  81.0%
Combinational          1.23e-05   1.76e-05   5.50e-09   2.98e-05  19.0%
Macro                  0.00e+00   0.00e+00   0.00e+00   0.00e+00   0.0%
Pad                    0.00e+00   0.00e+00   0.00e+00   0.00e+00   0.0%
----------------------------------------------------------------
Total                  8.47e-05   7.21e-05   6.38e-09   1.57e-04 100.0%
                          54.0%      46.0%       0.0%

power_report_end
skew_report

===========================================================================
report_clock_skew
============================================================================
Clock clk
No launch/capture paths found.

skew_report_end
summary_report

===========================================================================
report_tns
============================================================================
tns 0.00

===========================================================================
report_wns
============================================================================
wns 0.00

===========================================================================
report_worst_slack -max (Setup)
============================================================================
worst slack 3.88

===========================================================================
report_worst_slack -min (Hold)
============================================================================
worst slack 4.28
summary_report_end
[WARNING] Did not save OpenROAD database!
Writing SDF files for all corners…
Writing SDF for the Fastest corner to /openlane/designs/image_proc/runs/second_run/results/routing/mca/process_corner_min/fpga_sobel_top.Fastest.sdf…
Writing SDF for the Slowest corner to /openlane/designs/image_proc/runs/second_run/results/routing/mca/process_corner_min/fpga_sobel_top.Slowest.sdf…
Writing SDF for the Typical corner to /openlane/designs/image_proc/runs/second_run/results/routing/mca/process_corner_min/fpga_sobel_top.Typical.sdf…
Writing timing models for all corners…
Writing timing models for the Fastest corner to /openlane/designs/image_proc/runs/second_run/results/routing/mca/process_corner_min/fpga_sobel_top.Fastest.lib…
Writing timing models for the Slowest corner to /openlane/designs/image_proc/runs/second_run/results/routing/mca/process_corner_min/fpga_sobel_top.Slowest.lib…
Writing timing models for the Typical corner to /openlane/designs/image_proc/runs/second_run/results/routing/mca/process_corner_min/fpga_sobel_top.Typical.lib…
