OpenROAD 41a51eaf4ca2171c92ff38afb91eb37bbd3f36da 
This program is licensed under the BSD-3 license. See the LICENSE file for details.
Components of this program may be licensed under more restrictive licenses which must be honored.
[INFO ODB-0222] Reading LEF file: /openlane/designs/image_proc/runs/second_run/tmp/merged.max.lef
[INFO ODB-0223]     Created 14 technology layers
[INFO ODB-0224]     Created 25 technology vias
[INFO ODB-0225]     Created 441 library cells
[INFO ODB-0226] Finished LEF file:  /openlane/designs/image_proc/runs/second_run/tmp/merged.max.lef
[INFO ODB-0127] Reading DEF file: /openlane/designs/image_proc/runs/second_run/results/routing/fpga_sobel_top.def
[INFO ODB-0128] Design: fpga_sobel_top
[INFO ODB-0130]     Created 33 pins.
[INFO ODB-0131]     Created 3269 components and 16324 component-terminals.
[INFO ODB-0132]     Created 2 special nets and 12438 connections.
[INFO ODB-0133]     Created 1065 nets and 3873 connections.
[INFO ODB-0134] Finished DEF file: /openlane/designs/image_proc/runs/second_run/results/routing/fpga_sobel_top.def
define_corners Typical
read_liberty -corner Typical /root/.ciel/sky130A/libs.ref/sky130_fd_sc_hd/lib/sky130_fd_sc_hd__tt_025C_1v80.lib
Using 1e-12 for capacitance...
Using 1e+03 for resistance...
Using 1e-09 for time...
Using 1e+00 for voltage...
Using 1e-03 for current...
Using 1e-09 for power...
Using 1e-06 for distance...
Using RCX ruleset '/root/.ciel/sky130A/libs.tech/openlane/rules.openrcx.sky130A.max.calibre'...
[INFO RCX-0431] Defined process_corner X with ext_model_index 0
[INFO RCX-0029] Defined extraction corner X
[INFO RCX-0008] extracting parasitics of fpga_sobel_top ...
[INFO RCX-0435] Reading extraction model file /root/.ciel/sky130A/libs.tech/openlane/rules.openrcx.sky130A.max.calibre ...
[INFO RCX-0436] RC segment generation fpga_sobel_top (max_merge_res 50.0) ...
[INFO RCX-0040] Final 6319 rc segments
[INFO RCX-0439] Coupling Cap extraction fpga_sobel_top ...
[INFO RCX-0440] Coupling threshhold is 0.1000 fF, coupling capacitance less than 0.1000 fF will be grounded.
[INFO RCX-0043] 10657 wires to be extracted
[INFO RCX-0442] 51% completion -- 5470 wires have been extracted
[INFO RCX-0442] 100% completion -- 10657 wires have been extracted
[INFO RCX-0045] Extract 1065 nets, 7373 rsegs, 7373 caps, 11785 ccs
[INFO RCX-0015] Finished extracting fpga_sobel_top.
Writing result to /openlane/designs/image_proc/runs/second_run/results/routing/mca/process_corner_max/fpga_sobel_top.spef...
Setting global connections for newly added cells…
[WARNING] Did not save OpenROAD database!
Writing extracted parasitics to '/openlane/designs/image_proc/runs/second_run/results/routing/mca/process_corner_max/fpga_sobel_top.spef'…
[INFO RCX-0016] Writing SPEF ...
[INFO RCX-0443] 1065 nets finished
[INFO RCX-0017] Finished writing SPEF ...
