
===========================================================================
report_checks -path_delay min (Hold)
============================================================================
======================= Fastest Corner ===================================

Startpoint: sys_clk_i (input port clocked by clk)
Endpoint: xvclk_o (output port clocked by clk)
Path Group: clk
Path Type: min
Corner: Fastest

Fanout     Cap    Slew   Delay    Time   Description
-----------------------------------------------------------------------------
                  0.00    0.00    0.00   clock clk (rise edge)
                          0.00    0.00   clock network delay (ideal)
                          2.00    2.00 v input external delay
                  0.00    0.00    2.00 v sys_clk_i (in)
     1    0.00                           sys_clk_i (net)
                  0.00    0.00    2.00 v input1/A (sky130_fd_sc_hd__buf_2)
                  0.08    0.12    2.12 v input1/X (sky130_fd_sc_hd__buf_2)
     4    0.05                           net1 (net)
                  0.08    0.00    2.12 v fanout26/A (sky130_fd_sc_hd__buf_1)
                  0.06    0.11    2.23 v fanout26/X (sky130_fd_sc_hd__buf_1)
     5    0.02                           net26 (net)
                  0.06    0.00    2.23 v fanout25/A (sky130_fd_sc_hd__clkbuf_2)
                  0.07    0.12    2.35 v fanout25/X (sky130_fd_sc_hd__clkbuf_2)
     7    0.03                           net25 (net)
                  0.07    0.00    2.35 v _1910_/A (sky130_fd_sc_hd__clkbuf_1)
                  0.02    0.07    2.42 v _1910_/X (sky130_fd_sc_hd__clkbuf_1)
     1    0.00                           net6 (net)
                  0.02    0.00    2.42 v output6/A (sky130_fd_sc_hd__clkbuf_4)
                  0.06    0.11    2.53 v output6/X (sky130_fd_sc_hd__clkbuf_4)
     1    0.03                           xvclk_o (net)
                  0.06    0.00    2.53 v xvclk_o (out)
                                  2.53   data arrival time

                  0.00    0.00    0.00   clock clk (rise edge)
                          0.00    0.00   clock network delay (ideal)
                          0.25    0.25   clock uncertainty
                          0.00    0.25   clock reconvergence pessimism
                         -2.00   -1.75   output external delay
                                 -1.75   data required time
-----------------------------------------------------------------------------
                                 -1.75   data required time
                                 -2.53   data arrival time
-----------------------------------------------------------------------------
                                  4.28   slack (MET)



======================= Slowest Corner ===================================

Startpoint: sys_clk_i (input port clocked by clk)
Endpoint: xvclk_o (output port clocked by clk)
Path Group: clk
Path Type: min
Corner: Slowest

Fanout     Cap    Slew   Delay    Time   Description
-----------------------------------------------------------------------------
                  0.00    0.00    0.00   clock clk (rise edge)
                          0.00    0.00   clock network delay (ideal)
                          2.00    2.00 v input external delay
                  0.02    0.01    2.01 v sys_clk_i (in)
     1    0.00                           sys_clk_i (net)
                  0.02    0.00    2.01 v input1/A (sky130_fd_sc_hd__buf_2)
                  0.21    0.34    2.35 v input1/X (sky130_fd_sc_hd__buf_2)
     4    0.05                           net1 (net)
                  0.21    0.00    2.35 v fanout26/A (sky130_fd_sc_hd__buf_1)
                  0.18    0.31    2.66 v fanout26/X (sky130_fd_sc_hd__buf_1)
     5    0.01                           net26 (net)
                  0.18    0.00    2.66 v fanout25/A (sky130_fd_sc_hd__clkbuf_2)
                  0.19    0.33    2.99 v fanout25/X (sky130_fd_sc_hd__clkbuf_2)
     7    0.03                           net25 (net)
                  0.19    0.00    2.99 v _1910_/A (sky130_fd_sc_hd__clkbuf_1)
                  0.05    0.20    3.19 v _1910_/X (sky130_fd_sc_hd__clkbuf_1)
     1    0.00                           net6 (net)
                  0.05    0.00    3.19 v output6/A (sky130_fd_sc_hd__clkbuf_4)
                  0.14    0.30    3.49 v output6/X (sky130_fd_sc_hd__clkbuf_4)
     1    0.03                           xvclk_o (net)
                  0.14    0.00    3.49 v xvclk_o (out)
                                  3.49   data arrival time

                  0.00    0.00    0.00   clock clk (rise edge)
                          0.00    0.00   clock network delay (ideal)
                          0.25    0.25   clock uncertainty
                          0.00    0.25   clock reconvergence pessimism
                         -2.00   -1.75   output external delay
                                 -1.75   data required time
-----------------------------------------------------------------------------
                                 -1.75   data required time
                                 -3.49   data arrival time
-----------------------------------------------------------------------------
                                  5.24   slack (MET)



======================= Typical Corner ===================================

Startpoint: sys_clk_i (input port clocked by clk)
Endpoint: xvclk_o (output port clocked by clk)
Path Group: clk
Path Type: min
Corner: Typical

Fanout     Cap    Slew   Delay    Time   Description
-----------------------------------------------------------------------------
                  0.00    0.00    0.00   clock clk (rise edge)
                          0.00    0.00   clock network delay (ideal)
                          2.00    2.00 v input external delay
                  0.01    0.00    2.00 v sys_clk_i (in)
     1    0.00                           sys_clk_i (net)
                  0.01    0.00    2.00 v input1/A (sky130_fd_sc_hd__buf_2)
                  0.11    0.18    2.18 v input1/X (sky130_fd_sc_hd__buf_2)
     4    0.05                           net1 (net)
                  0.11    0.00    2.18 v fanout26/A (sky130_fd_sc_hd__buf_1)
                  0.09    0.16    2.34 v fanout26/X (sky130_fd_sc_hd__buf_1)
     5    0.02                           net26 (net)
                  0.09    0.00    2.34 v fanout25/A (sky130_fd_sc_hd__clkbuf_2)
                  0.10    0.18    2.52 v fanout25/X (sky130_fd_sc_hd__clkbuf_2)
     7    0.03                           net25 (net)
                  0.10    0.00    2.52 v _1910_/A (sky130_fd_sc_hd__clkbuf_1)
                  0.02    0.11    2.63 v _1910_/X (sky130_fd_sc_hd__clkbuf_1)
     1    0.00                           net6 (net)
                  0.02    0.00    2.63 v output6/A (sky130_fd_sc_hd__clkbuf_4)
                  0.08    0.16    2.79 v output6/X (sky130_fd_sc_hd__clkbuf_4)
     1    0.03                           xvclk_o (net)
                  0.08    0.00    2.79 v xvclk_o (out)
                                  2.79   data arrival time

                  0.00    0.00    0.00   clock clk (rise edge)
                          0.00    0.00   clock network delay (ideal)
                          0.25    0.25   clock uncertainty
                          0.00    0.25   clock reconvergence pessimism
                         -2.00   -1.75   output external delay
                                 -1.75   data required time
-----------------------------------------------------------------------------
                                 -1.75   data required time
                                 -2.79   data arrival time
-----------------------------------------------------------------------------
                                  4.54   slack (MET)



