
===========================================================================
 report_power
============================================================================
======================= Fastest Corner ===================================

Group                  Internal  Switching    Leakage      Total
                          Power      Power      Power      Power (Watts)
----------------------------------------------------------------
Sequential             8.24e-05   6.53e-05   1.53e-09   1.48e-04  81.1%
Combinational          1.35e-05   2.10e-05   7.73e-09   3.45e-05  18.9%
Macro                  0.00e+00   0.00e+00   0.00e+00   0.00e+00   0.0%
Pad                    0.00e+00   0.00e+00   0.00e+00   0.00e+00   0.0%
----------------------------------------------------------------
Total                  9.59e-05   8.63e-05   9.26e-09   1.82e-04 100.0%
                          52.6%      47.4%       0.0%

======================= Slowest Corner ===================================

Group                  Internal  Switching    Leakage      Total
                          Power      Power      Power      Power (Watts)
----------------------------------------------------------------
Sequential             5.85e-05   4.24e-05   1.54e-06   1.02e-04  78.9%
Combinational          1.01e-05   1.35e-05   3.73e-06   2.74e-05  21.1%
Macro                  0.00e+00   0.00e+00   0.00e+00   0.00e+00   0.0%
Pad                    0.00e+00   0.00e+00   0.00e+00   0.00e+00   0.0%
----------------------------------------------------------------
Total                  6.86e-05   5.59e-05   5.27e-06   1.30e-04 100.0%
                          52.9%      43.1%       4.1%

======================= Typical Corner ===================================

Group                  Internal  Switching    Leakage      Total
                          Power      Power      Power      Power (Watts)
----------------------------------------------------------------
Sequential             7.24e-05   5.45e-05   8.86e-10   1.27e-04  81.0%
Combinational          1.23e-05   1.76e-05   5.50e-09   2.98e-05  19.0%
Macro                  0.00e+00   0.00e+00   0.00e+00   0.00e+00   0.0%
Pad                    0.00e+00   0.00e+00   0.00e+00   0.00e+00   0.0%
----------------------------------------------------------------
Total                  8.47e-05   7.21e-05   6.38e-09   1.57e-04 100.0%
                          54.0%      46.0%       0.0%

