
===========================================================================
report_checks -path_delay max (Setup)
============================================================================
======================= Fastest Corner ===================================

Startpoint: sys_clk_i (input port clocked by clk)
Endpoint: xvclk_o (output port clocked by clk)
Path Group: clk
Path Type: max
Corner: Fastest

Fanout     Cap    Slew   Delay    Time   Description
-----------------------------------------------------------------------------
                  0.00    0.00    0.00   clock clk (rise edge)
                          0.00    0.00   clock network delay (ideal)
                          2.00    2.00 ^ input external delay
                  0.01    0.01    2.01 ^ sys_clk_i (in)
     1    0.00                           sys_clk_i (net)
                  0.01    0.00    2.01 ^ input1/A (sky130_fd_sc_hd__buf_2)
                  0.17    0.17    2.18 ^ input1/X (sky130_fd_sc_hd__buf_2)
     4    0.05                           net1 (net)
                  0.17    0.00    2.18 ^ fanout26/A (sky130_fd_sc_hd__buf_1)
                  0.15    0.15    2.33 ^ fanout26/X (sky130_fd_sc_hd__buf_1)
     5    0.02                           net26 (net)
                  0.15    0.00    2.33 ^ fanout25/A (sky130_fd_sc_hd__clkbuf_2)
                  0.12    0.16    2.49 ^ fanout25/X (sky130_fd_sc_hd__clkbuf_2)
     7    0.03                           net25 (net)
                  0.12    0.00    2.49 ^ _1910_/A (sky130_fd_sc_hd__clkbuf_1)
                  0.03    0.06    2.55 ^ _1910_/X (sky130_fd_sc_hd__clkbuf_1)
     1    0.00                           net6 (net)
                  0.03    0.00    2.55 ^ output6/A (sky130_fd_sc_hd__clkbuf_4)
                  0.08    0.13    2.68 ^ output6/X (sky130_fd_sc_hd__clkbuf_4)
     1    0.03                           xvclk_o (net)
                  0.08    0.00    2.68 ^ xvclk_o (out)
                                  2.68   data arrival time

                  0.00   10.00   10.00   clock clk (rise edge)
                          0.00   10.00   clock network delay (ideal)
                         -0.25    9.75   clock uncertainty
                          0.00    9.75   clock reconvergence pessimism
                         -2.00    7.75   output external delay
                                  7.75   data required time
-----------------------------------------------------------------------------
                                  7.75   data required time
                                 -2.68   data arrival time
-----------------------------------------------------------------------------
                                  5.07   slack (MET)



======================= Slowest Corner ===================================

Startpoint: sys_clk_i (input port clocked by clk)
Endpoint: xvclk_o (output port clocked by clk)
Path Group: clk
Path Type: max
Corner: Slowest

Fanout     Cap    Slew   Delay    Time   Description
-----------------------------------------------------------------------------
                  0.00    0.00    0.00   clock clk (rise edge)
                          0.00    0.00   clock network delay (ideal)
                          2.00    2.00 ^ input external delay
                  0.03    0.02    2.02 ^ sys_clk_i (in)
     1    0.00                           sys_clk_i (net)
                  0.03    0.00    2.02 ^ input1/A (sky130_fd_sc_hd__buf_2)
                  0.37    0.41    2.43 ^ input1/X (sky130_fd_sc_hd__buf_2)
     4    0.05                           net1 (net)
                  0.37    0.00    2.43 ^ fanout26/A (sky130_fd_sc_hd__buf_1)
                  0.30    0.44    2.87 ^ fanout26/X (sky130_fd_sc_hd__buf_1)
     5    0.02                           net26 (net)
                  0.30    0.00    2.87 ^ fanout25/A (sky130_fd_sc_hd__clkbuf_2)
                  0.23    0.43    3.30 ^ fanout25/X (sky130_fd_sc_hd__clkbuf_2)
     7    0.03                           net25 (net)
                  0.23    0.00    3.30 ^ _1910_/A (sky130_fd_sc_hd__clkbuf_1)
                  0.07    0.22    3.52 ^ _1910_/X (sky130_fd_sc_hd__clkbuf_1)
     1    0.00                           net6 (net)
                  0.07    0.00    3.52 ^ output6/A (sky130_fd_sc_hd__clkbuf_4)
                  0.18    0.34    3.87 ^ output6/X (sky130_fd_sc_hd__clkbuf_4)
     1    0.03                           xvclk_o (net)
                  0.18    0.00    3.87 ^ xvclk_o (out)
                                  3.87   data arrival time

                  0.00   10.00   10.00   clock clk (rise edge)
                          0.00   10.00   clock network delay (ideal)
                         -0.25    9.75   clock uncertainty
                          0.00    9.75   clock reconvergence pessimism
                         -2.00    7.75   output external delay
                                  7.75   data required time
-----------------------------------------------------------------------------
                                  7.75   data required time
                                 -3.87   data arrival time
-----------------------------------------------------------------------------
                                  3.88   slack (MET)



======================= Typical Corner ===================================

Startpoint: sys_clk_i (input port clocked by clk)
Endpoint: xvclk_o (output port clocked by clk)
Path Group: clk
Path Type: max
Corner: Typical

Fanout     Cap    Slew   Delay    Time   Description
-----------------------------------------------------------------------------
                  0.00    0.00    0.00   clock clk (rise edge)
                          0.00    0.00   clock network delay (ideal)
                          2.00    2.00 ^ input external delay
                  0.02    0.01    2.01 ^ sys_clk_i (in)
     1    0.00                           sys_clk_i (net)
                  0.02    0.00    2.01 ^ input1/A (sky130_fd_sc_hd__buf_2)
                  0.23    0.24    2.25 ^ input1/X (sky130_fd_sc_hd__buf_2)
     4    0.05                           net1 (net)
                  0.23    0.00    2.25 ^ fanout26/A (sky130_fd_sc_hd__buf_1)
                  0.19    0.23    2.49 ^ fanout26/X (sky130_fd_sc_hd__buf_1)
     5    0.02                           net26 (net)
                  0.19    0.00    2.49 ^ fanout25/A (sky130_fd_sc_hd__clkbuf_2)
                  0.15    0.24    2.73 ^ fanout25/X (sky130_fd_sc_hd__clkbuf_2)
     7    0.03                           net25 (net)
                  0.15    0.00    2.73 ^ _1910_/A (sky130_fd_sc_hd__clkbuf_1)
                  0.04    0.11    2.84 ^ _1910_/X (sky130_fd_sc_hd__clkbuf_1)
     1    0.00                           net6 (net)
                  0.04    0.00    2.84 ^ output6/A (sky130_fd_sc_hd__clkbuf_4)
                  0.11    0.19    3.03 ^ output6/X (sky130_fd_sc_hd__clkbuf_4)
     1    0.03                           xvclk_o (net)
                  0.11    0.00    3.03 ^ xvclk_o (out)
                                  3.03   data arrival time

                  0.00   10.00   10.00   clock clk (rise edge)
                          0.00   10.00   clock network delay (ideal)
                         -0.25    9.75   clock uncertainty
                          0.00    9.75   clock reconvergence pessimism
                         -2.00    7.75   output external delay
                                  7.75   data required time
-----------------------------------------------------------------------------
                                  7.75   data required time
                                 -3.03   data arrival time
-----------------------------------------------------------------------------
                                  4.72   slack (MET)



